07-16 20:58:31.392  5775  5775 I InputMethodWrapper:  call dispatchStartInputWithToken
07-16 20:58:31.392  5775  5775 I InputMethodService: dispatchStartInputWithToken
07-16 20:58:31.393  5775  5775 I SKBD    : SamsungKeypad [IMI] onStartInput - caller pid : 5784, caller uid : 10006
07-16 20:58:31.393  5775  5775 I SKBD    : SamsungKeypad  CACHEDIC onStartInput  isCachedICEnabled:  false
07-16 20:58:31.393  5775  5775 I SKBD    : atl getDefaultInputRange : UNKNOWN
07-16 20:58:31.393  5775  5775 I SKBD    : awo resetBinderManager()
07-16 20:58:31.393  5775  5775 I SKBD_SYNC: SamsungKeypad onStartInput: import DLM
07-16 20:58:31.393  5775  5775 I SKBD    : atl setPrivateImeOptionsToTable privateImeOptions ( null )
07-16 20:58:31.393  5775  5775 I SKBD    : atl imeOptions is null
07-16 20:58:31.393  5775  5775 I SKBD    : SamsungKeypad [PF_OP][onStartInput] 596577
07-16 20:58:31.394  5148  6655 V WindowManager: Relayout Window{940e47b u0 com.samsung.android.service.peoplestripe/com.samsung.android.service.peoplestripe.PeopleStripeService}: viewVisibility=8 req=39x2220 WM.LayoutParams{(0,0)(39xfill) gr=#5 sim=#20 ty=2226 fl=#1800328 fmt=-3 vsysui=0x2000 colorMode=0 naviIconColor=0}
07-16 20:58:31.397  7012  7212 E ContactsProvider_EventLog: Flush buffer to file cnt : 1 size : 0Kb duration : 1ms lastUpdatedAfter : 12949 ms mFlush_time_threasold : 2000 mCurrentSize : 219
07-16 20:58:31.398 14994 14994 D ViewRootImpl@786e03b[PeopleStripeService]: Relayout returned: old=[1080,0][1080,2220] new=[1080,0][1080,2220] result=0x1 surface={valid=false 0} changed=false
07-16 20:58:31.398 14994 14994 D AbstractProxyReflection: Equals method 
07-16 20:58:31.399  5148  6655 V SystemKeyManager: requestSystemKeyEvent() is called keyCode = 3 componentName = ComponentInfo{com.samsung.android.service.peoplestripe/com.samsung.android.service.peoplestripe.PeopleStripeService} request = false
07-16 20:58:31.401  5148  5425 I CocktailPolicyManager: findMatchedPolicy: find policy = 1
07-16 20:58:31.401  8571  8571 I CocktailBarUiController: onUpdateCocktail: 14
07-16 20:58:31.402  8571  8571 I CocktailBarPanelManager: updatePanelItem: updateContainedPanel - 14
07-16 20:58:31.403  8571  8571 D PanelDescriptionView: updateHelpView: Apps edge2130968577 --> 2130968577 helpview reapplied0
07-16 20:58:31.404  6077 18931 D ForegroundUtils: could not check pending caller
07-16 20:58:31.406  5148  6707 V WindowManager: Relayout Window{940e47b u0 com.samsung.android.service.peoplestripe/com.samsung.android.service.peoplestripe.PeopleStripeService}: viewVisibility=8 req=39x2220 WM.LayoutParams{(0,0)(39xfill) gr=#5 sim=#20 ty=2226 fl=#1800328 fmt=-3 vsysui=0x2000 colorMode=0 naviIconColor=0}
07-16 20:58:31.406  8571  8571 D CocktailBarUiController: postUpdatePanel: 1
07-16 20:58:31.409 14994 14994 D ViewRootImpl@786e03b[PeopleStripeService]: Relayout returned: old=[1080,0][1080,2220] new=[1080,0][1080,2220] result=0x1 surface={valid=false 0} changed=false
07-16 20:58:31.410  5148  6655 V WindowManager: Relayout Window{f0ba6fb u0 com.android.systemui/com.android.systemui.recents.RecentsActivity}: viewVisibility=0 req=1080x2220 WM.LayoutParams{(0,0)(fillxfill) sim=#120 ty=1 fl=#89910500 pfl=0x24040 fmt=-3 vsysui=0x700 needsMenuKey=2 colorMode=0 naviIconColor=0}
07-16 20:58:31.413  5784  5784 D ViewRootImpl@61dc0ac[RecentsActivity]: Relayout returned: old=[0,0][1080,2220] new=[0,0][1080,2220] result=0x3 surface={valid=true 500064997376} changed=false
07-16 20:58:31.415  5784  6233 D OpenGLRenderer: eglDestroySurface = 0x74867f35f0
07-16 20:58:31.415  5784  6233 D mali_winsys: EGLint new_window_surface(egl_winsys_display *, void *, EGLSurface, EGLConfig, egl_winsys_surface **, egl_color_buffer_format *, EGLBoolean) returns 0x3000,  [1080x2220]-format:1
07-16 20:58:31.415  5784  6233 D OpenGLRenderer: eglCreateWindowSurface = 0x74867f35f0
07-16 20:58:31.423  5148  5425 V WindowManager: finishDrawingLocked: mDrawState=COMMIT_DRAW_PENDING Window{f0ba6fb u0 com.android.systemui/com.android.systemui.recents.RecentsActivity} in Surface(name=com.android.systemui/com.android.systemui.recents.RecentsActivity)
07-16 20:58:31.436  6105  9948 D TP/MmsSmsProvider: query, match:4000, calling pid = 14994, accessRestricted = true
07-16 20:58:31.437  6105  9948 D TP/MmsSmsProvider: query, match 4000:Elapsed time : 0.782 ms
07-16 20:58:31.439  6814  6814 I Launcher: onWindowVisibilityChanged : false
07-16 20:58:31.440  5148  5184 D WindowManager: set systemUiVisibility : systemUiFlags= 0x80008708 fullscreenStackSysUiFlags= 0x0
07-16 20:58:31.442  5958  5958 D WallpaperService: updateSurface forceRelayout=true redrawNeeded=false myWidth=-1 myHeight=-1 fixedSize=false x = 0 y = 0 mWidth=-1 mHeight=-1 mIsSleepMode=false
07-16 20:58:31.443  5148  6707 V WindowManager: Relayout Window{2b881d8 u0 com.sec.android.app.launcher/com.sec.android.app.launcher.activities.LauncherActivity EXITING}: viewVisibility=8 req=1080x2220 WM.LayoutParams{(0,0)(fillxfill) sim=#130 ty=1 fl=#81910d00 pfl=0x20000 fmt=-2 wanim=0x10302ea vsysui=0x700 needsMenuKey=2 colorMode=0 dimDuration=100 naviIconColor=0}
07-16 20:58:31.449  6814  6814 D ViewRootImpl@3decd18[LauncherActivity]: Relayout returned: old=[0,0][1080,2220] new=[0,0][1080,2220] result=0x1 surface={valid=false 0} changed=false
07-16 20:58:31.449  5148  5425 V WindowManager: Relayout Window{64fd77d u0 com.android.systemui.infinity.InfinityWallpaperBlack}: viewVisibility=0 req=-1x-1 WM.LayoutParams{(0,0)(fillxfill) gr=#800033 ty=2013 fl=#10318 pfl=0x4 fmt=2 wanim=0x103030e colorMode=0 naviIconColor=0 sfl=0x8}
07-16 20:58:31.456  5784  5784 I KeyguardCircleAffordanceView: mPreviewShrinker:mPreviewClipRect=RectF(0.0, 0.0, 0.0, 0.0)
07-16 20:58:31.458  5784  5784 D BarTransitions.SecNavigationBarView: MODE_TRANSPARENT -> MODE_TRANSLUCENT animate=false
07-16 20:58:31.458  5148  6707 D WindowManager: adjustSystemUiVisibilityLw : vis= 0x80008708
07-16 20:58:31.458  5784  5784 D ViewRootImpl@61dc0ac[RecentsActivity]: MSG_RESIZED: frame=Rect(0, 0 - 1080, 2220) ci=Rect(0, 0 - 0, 126) vi=Rect(0, 0 - 0, 126) or=1
07-16 20:58:31.460  3980 18718 I PBSessionCacheImpl: Deleted sessionId[17505756683937207] from persistence.
07-16 20:58:31.460  6239  6239 D KNOXCORE::LockSecureFolderTask: started: 150
07-16 20:58:31.460  6239  6239 D KNOXCORE::LockSecureFolderTask: ResumedActivity userId0[com.android.systemui/.recents.RecentsActivity]
07-16 20:58:31.466  3980  3980 W SearchServiceCore: Abort, client detached.
07-16 20:58:31.474  3324  3324 D SurfaceFlinger:   Display[0] configurations (* current):
07-16 20:58:31.474  3324  3324 D SurfaceFlinger:     * 0: 1440x2960, xdpi=515.153992, ydpi=518.510010, refresh=16666666
07-16 20:58:31.474  3324  3324 D SurfaceFlinger:   numHwLayers=6, flags=00000000
07-16 20:58:31.474  3324  3324 D SurfaceFlinger:     type   |  handle  | hint | flag | tr | blnd |   format    |     source crop (l,t,r,b)      |          frame         | name 
07-16 20:58:31.474  3324  3324 D SurfaceFlinger: -----------+----------+------+------+----+------+-------------+--------------------------------+------------------------+------
07-16 20:58:31.474  3324  3324 D SurfaceFlinger:        HWC | 77b6274600 | 0000 | 0020 | 00 | 0100 | RGBx_8888   |    0.0,    0.0, 1080.0, 2220.0 |    0,    0, 1080, 2220 | com.android.systemui.infinity.InfinityWallpaperBlack#0
07-16 20:58:31.474  3324  3324 D SurfaceFlinger:        HWC | 77b5c451c0 | 0000 | 0000 | 00 | 0105 | RGBA_8888   |    0.0,    0.0, 1080.0, 2220.0 |    0,    0, 1080, 2220 | com.sec.android.app.launcher/com.sec.android.app.launcher.activities.LauncherActivity#0
07-16 20:58:31.474  3324  3324 D SurfaceFlinger:        HWC | 77b5c475a0 | 0000 | 0000 | 00 | 0105 | RGBA_8888   |    0.0,    0.0, 1080.0, 2220.0 |    0,    0, 1080, 2220 | com.android.systemui/com.android.systemui.recents.RecentsActivity#0
07-16 20:58:31.474  3324  3324 D SurfaceFlinger:        HWC | 77b6272140 | 0000 | 0000 | 
07-16 20:58:31.474  3324  3324 D SurfaceFlinger: 00 | 0105 | RGBA_8888   |    0.0,    0.0,   67.0,  455.0 | 1013,  190, 1080,  645 | com.samsung.android.app.cocktailbarservice/com.samsung.android.app.cocktailbarservice.CocktailBarService#0
07-16 20:58:31.474  3324  3324 D SurfaceFlinger:        HWC | 77b5c46960 | 0000 | 0000 | 00 | 0105 | RGBA_8888   |    0.0,    0.0, 1080.0,  126.0 |    0, 2094, 1080, 2220 | NavigationBar#0
07-16 20:58:31.474  3324  3324 D SurfaceFlinger:  FB TARGET | 77b6270d20 | 0000 | 0000 | 00 | 0105 | RGBA_8888   |    0.0,    0.0, 1440.0, 2960.0 |    0,    0, 1440, 2960 | HWC_FRAMEBUFFER_TARGET
07-16 20:58:31.479  5784  5784 D KeyguardUpdateMonitor: handleStatusBarState( false )
07-16 20:58:31.479  5784  5784 I chatty  : uid=10006(u0_a6) com.android.systemui identical 1 line
07-16 20:58:31.489  5784  5784 D KeyguardUpdateMonitor: handleStatusBarState( false )
07-16 20:58:31.502  8571  8608 E SharedPreferencesImpl: Couldn't create directory for SharedPreferences file /data/user/0/com.samsung.android.service.peoplestripe/shared_prefs/setting.xml
07-16 20:58:31.520  5148  5499 D MdnieScenarioControlService:  packageName : com.android.systemui    className : com.android.systemui.recents.RecentsActivity
07-16 20:58:31.520  5148  5499 V MdnieScenarioControlService: setUIMode from UI function(3)
07-16 20:58:31.640  5148  5500 D AllAroundSensingService: packageName : com.android.systemui    className : com.android.systemui.recents.RecentsActivity
07-16 20:58:31.640  5148  5500 V AllAroundSensingService: setPlatformBrightnessValue 120
07-16 20:58:31.656  5148  5422 I WindowManager: Destroying surface Surface(name=com.sec.android.app.launcher/com.sec.android.app.launcher.activities.LauncherActivity) called by com.android.server.wm.WindowStateAnimator.destroySurface:2483 com.android.server.wm.WindowStateAnimator.destroySurfaceLocked:985 com.android.server.wm.WindowState.destroyOrSaveSurfaceUnchecked:3668 com.android.server.wm.WindowState.destroySurface:3616 com.android.server.wm.AppWindowToken.destroySurfaces:722 com.android.server.wm.AppWindowToken.destroySurfaces:706 com.android.server.wm.WindowState.onExitAnimationDone:5314 com.android.server.wm.AppWindowAnimator.stepAnimationLocked:508 
07-16 20:58:31.656  5148  5193 D CustomFrequencyManagerService: acquireDVFSLockLocked : type : DVFS_MIN_LIMIT  frequency : 1807000  uid : 1000  pid : 5148  pkgName : AMS_RESUME_TAIL@CPU_MIN@21
07-16 20:58:31.656  5148  5193 D ActivityManagerPerformance: AMP_acquire() TAIL
07-16 20:58:31.656  5148  5193 D CustomFrequencyManagerService: releaseDVFSLockLocked : Getting Lock type frm List : DVFS_MIN_LIMIT  frequency : 1937000  uid : 1000  pid : 5148  tag : AMS_ACT_START@CPU_MIN@15
07-16 20:58:31.656  3324  3440 I SurfaceFlinger: id=1763 Removed com.sec.android.app.launcher/com.sec.android.app.launcher.activities.LauncherActivity#0 (1/9)
07-16 20:58:31.657  5148  5193 D ActivityManagerPerformance: AMP_release() ACT_START
07-16 20:58:31.658  3324  3324 D SurfaceFlinger:   Display[0] configurations (* current):
07-16 20:58:31.658  3324  3324 D SurfaceFlinger:     * 0: 1440x2960, xdpi=515.153992, ydpi=518.510010, refresh=16666666
07-16 20:58:31.658  3324  3324 D SurfaceFlinger:   numHwLayers=5, flags=00000000
07-16 20:58:31.658  3324  3324 D SurfaceFlinger:     type   |  handle  | hint | flag | tr | blnd |   format    |     source crop (l,t,r,b)      |          frame         | name 
07-16 20:58:31.658  3324  3324 D SurfaceFlinger: -----------+----------+------+------+----+------+-------------+--------------------------------+------------------------+------
07-16 20:58:31.658  3324  3324 D SurfaceFlinger:        HWC | 77b6274600 | 0000 | 0020 | 00 | 0100 | RGBx_8888   |    0.0,    0.0, 1080.0, 2220.0 |    0,    0, 1080, 2220 | com.android.systemui.infinity.InfinityWallpaperBlack#0
07-16 20:58:31.658  3324  3324 D SurfaceFlinger:        HWC | 77b5c47220 | 0000 | 0000 | 00 | 0105 | RGBA_8888   |    0.0,    0.0, 1080.0, 2220.0 |    0,    0, 1080, 2220 | com.android.systemui/com.android.systemui.recents.RecentsActivity#0
07-16 20:58:31.658  3324  3324 D SurfaceFlinger:        HWC | 77b6272140 | 0000 | 0000 | 00 | 0105 | RGBA_8888   |    0.0,    0.0,   67.0,  455.0 | 1013,  190, 1080,  645 | com.samsung.android.app.cocktailbarservice/com.samsung.android.app.cocktailbarservice.CocktailBarService#0
07-16 20:58:31.658  3324  3324 D SurfaceFlinger:        HWC | 77b62747
07-16 20:58:31.658  3324  3324 D SurfaceFlinger: c0 | 0000 | 0000 | 00 | 0105 | RGBA_8888   |    0.0,    0.0, 1080.0,  126.0 |    0, 2094, 1080, 2220 | NavigationBar#0
07-16 20:58:31.658  3324  3324 D SurfaceFlinger:  FB TARGET | 77b6270d20 | 0000 | 0000 | 00 | 0105 | RGBA_8888   |    0.0,    0.0, 1440.0, 2960.0 |    0,    0, 1440, 2960 | HWC_FRAMEBUFFER_TARGET
07-16 20:58:31.659  3324  4426 I SurfaceFlinger: id=1763 Removed com.sec.android.app.launcher/com.sec.android.app.launcher.activities.LauncherActivity#0 (-2/9)
07-16 20:58:31.665 14994 14994 I PeopleHandlerManager: isExistVisibleHandler false
07-16 20:58:31.672  3324  3324 I Layer   : id=1763 onRemoved com.sec.android.app.launcher/com.sec.android.app.launcher.activities.LauncherActivity#0 
07-16 20:58:31.674  5148  6655 V WindowManager: Relayout Window{940e47b u0 com.samsung.android.service.peoplestripe/com.samsung.android.service.peoplestripe.PeopleStripeService}: viewVisibility=8 req=39x2220 WM.LayoutParams{(0,0)(39xfill) gr=#5 sim=#20 ty=2226 fl=#1800328 fmt=-3 vsysui=0x2000 colorMode=0 naviIconColor=0}
07-16 20:58:31.678 14994 14994 D ViewRootImpl@786e03b[PeopleStripeService]: Relayout returned: old=[1080,0][1080,2220] new=[1080,0][1080,2220] result=0x1 surface={valid=false 0} changed=false
07-16 20:58:31.683 14994 14994 I PeopleHandlerManager: isExistVisibleHandler false
07-16 20:58:31.690  5148  9135 D GamePkgDataHelper: getGamePkgDataIncServer(). com.android.systemui
07-16 20:58:31.690  5148  9135 D GamePkgDataHelper: getSosPolicy(). com.android.systemui
07-16 20:58:31.691  5148  9135 D GameManagerService: identifyGamePackage. com.android.systemui
07-16 20:58:31.691  5148  9135 D GamePkgDataHelper: getGamePkgData(). com.android.systemui
07-16 20:58:31.692  5148  9135 D GameManagerService: identifyGamePackage. com.android.systemui
07-16 20:58:31.692  5148  6655 V WindowManager: Relayout Window{940e47b u0 com.samsung.android.service.peoplestripe/com.samsung.android.service.peoplestripe.PeopleStripeService}: viewVisibility=8 req=39x2220 WM.LayoutParams{(0,0)(39xfill) gr=#5 sim=#20 ty=2226 fl=#1800328 fmt=-3 vsysui=0x2000 colorMode=0 naviIconColor=0}
07-16 20:58:31.692  5148  9135 D GamePkgDataHelper: getGamePkgData(). com.android.systemui
07-16 20:58:31.693  5148  9135 D GameManagerService: identifyGamePackage. com.android.systemui
07-16 20:58:31.693  5148  9135 D GamePkgDataHelper: getGamePkgData(). com.android.systemui
07-16 20:58:31.695 14994 14994 D ViewRootImpl@786e03b[PeopleStripeService]: Relayout returned: old=[1080,0][1080,2220] new=[1080,0][1080,2220] result=0x1 surface={valid=false 0} changed=false
07-16 20:58:31.700  5148  9135 D GameManagerService: identifyGamePackage. com.android.systemui
07-16 20:58:31.700  5148  9135 D GamePkgDataHelper: getGamePkgData(). com.android.systemui
07-16 20:58:31.871  5148 23890 D TspStateManagerInternal: update cmd=set_grip_data,1,40,10,10,0
07-16 20:58:31.957  5148  5148 D CustomFrequencyManagerService: releaseDVFSLockLocked : Getting Lock type frm List : DVFS_MIN_LIMIT  frequency : 1807000  uid : 1000  pid : 5148  tag : AMS_RESUME_TAIL@CPU_MIN@21
07-16 20:58:32.421  6436  6436 D io_stats: !@   8,0 r 315076 16055072 w 1292614 24233256 d 97269 53143448 f 336555 369094 iot 922024 641653 th 307200 0 0 pt 0 inp 0 0 133373.049
07-16 20:58:32.652  5148  5495 D InputReader: Input event(7): value=1 when=133373279564000
07-16 20:58:32.652  5148  5495 D InputReader: Input event(7): value=1 when=133373279564000
07-16 20:58:32.652  5148  5495 I InputReader: Touch event's action is 0x0 (deviceType=0) [pCnt=1, s=0.15385 ] when=133373279564000
07-16 20:58:32.652  5148  5494 I InputDispatcher: Delivering touch to (5784): action: 0x0, toolType: 1
07-16 20:58:32.653  5784  5784 D ViewRootImpl@37edf17[NavigationBar]: ViewPostIme pointer 0
07-16 20:58:32.656  5148  6655 D InputDispatcher: Inject key (5784): action=0, eventTime=133373283000000
07-16 20:58:32.656  5148  6655 D InputManager-JNI: !@interceptKeyBeforeQueueing(0), action=0, interactive=true
07-16 20:58:32.659  5148  6655 D API test: getContainerInfo: value is 150,1359085616
07-16 20:58:32.660  5148  6655 D SamsungPhoneWindowManager: sec interceptKeyTq home s_result=1
07-16 20:58:32.660  5148  6655 D WindowManager: interceptKeyTq s_result=1
07-16 20:58:32.660  5148  6655 D InputManager-JNI: !@handleInterceptActions(0), action=0, wmActions=1
07-16 20:58:32.663  5148  5494 D API test: getContainerInfo: value is 150,1359085616
07-16 20:58:32.663  5148  5494 D RestrictionPolicy: isHomeKeyEnabled :true
07-16 20:58:32.664  5148  5494 D PersonaManagerService: getKeyguardShowState of user: -1
07-16 20:58:32.664  5148  5494 D PersonaManagerService: getKeyguardShowState() does not exist any showing knox keyguard
07-16 20:58:32.741  5148  5495 D InputReader: Input event(7): value=0 when=133373370491000
07-16 20:58:32.741  5148  5495 D InputReader: Input event(7): value=0 when=133373370491000
07-16 20:58:32.741  5148  5495 I InputReader: Touch event's action is 0x1 (deviceType=0) [pCnt=1, s=] when=133373370491000
07-16 20:58:32.741  5148  5494 I InputDispatcher: Delivering touch to (5784): action: 0x1, toolType: 1
07-16 20:58:32.741  5784  5784 D ViewRootImpl@37edf17[NavigationBar]: ViewPostIme pointer 1
07-16 20:58:32.742  5148  6707 D InputDispatcher: Inject key (5784): action=1, eventTime=133373371000000
07-16 20:58:32.742  5148  6707 D InputManager-JNI: !@interceptKeyBeforeQueueing(0), action=1, interactive=true
07-16 20:58:32.744  5148  6707 D API test: getContainerInfo: value is 150,1359085616
07-16 20:58:32.744  5148  6707 D SamsungPhoneWindowManager: sec interceptKeyTq home s_result=1
07-16 20:58:32.744  5148  6707 D WindowManager: interceptKeyTq s_result=1
07-16 20:58:32.745  5148  6707 D SamsungPhoneWindowManager: f.b. a = false hd = true eme = false ksno = false id = -1 isDM = false
07-16 20:58:32.745  5148  6707 D SamsungPhoneWindowManager: haptic disabled by policy
07-16 20:58:32.745  5148  6707 D InputManager-JNI: !@handleInterceptActions(0), action=1, wmActions=1
07-16 20:58:32.748  5148  5494 D API test: getContainerInfo: value is 150,1359085616
07-16 20:58:32.748  5148  5494 D RestrictionPolicy: isHomeKeyEnabled :true
07-16 20:58:32.749  5148  5494 D PersonaManagerService: getKeyguardShowState of user: -1
07-16 20:58:32.749  5148  5494 D PersonaManagerService: getKeyguardShowState() does not exist any showing knox keyguard
07-16 20:58:32.750  5148  5494 D VoIPInterfaceManager: isVoIPRinging()...
07-16 20:58:32.750  5148  5494 D VoIPInterfaceManager: isVoIPRunningAndDeregi()...
07-16 20:58:32.750  5148  5494 D VoIPInterfaceManager: Not exist call session
07-16 20:58:32.755  5148  5494 I MultiPhoneWindowManager: updateImeTargetFreeformTaskId: taskId=-1
07-16 20:58:32.756  5148  5494 D PowerManagerService: [api] [s] userActivity : event: 0 flags: 0 (uid: 1000 pid: 5148) eventTime = 133373385
07-16 20:58:32.757  5148  5494 I MultiPhoneWindowManager: minimizeAllFreeformTasks
07-16 20:58:32.757  5148  5494 I FreeformStackController: minimizeAllTasksInFreeform is calling
07-16 20:58:32.759  6239  6239 I SemPersonaManager: SecureFolder personaId = 150
07-16 20:58:32.761  5784  5784 D Recents : hideRecentApps: fromAltTab=falsefromHomeKeytrue
07-16 20:58:32.763  5784  5784 D SystemServicesProxy: sendCloseSystemWindows: reason=homekey
07-16 20:58:32.765  5784  6159 D SystemServicesProxy: sendCloseSystemWindows: done.
07-16 20:58:32.766  5148  5148 D InputMethodManagerService: isImeSwitcherDisabledPackage : false
07-16 20:58:32.767  5784  6199 D LocationControllerImpl: onReceive() = android.intent.action.CLOSE_SYSTEM_DIALOGS
07-16 20:58:32.768  5784  6204 D vol.VolumeDialogControl: onReceive ACTION_CLOSE_SYSTEM_DIALOGS
07-16 20:58:32.769 14994 14994 I PeopleStripeService: mPeopleVisibleControlReceiver action: android.intent.action.CLOSE_SYSTEM_DIALOGS
07-16 20:58:32.770 14994 14994 I PeopleStripeWindow: updateWindowParam : minimize=true,mLastMinimized=true,color0 blur true
07-16 20:58:32.772 14994 14994 D PeopleStripeVisibilityController: setEmoHistory enable=false
07-16 20:58:32.772 14994 14994 I PeopleStripeVisibilityController: getComputedTrayVisible : keyguardState = 1
07-16 20:58:32.772 14994 14994 I PeopleStripeVisibilityController: isVisibleByAlwaysOn : mState = 1
07-16 20:58:32.772 14994 14994 E PeopleStripeProcessMonitor: getTopActivity : MultiWindowFacade.taskList = null
07-16 20:58:32.777 14994 14994 I PeopleStripeProcessMonitor: isPeopleStripeTask packageName = com.android.systemui 0
07-16 20:58:32.777 14994 14994 E PeopleStripeProcessMonitor: getTopActivity : MultiWindowFacade.taskList = null
07-16 20:58:32.782 14994 14994 I PeopleStripeVisibilityController: updateStripeVisible : State 1 visible = 1
07-16 20:58:32.783 14994 14994 I PeopleHandlerManager: isExistVisibleHandler false
07-16 20:58:32.783 14994 14994 I PeopleStripeWindow: updateWindowParam : minimize=true,mLastMinimized=true,color0 blur true
07-16 20:58:32.785  5148  6707 I ActivityManager: START u0 {act=android.intent.action.MAIN typ=null flg=0x10200000 cmp=ComponentInfo{com.sec.android.app.launcher/com.sec.android.app.launcher.activities.LauncherActivity}} from uid 10006
07-16 20:58:32.790  5148  6707 D CustomFrequencyManagerService: acquireDVFSLockLocked : type : DVFS_MIN_LIMIT  frequency : 2314000  uid : 1000  pid : 5148  pkgName : AMS_APP_HOME@CPU_MIN@80
07-16 20:58:32.792  5148  6707 D ActivityManagerPerformance: AMP_acquire() HOME
07-16 20:58:32.793  5148  5148 D CodecSolution: MultiWindowEventListener::onMultiWindowFocusChanged(0)
07-16 20:58:32.793  5148  5148 D MdnieScenarioControlService: Listener Real Multi Window State : true
07-16 20:58:32.793  5148  5148 D CS_HdrController: MultiWindowEventListener::onFocusStackChanged(0)
07-16 20:58:32.795  5148  6707 D ActivityManager: isScaleDownAnimationEnabled() : false
07-16 20:58:32.796  5148  6707 D PersonaManagerService: Current focused persona service handled id set to : 0
07-16 20:58:32.796  5148  6707 D InputDispatcher: Focused application set to: xxxx
07-16 20:58:32.796  5148  6707 D InputDispatcher: Focus left window: 5784
07-16 20:58:32.800  5148  6707 V WindowManager: rotationForOrientationLw(orient=5, last=0); user=0  sensorRotation=-1 mLidState=-1 mDockMode=0 mHdmiPlugged=false
07-16 20:58:32.801  5148  5588 D GameManagerService: handleForegroundChange(). pkgName: com.sec.android.app.launcher, clsName: com.android.launcher3.Launcher,FgActivityName:com.sec.android.app.launcher/com.android.launcher3.Launcher
07-16 20:58:32.802  5148  5588 D GameManagerService: sem_perfomance_mode: 0
07-16 20:58:32.802  5148  5588 D GameManagerService: notifyResumePause(). pkg: com.sec.android.app.launcher, type: 4, isMinimized: false, isTunableApp: false
07-16 20:58:32.802  5148  5588 D GameManagerService:   notifyResumePause(). do nothing. mKillNotiCount: 3
07-16 20:58:32.802  5148  6707 D MARsPolicyManager: onPackageResumedFG pkgName = com.sec.android.app.launcher, userId = 0
07-16 20:58:32.805  5148  5148 D CS_HdrController: updateMultiWindowState : 0
07-16 20:58:32.805  5148  5148 D MdnieScenarioControlService: Listener Real Multi Window State : true
07-16 20:58:32.806 14994 14994 D PeopleStripeVisibilityController: setEmoHistory enable=false
07-16 20:58:32.806 14994 14994 I PeopleStripeVisibilityController: getComputedTrayVisible : keyguardState = 1
07-16 20:58:32.806 14994 14994 I PeopleStripeVisibilityController: isVisibleByAlwaysOn : mState = 1
07-16 20:58:32.806  5784  5784 D KeyguardUpdateMonitor: received broadcast android.intent.action.CLOSE_SYSTEM_DIALOGS
07-16 20:58:32.806  5784  5784 D Tile.AirplaneModeTile: onReceive: android.intent.action.CLOSE_SYSTEM_DIALOGS mSimCount 0
07-16 20:58:32.806  5784  5784 D Tile.MobileDataTile: action:android.intent.action.CLOSE_SYSTEM_DIALOGS
07-16 20:58:32.806  5784  5784 D PopupUI : PopupUIReceiver.onReceive() action : android.intent.action.CLOSE_SYSTEM_DIALOGS
07-16 20:58:32.806  5784  5784 D PopupUI.PopupUINotifications: dismissAlertDialogs()
07-16 20:58:32.806  5784  5784 D BrightnessMirror: hideMirror cancelled since it's not visible
07-16 20:58:32.806  5784  5784 D GlobalActionsDialog: mBroadcastReceiver : onReceive : android.intent.action.CLOSE_SYSTEM_DIALOGS
07-16 20:58:32.806  5784  5784 D GlobalActionsDialog: mBroadcastReceiver : onReceive : MESSAGE_DISMISS
07-16 20:58:32.806  6814  6814 I Launcher: onWindowVisibilityChanged : false
07-16 20:58:32.806  5784  5784 D vol.SecVolumeDialogImpl: dismissH reason: 2
07-16 20:58:32.807  5148  5163 V WindowManager: Relayout Window{2b881d8 u0 com.sec.android.app.launcher/com.sec.android.app.launcher.activities.LauncherActivity}: viewVisibility=4 req=1080x2220 WM.LayoutParams{(0,0)(fillxfill) sim=#130 ty=1 fl=#81910d00 pfl=0x20000 fmt=-2 wanim=0x10302ea vsysui=0x700 needsMenuKey=2 colorMode=0 dimDuration=100 naviIconColor=0}
07-16 20:58:32.810  6814  6814 D ViewRootImpl@3decd18[LauncherActivity]: Relayout returned: old=[0,0][1080,2220] new=[0,0][1080,2220] result=0x1 surface={valid=false 0} changed=false
07-16 20:58:32.811  6814  6814 D Launcher: onNewIntent
07-16 20:58:32.811  6814  6814 D InputMethodManager: HSIFW - flag : 0 Pid : 6814
07-16 20:58:32.811  6077 18931 D ForegroundUtils: could not check pending caller
07-16 20:58:32.811  5148  9135 D GamePkgDataHelper: getGamePkgDataIncServer(). com.sec.android.app.launcher
07-16 20:58:32.811  5148  9135 D GamePkgDataHelper: getSosPolicy(). com.sec.android.app.launcher
07-16 20:58:32.812  5148  5163 W InputMethodManagerService: hideSoftInput : Ignoring, uid 10090: com.android.internal.view.IInputMethodClient$Stub$Proxy@97d8573
07-16 20:58:32.812  5148  9135 D GameManagerService: identifyGamePackage. com.sec.android.app.launcher
07-16 20:58:32.812  5148  9135 D GamePkgDataHelper: getGamePkgData(). com.sec.android.app.launcher
07-16 20:58:32.812  6814  6814 D HomeContainer: setAlpha : 1.0
07-16 20:58:32.813  6814  6814 V Launcher: Launcher.onResume()
07-16 20:58:32.813  5148  9135 D GameManagerService: identifyGamePackage. com.sec.android.app.launcher
07-16 20:58:32.813  5148  9135 D GamePkgDataHelper: getGamePkgData(). com.sec.android.app.launcher
07-16 20:58:32.814  5148  9135 D GameManagerService: identifyGamePackage. com.sec.android.app.launcher
07-16 20:58:32.814  5784  5784 D EmRecentsManager: Deactivate EmRecentsManager
07-16 20:58:32.814  5148  9135 D GamePkgDataHelper: getGamePkgData(). com.sec.android.app.launcher
07-16 20:58:32.814  5784  5784 V EmRecentsManager: updateScreenState: Root
07-16 20:58:32.814  5784  5784 D EmSystemUIManagerBridge: releaseInterimStateListener
07-16 20:58:32.814  6239  6239 I SemPersonaManager: SecureFolder personaId = 150
07-16 20:58:32.814  5784  5784 D EmRecentsManager: ScreenStatesRequested:"stateIds":["Root"]
07-16 20:58:32.814  5148  9135 D GameManagerService: identifyGamePackage. com.sec.android.app.launcher
07-16 20:58:32.814  5148  9135 D GamePkgDataHelper: getGamePkgData(). com.sec.android.app.launcher
07-16 20:58:32.815  5784  5784 D BixbyNotiManager: createInterimStateListener
07-16 20:58:32.815  5784  5784 D BixbyNotiManager: activeAppName is not Notification:Recents
07-16 20:58:32.815  5784  5784 D ViewRootImpl@61dc0ac[RecentsActivity]: MSG_WINDOW_FOCUS_CHANGED 0
07-16 20:58:32.815 14994 14994 I PeopleStripeProcessMonitor: isPeopleStripeTask packageName = com.sec.android.app.launcher 0
07-16 20:58:32.815 14994 14994 E PeopleStripeProcessMonitor: getTopActivity : MultiWindowFacade.taskList = null
07-16 20:58:32.815 14994 14994 I PeopleStripeVisibilityController: updateStripeVisible : State 1 visible = 1
07-16 20:58:32.815 14994 14994 I PeopleHandlerManager: isExistVisibleHandler false
07-16 20:58:32.816 14994 14994 D AbstractProxyReflection: Equals method 
07-16 20:58:32.816  5148  6655 V SystemKeyManager: requestSystemKeyEvent() is called keyCode = 3 componentName = ComponentInfo{com.samsung.android.service.peoplestripe/com.samsung.android.service.peoplestripe.PeopleStripeService} request = false
07-16 20:58:32.818  5148  6655 V WindowManager: Relayout Window{940e47b u0 com.samsung.android.service.peoplestripe/com.samsung.android.service.peoplestripe.PeopleStripeService}: viewVisibility=8 req=39x2220 WM.LayoutParams{(0,0)(39xfill) gr=#5 sim=#20 ty=2226 fl=#1800328 fmt=-3 vsysui=0x2000 colorMode=0 naviIconColor=0}
07-16 20:58:32.818  6814  6814 D ExternalRequestQueue: Getting and clearing EXTERNAL_REQUEST_LIST: []
07-16 20:58:32.818  6814  6814 D ExternalMethodQueue: Getting and clearing EXTERNAL_METHOD_LIST: null
07-16 20:58:32.818  6814  6814 D NotificationHelpTip: currentTime : 1531742312
07-16 20:58:32.818  6814  6814 D NotificationHelpTip: differentTime8318003
07-16 20:58:32.818  6814  6814 D Launcher.HomeController: onResume HomeContainer current alpha = 1.0
07-16 20:58:32.818  6814  6814 D AppsCustomAdapter: notifyUpdate : com.android.launcher3.Launcher@e4c4ced
07-16 20:58:32.818  6814  6814 D AppsDragController: needDeferToBind : true , false
07-16 20:58:32.818  6814  6814 D Launcher: setupWallpaperScroller
07-16 20:58:32.818  6814  6860 I LauncherAppWidgetInfo: reinflateWidgetsIfNecessary, Not required: AppWidget(id=2)
07-16 20:58:32.818  6814  6860 I LauncherAppWidgetInfo: reinflateWidgetsIfNecessary, Not required: AppWidget(id=3)
07-16 20:58:32.818  6814  6860 I LauncherAppWidgetInfo: reinflateWidgetsIfNecessary, Not required: AppWidget(id=4)
07-16 20:58:32.820 14994 14994 D ViewRootImpl@786e03b[PeopleStripeService]: Relayout returned: old=[1080,0][1080,2220] new=[1080,0][1080,2220] result=0x1 surface={valid=false 0} changed=false
07-16 20:58:32.820  3980  3980 W SearchServiceClient: Starting with NO_SESSION handoverId is deprecated. Just don't. You will break.
07-16 20:58:32.821 14994 14994 D AbstractProxyReflection: Equals method 
07-16 20:58:32.821  5148  6707 I CocktailPolicyManager: findMatchedPolicy: find policy = 1
07-16 20:58:32.822  5148  6655 V SystemKeyManager: requestSystemKeyEvent() is called keyCode = 3 componentName = ComponentInfo{com.samsung.android.service.peoplestripe/com.samsung.android.service.peoplestripe.PeopleStripeService} request = false
07-16 20:58:32.823  8571  8571 I CocktailBarUiController: onUpdateCocktail: 14
07-16 20:58:32.823  8571  8571 I CocktailBarPanelManager: updatePanelItem: updateContainedPanel - 14
07-16 20:58:32.826  6814  6814 D Notification.Badge: [filtered] shouldBeFilteredOut().isGroupHeader[false], missingTitleAndText[true], [sbn : StatusBarNotification(pkg=com.sec.android.daemonapp user=UserHandle{0} id=4906 tag=null key=0|com.sec.android.daemonapp|4906|null|10196: Notification(channel=weather.notification.normal pri=0 contentView=com.sec.android.daemonapp/0x7f040037 vibrate=null sound=default tick defaults=0x1 flags=0x10 color=0x00000000 category=status number=0 vis=PRIVATE semFlags=0x0 semPriority=0 semMissedCount=0))]
07-16 20:58:32.826  6814  6814 D Notification.Badge: [filtered] shouldBeFilteredOut().mTempRanking.canShowBadge[false], [sbn : StatusBarNotification(pkg=com.google.android.apps.maps user=UserHandle{0} id=145029960 tag=null key=0|com.google.android.apps.maps|145029960|null|10164: Notification(channel=145029960 pri=-1 contentView=com.google.android.apps.maps/0x7f0500e4 vibrate=null sound=null tick defaults=0x0 flags=0x110 color=0xff4285f4 number=0 vis=PRIVATE semFlags=0x0 semPriority=0 semMissedCount=0))]
07-16 20:58:32.826  6814  6814 D Notification.Badge: [filtered] shouldBeFilteredOut().mTempRanking.canShowBadge[false], [sbn : StatusBarNotification(pkg=android user=UserHandle{-1} id=27 tag=null key=-1|android|27|null|1000: Notification(channel=USB pri=0 contentView=null vibrate=null sound=null tick defaults=0x0 flags=0x2 color=0xff607d8b number=0 vis=PUBLIC semFlags=0x0 semPriority=0 semMissedCount=0))]
07-16 20:58:32.826  6814  6814 D Notification.Badge: [filtered] shouldBeFilteredOut().mTempRanking.canShowBadge[false], [sbn : StatusBarNotification(pkg=com.google.android.googlequicksearchbox user=UserHandle{0} id=-1873494995 tag=n key=0|com.google.android.googlequicksearchbox|-1873494995|n|10100: Notification(channel=21 pri=-2 contentView=null vibrate=null sound=null defaults=0x0 flags=0x118 color=0xff4285f4 number=0 vis=PRIVATE semFlags=0x0 semPriority=0 semMissedCount=0))]
07-16 20:58:32.826  6814  6814 D Notification.Badge: [filtered] shouldBeFilteredOut().mTempRanking.canShowBadge[false], [sbn : StatusBarNotification(pkg=com.android.systemui user=UserHandle{-1} id=2131362716 tag=charging_state key=-1|com.android.systemui|2131362716|charging_state|10006: Notification(channel=GEN pri=-2 contentView=null vibrate=null sound=null defaults=0x0 flags=0xa color=0xff607d8b category=sys number=0 vis=PUBLIC semFlags=0x0 semPriority=0 semMissedCount=0))]
07-16 20:58:32.826  6814  6860 D Notification.Badge: LauncherModel:onNotificationFullRefresh() : [0], IconType : [0]
07-16 20:58:32.829  3980  3980 W SessionLifecycleManager: Handover failed. Creating new session controller.
07-16 20:58:32.830  5148  5425 D ActivityManager: post active user change for 0 fullscreen true isHomeActivity() true
07-16 20:58:32.830  5148  5425 I WallpaperManagerService: switchPersonaWallpaper is called for personaId-0
07-16 20:58:32.830  5148  5148 D WallpaperManagerService:  force update = false; persona id = 0; current user =0; current persona = 0
07-16 20:58:32.830  5148  5425 D PersonaManagerService: getKeyguardShowState of user: -1
07-16 20:58:32.830  5148  5425 D PersonaManagerService: getKeyguardShowState() does not exist any showing knox keyguard
07-16 20:58:32.830  6814  6814 I Launcher: onWindowVisibilityChanged : true
07-16 20:58:32.831  6814  6814 D DragLayer: DragLayer onMeasure, mIsNaviBarPositionChanged = false, mWillOrientationChange = false
07-16 20:58:32.831  8571  8571 D PanelDescriptionView: updateHelpView: Apps edge2130968577 --> 2130968577 helpview reapplied0
07-16 20:58:32.831  8571  8571 D CocktailBarUiController: postUpdatePanel: 1
07-16 20:58:32.832  5148  6655 V WindowManager: Relayout Window{2b881d8 u0 com.sec.android.app.launcher/com.sec.android.app.launcher.activities.LauncherActivity}: viewVisibility=0 req=1080x2220 WM.LayoutParams{(0,0)(fillxfill) sim=#130 ty=1 fl=#81910d00 pfl=0x20000 fmt=-2 wanim=0x10302ea vsysui=0x700 needsMenuKey=2 colorMode=0 dimDuration=100 naviIconColor=0}
07-16 20:58:32.833  3324  3324 I SurfaceFlinger: id=1770 createSurf (1080x2220),1 flag=4, com.sec.android.app.launcher/com.sec.android.app.launcher.activities.LauncherActivity#0
07-16 20:58:32.834  5148  6655 V Surface : sf_framedrop debug : 0x4f4c, game : false, logging : 0
07-16 20:58:32.834  3980  3980 E PBSessionCacheImpl: sessionId[17505756683937207] not persisted.
07-16 20:58:32.834  5148  5184 D WindowManager: set systemUiVisibility : systemUiFlags= 0x80008708 fullscreenStackSysUiFlags= 0x0
07-16 20:58:32.837  3980  3980 I OptInState: There is a new client and it does not support opt-in. Dropping request.
07-16 20:58:32.837  3980 18718 I PBSessionCacheImpl: Deleted sessionId[17505756683937207] from persistence.
07-16 20:58:32.840  5148  5163 D ConnectivityService: filterNetworkStateForUid() uid: 10100 networkInfo: [type: WIFI[] - WIFI, state: CONNECTED/CONNECTED, reason: (unspecified), extra: "iptime_a8004_7219_5G", failover: false, available: true, roaming: false, metered: false]
07-16 20:58:32.842  5148  9693 D ConnectivityService: filterNetworkStateForUid() uid: 10100 networkInfo: [type: WIFI[] - WIFI, state: CONNECTED/CONNECTED, reason: (unspecified), extra: "iptime_a8004_7219_5G", failover: false, available: true, roaming: false, metered: false]
07-16 20:58:32.843  5784  6233 D OpenGLRenderer: eglDestroySurface = 0x74867f35f0
07-16 20:58:32.844  5148  6655 D InputDispatcher: Focus entered window: 6814
07-16 20:58:32.845  5148  6707 V WindowManager: Relayout Window{940e47b u0 com.samsung.android.service.peoplestripe/com.samsung.android.service.peoplestripe.PeopleStripeService}: viewVisibility=8 req=39x2220 WM.LayoutParams{(0,0)(39xfill) gr=#5 sim=#20 ty=2226 fl=#1800328 fmt=-3 vsysui=0x2000 colorMode=0 naviIconColor=0}
07-16 20:58:32.845  6814  6814 V Surface : sf_framedrop debug : 0x4f4c, game : false, logging : 0
07-16 20:58:32.845  6814  6814 D ViewRootImpl@3decd18[LauncherActivity]: Relayout returned: old=[0,0][1080,2220] new=[0,0][1080,2220] result=0x7 surface={valid=true 532440412160} changed=true
07-16 20:58:32.848  5148  5163 V WindowManager: Relayout Window{f0ba6fb u0 com.android.systemui/com.android.systemui.recents.RecentsActivity}: viewVisibility=4 req=1080x2220 WM.LayoutParams{(0,0)(fillxfill) sim=#120 ty=1 fl=#89910500 pfl=0x24040 fmt=-3 vsysui=0x700 needsMenuKey=2 colorMode=0 naviIconColor=0}
07-16 20:58:32.848  5148  6707 D ConnectivityService: filterNetworkStateForUid() uid: 10100 networkInfo: [type: WIFI[] - WIFI, state: CONNECTED/CONNECTED, reason: (unspecified), extra: "iptime_a8004_7219_5G", failover: false, available: true, roaming: false, metered: false]
07-16 20:58:32.848 14994 14994 D ViewRootImpl@786e03b[PeopleStripeService]: Relayout returned: old=[1080,0][1080,2220] new=[1080,0][1080,2220] result=0x1 surface={valid=false 0} changed=false
07-16 20:58:32.849  6814  7099 D mali_winsys: EGLint new_window_surface(egl_winsys_display *, void *, EGLSurface, EGLConfig, egl_winsys_surface **, egl_color_buffer_format *, EGLBoolean) returns 0x3000,  [1080x2220]-format:1
07-16 20:58:32.849  6814  7099 D OpenGLRenderer: eglCreateWindowSurface = 0x7bf025a7b0
07-16 20:58:32.850  6814  6814 D AppsAdapter: notifyUpdate start : com.android.launcher3.Launcher@e4c4ced
07-16 20:58:32.850  6814  6814 D AppsCustomAdapter: no change items
07-16 20:58:32.850  6814  6814 D AppsAdapter: notifyUpdate end : com.android.launcher3.Launcher@e4c4ced
07-16 20:58:32.850  6814  6814 D ViewRootImpl@3decd18[LauncherActivity]: MSG_WINDOW_FOCUS_CHANGED 1
07-16 20:58:32.854  5784  5784 D ViewRootImpl@61dc0ac[RecentsActivity]: Relayout returned: old=[0,0][1080,2220] new=[0,0][1080,2220] result=0x5 surface={valid=false 0} changed=true
07-16 20:58:32.860  6814  6814 V InputMethodManager: Starting input: tba=android.view.inputmethod.EditorInfo@b591792 nm : com.sec.android.app.launcher ic=null
07-16 20:58:32.860  6814  6814 I InputMethodManager: startInputInner - mService.startInputOrWindowGainedFocus
07-16 20:58:32.860  5148  6707 D InputMethodManagerService: startInputOrWindowGainedFocus : windowGainedFocus 
07-16 20:58:32.860  5148  6707 D PersonaManagerService: getKeyguardShowState of user: 150
07-16 20:58:32.860  5148  6707 D InputMethodManagerService: windowGainedFocus: destinationUserId (getCallingUid) = 0
07-16 20:58:32.860  5148  6707 D InputMethodManagerService: windowGainedFocus: currentUserId=0
07-16 20:58:32.860  5148  6707 D InputMethodManagerService: windowGainedFocus: mCurrentFocusedUserId=0
07-16 20:58:32.860  5148  6707 D PersonaManagerService: getKeyguardShowState of user: 150
07-16 20:58:32.860  5148  6707 D InputMethodManagerService: windowGainedFocus : lock - currentUserId = 0 destinationUserId = 0
07-16 20:58:32.860  5148  6707 D InputMethodManagerService: windowGainedFocus : mCurrentFocusedUserId - 0 and mSecureKeypadEnabled - false, userSwitched - false
07-16 20:58:32.861  5148  6707 V InputMethodManagerService: windowGainedFocus : reason=WINDOW_FOCUS_GAIN client=android.os.BinderProxy@d1ad732 inputContext=null missingMethods= attribute=android.view.inputmethod.EditorInfo@fa26619 nm = com.sec.android.app.launcher controlFlags=#104 softInputMode=#130 windowFlags=#81910d00
07-16 20:58:32.861  5148  6707 V InputMethodManagerService: hideCurrentInputLocked : shouldHideSoftInput is false
07-16 20:58:32.861  5148  6707 D InputMethodManagerService: isImeSwitcherDisabledPackage : false
07-16 20:58:32.861  5148  6707 D InputMethodManagerService: setCurrentInputInfo - inputContext : null eidtorInfo : android.view.inputmethod.EditorInfo@fa26619 missingMethods : 0
07-16 20:58:32.862  6814  6814 D DragLayer: DragLayer dispatchDraw, mIsNaviBarPositionChanged = false, mWillOrientationChange = false
07-16 20:58:32.862  5775  5775 I InputMethodWrapper:  call dispatchStartInputWithToken
07-16 20:58:32.862  5775  5775 I InputMethodService: dispatchStartInputWithToken
07-16 20:58:32.863  5775  5775 I SKBD    : SamsungKeypad [IMI] onStartInput - caller pid : 6814, caller uid : 10090
07-16 20:58:32.863  5775  5775 I SKBD    : SamsungKeypad  CACHEDIC onStartInput  isCachedICEnabled:  false
07-16 20:58:32.863  5775  5775 I SKBD    : atl getDefaultInputRange : UNKNOWN
07-16 20:58:32.863  5775  5775 I SKBD    : awo resetBinderManager()
07-16 20:58:32.863  5775  5775 I SKBD_SYNC: SamsungKeypad onStartInput: import DLM
07-16 20:58:32.863  5775  5775 I SKBD    : atl setPrivateImeOptionsToTable privateImeOptions ( null )
07-16 20:58:32.863  5775  5775 I SKBD    : atl imeOptions is null
07-16 20:58:32.863  5775  5775 I SKBD    : SamsungKeypad [PF_OP][onStartInput] 445923
07-16 20:58:32.869  6105  9948 D TP/MmsSmsProvider: query, match:4000, calling pid = 14994, accessRestricted = true
07-16 20:58:32.870  6105  9948 D TP/MmsSmsProvider: query, match 4000:Elapsed time : 0.983 ms
07-16 20:58:32.871  5148  5163 V WindowManager: finishDrawingLocked: mDrawState=COMMIT_DRAW_PENDING Window{2b881d8 u0 com.sec.android.app.launcher/com.sec.android.app.launcher.activities.LauncherActivity} in Surface(name=com.sec.android.app.launcher/com.sec.android.app.launcher.activities.LauncherActivity)
07-16 20:58:32.879  5148  5184 D WindowManager: set systemUiVisibility : systemUiFlags= 0x8708 fullscreenStackSysUiFlags= 0x0
07-16 20:58:32.890  5784  5784 D BarTransitions.SecNavigationBarView: MODE_TRANSLUCENT -> MODE_TRANSPARENT animate=false
07-16 20:58:32.891  5148  5163 D WindowManager: adjustSystemUiVisibilityLw : vis= 0x8708
07-16 20:58:32.908  3324  3324 D SurfaceFlinger:   Display[0] configurations (* current):
07-16 20:58:32.908  3324  3324 D SurfaceFlinger:     * 0: 1440x2960, xdpi=515.153992, ydpi=518.510010, refresh=16666666
07-16 20:58:32.908  3324  3324 D SurfaceFlinger:   numHwLayers=6, flags=00000000
07-16 20:58:32.908  3324  3324 D SurfaceFlinger:     type   |  handle  | hint | flag | tr | blnd |   format    |     source crop (l,t,r,b)      |          frame         | name 
07-16 20:58:32.908  3324  3324 D SurfaceFlinger: -----------+----------+------+------+----+------+-------------+--------------------------------+------------------------+------
07-16 20:58:32.908  3324  3324 D SurfaceFlinger:        HWC | 77b6274600 | 0000 | 0020 | 00 | 0100 | RGBx_8888   |    0.0,    0.0, 1080.0, 2220.0 |    0,    0, 1080, 2220 | com.android.systemui.infinity.InfinityWallpaperBlack#0
07-16 20:58:32.908  3324  3324 D SurfaceFlinger:        HWC | 77b5c47680 | 0000 | 0000 | 00 | 0105 | RGBA_8888   |   25.0,   51.0, 1056.0, 2170.0 |    0,    0, 1080, 2220 | com.sec.android.app.launcher/com.sec.android.app.launcher.activities.LauncherActivity#0
07-16 20:58:32.908  3324  3324 D SurfaceFlinger:        HWC | 77b5c47220 | 0000 | 0000 | 00 | 0105 | RGBA_8888   |    0.0,    0.0, 1080.0, 2220.0 |    0,    0, 1080, 2220 | com.android.systemui/com.android.systemui.recents.RecentsActivity#0
07-16 20:58:32.908  3324  3324 D SurfaceFlinger:        HWC | 77b6272140 | 0000 | 0000 | 
07-16 20:58:32.908  3324  3324 D SurfaceFlinger: 00 | 0105 | RGBA_8888   |    0.0,    0.0,   67.0,  455.0 | 1013,  190, 1080,  645 | com.samsung.android.app.cocktailbarservice/com.samsung.android.app.cocktailbarservice.CocktailBarService#0
07-16 20:58:32.908  3324  3324 D SurfaceFlinger:        HWC | 77b5c46960 | 0000 | 0000 | 00 | 0105 | RGBA_8888   |    0.0,    0.0, 1080.0,  126.0 |    0, 2094, 1080, 2220 | NavigationBar#0
07-16 20:58:32.908  3324  3324 D SurfaceFlinger:  FB TARGET | 77b6270d20 | 0000 | 0000 | 00 | 0105 | RGBA_8888   |    0.0,    0.0, 1440.0, 2960.0 |    0,    0, 1440, 2960 | HWC_FRAMEBUFFER_TARGET
07-16 20:58:32.918  5784 20736 I zygote64: Explicit concurrent copying GC freed 30760(1552KB) AllocSpace objects, 0(0B) LOS objects, 49% free, 9MB/19MB, paused 240us total 78.045ms
07-16 20:58:32.926  8571  8608 E SharedPreferencesImpl: Couldn't create directory for SharedPreferences file /data/user/0/com.samsung.android.service.peoplestripe/shared_prefs/setting.xml
07-16 20:58:32.927  3324  3324 D SurfaceFlinger:   Display[0] configurations (* current):
07-16 20:58:32.927  3324  3324 D SurfaceFlinger:     * 0: 1440x2960, xdpi=515.153992, ydpi=518.510010, refresh=16666666
07-16 20:58:32.927  3324  3324 D SurfaceFlinger:   numHwLayers=7, flags=00000000
07-16 20:58:32.927  3324  3324 D SurfaceFlinger:     type   |  handle  | hint | flag | tr | blnd |   format    |     source crop (l,t,r,b)      |          frame         | name 
07-16 20:58:32.927  3324  3324 D SurfaceFlinger: -----------+----------+------+------+----+------+-------------+--------------------------------+------------------------+------
07-16 20:58:32.927  3324  3324 D SurfaceFlinger:        HWC | 77b6274600 | 0000 | 0020 | 00 | 0100 | RGBx_8888   |    0.0,    0.0, 1080.0, 2220.0 |    0,    0, 1080, 2220 | com.android.systemui.infinity.InfinityWallpaperBlack#0
07-16 20:58:32.927  3324  3324 D SurfaceFlinger:        HWC | 77b5c47680 | 0000 | 0000 | 00 | 0105 | RGBA_8888   |   18.0,   38.0, 1062.0, 2183.0 |    0,    0, 1080, 2220 | com.sec.android.app.launcher/com.sec.android.app.launcher.activities.LauncherActivity#0
07-16 20:58:32.927  3324  3324 D SurfaceFlinger:        HWC | 77b5c47220 | 0000 | 0000 | 00 | 0105 | RGBA_8888   |    0.0,    0.0, 1080.0, 2220.0 |    0,    0, 1080, 2220 | com.android.systemui/com.android.systemui.recents.RecentsActivity#0
07-16 20:58:32.927  3324  3324 D SurfaceFlinger:       GLES | 77b6273640 | 0000 | 0000 | 
07-16 20:58:32.927  3324  3324 D SurfaceFlinger: 00 | 0105 | RGBA_8888   |    0.0,   51.0, 1080.0,   63.0 |    0,    0, 1080,   12 | StatusBar#0
07-16 20:58:32.927  3324  3324 D SurfaceFlinger:        HWC | 77b6272140 | 0000 | 0000 | 00 | 0105 | RGBA_8888   |    0.0,    0.0,   67.0,  455.0 | 1013,  190, 1080,  645 | com.samsung.android.app.cocktailbarservice/com.samsung.android.app.cocktailbarservice.CocktailBarService#0
07-16 20:58:32.927  3324  3324 D SurfaceFlinger:        HWC | 77b62747c0 | 0000 | 0000 | 00 | 0105 | RGBA_8888   |    0.0,    0.0, 1080.0,  126.0 |    0, 2094, 1080, 2220 | NavigationBar#0
07-16 20:58:32.927  3324  3324 D SurfaceFlinger:  FB TARGET | 77b6270b60 | 0000 | 0000 | 00 | 0105 | RGBA_8888   |    0.0,    0.0, 1440.0, 2960.0 |    0,    0, 1440, 2960 | HWC_FRAMEBUFFER_TARGET
07-16 20:58:32.936  5148  5499 D MdnieScenarioControlService:  packageName : com.sec.android.app.launcher    className : com.sec.android.app.launcher.activities.LauncherActivity
07-16 20:58:32.936  5148  5499 V MdnieScenarioControlService: setUIMode from UI function(3)
07-16 20:58:33.040  5148  5422 I WindowManager: Destroying surface Surface(name=com.android.systemui/com.android.systemui.recents.RecentsActivity) called by com.android.server.wm.WindowStateAnimator.destroySurface:2483 com.android.server.wm.WindowStateAnimator.destroySurfaceLocked:985 com.android.server.wm.WindowState.destroyOrSaveSurfaceUnchecked:3668 com.android.server.wm.WindowState.destroySurface:3616 com.android.server.wm.AppWindowToken.destroySurfaces:722 com.android.server.wm.AppWindowToken.destroySurfaces:706 com.android.server.wm.WindowState.onExitAnimationDone:5314 com.android.server.wm.AppWindowAnimator.stepAnimationLocked:508 
07-16 20:58:33.040  3324  4426 I SurfaceFlinger: id=1769 Removed com.android.systemui/com.android.systemui.recents.RecentsActivity#0 (4/9)
07-16 20:58:33.042  3324  3324 D SurfaceFlinger:   Display[0] configurations (* current):
07-16 20:58:33.042  3324  3324 D SurfaceFlinger:     * 0: 1440x2960, xdpi=515.153992, ydpi=518.510010, refresh=16666666
07-16 20:58:33.042  3324  3324 D SurfaceFlinger:   numHwLayers=6, flags=00000000
07-16 20:58:33.042  3324  3324 D SurfaceFlinger:     type   |  handle  | hint | flag | tr | blnd |   format    |     source crop (l,t,r,b)      |          frame         | name 
07-16 20:58:33.042  3324  3324 D SurfaceFlinger: -----------+----------+------+------+----+------+-------------+--------------------------------+------------------------+------
07-16 20:58:33.042  3324  3324 D SurfaceFlinger:        HWC | 77b6274600 | 0000 | 0020 | 00 | 0100 | RGBx_8888   |    0.0,    0.0, 1080.0, 2220.0 |    0,    0, 1080, 2220 | com.android.systemui.infinity.InfinityWallpaperBlack#0
07-16 20:58:33.042  3324  3324 D SurfaceFlinger:        HWC | 77b5c47680 | 0000 | 0000 | 00 | 0105 | RGBA_8888   |    0.0,    0.0, 1080.0, 2220.0 |    0,    0, 1080, 2220 | com.sec.android.app.launcher/com.sec.android.app.launcher.activities.LauncherActivity#0
07-16 20:58:33.042  3324  3324 D SurfaceFlinger:        HWC | 77b6273640 | 0000 | 0000 | 00 | 0105 | RGBA_8888   |    0.0,    6.0, 1080.0,   63.0 |    0,    0, 1080,   57 | StatusBar#0
07-16 20:58:33.042  3324  3324 D SurfaceFlinger:        HWC | 77b6272140 | 0000 | 0000 | 00 | 0105 | RGBA_8888   |    0.0,    0.0,   67.0,  455.0
07-16 20:58:33.042  3324  3324 D SurfaceFlinger:  | 1013,  190, 1080,  645 | com.samsung.android.app.cocktailbarservice/com.samsung.android.app.cocktailbarservice.CocktailBarService#0
07-16 20:58:33.042  3324  3324 D SurfaceFlinger:        HWC | 77b5c46960 | 0000 | 0000 | 00 | 0105 | RGBA_8888   |    0.0,    0.0, 1080.0,  126.0 |    0, 2094, 1080, 2220 | NavigationBar#0
07-16 20:58:33.042  3324  3324 D SurfaceFlinger:  FB TARGET | 77b6270b60 | 0000 | 0000 | 00 | 0105 | RGBA_8888   |    0.0,    0.0, 1440.0, 2960.0 |    0,    0, 1440, 2960 | HWC_FRAMEBUFFER_TARGET
