07-16 20:58:35.334  8571  8571 D PanelDescriptionView: updateHelpView: Apps edge2130968577 --> 2130968577 helpview reapplied0
07-16 20:58:35.334  8571  8571 D AbstractCocktailPanelView: setPanelVisible: CocktailPortraitRemotePanelView2 will be hidden: 6
07-16 20:58:35.334  8571  8571 D CocktailBarPanelVisibilityManager: updateActivePanelView:  vis=false screenOn=true onTransit=false -hide: 6 current Active: 6
07-16 20:58:35.334  8571  8571 E CocktailBarContainerView: updateContainerVisibility: 0
07-16 20:58:35.334  8571  8571 D AbstractCocktailPanelView: setPanelVisible: CocktailPortraitRemotePanelView2 will be hidden: 6
07-16 20:58:35.334  8571  8571 D CocktailBarPanelVisibilityManager: updateActivePanelView:  vis=false screenOn=true onTransit=false -hide: 6 current Active: 6
07-16 20:58:35.334  8571  8571 E CocktailBarContainerView: updateContainerVisibility: 0
07-16 20:58:35.334  6077  6077 V Configuration:  needToUpdateOverlays
07-16 20:58:35.335  8571  8571 I Utils   : isCurrentUser current = 0, ownerId = 0
07-16 20:58:35.335  8571  8571 I TrayVisibilityController: updateTrayVisible: State=257 visible=2 mCurrentVisible=1 specificMode=0
07-16 20:58:35.335  8571  8571 D TrayStateController: putInputRect mDynamicInputRegion=30064405@LastEvent=t=1531742312842Rect(25, 0 - 67, 455),Rect=Rect(0, 0 - 0, 0)
07-16 20:58:35.336  8571  8571 D TrayStateController: setUiState 2 : -isHideByOrientationPolicy 0 --> 2
07-16 20:58:35.339  6077  6077 I NfcP2pEventManager: changeConfiguration() in NfcService
07-16 20:58:35.340  8571  8571 D PanelDescriptionView: updateHelpView: Apps edge-1 --> 2130968577 helpview applied:1, help scroll view applied.
07-16 20:58:35.340  8571  8571 D TrayStateController: setUiState 2 : -isHideByOrientationPolicy  already 2
07-16 20:58:35.341  8571  8571 D ViewRootImpl@a253791[CocktailBarService]: MSG_RESIZED_REPORT: frame=Rect(2153, 190 - 2220, 645) ci=Rect(0, 0 - 0, 0) vi=Rect(0, 0 - 0, 0) or=2
07-16 20:58:35.343  8571  8648 D OpenGLRenderer: eglDestroySurface = 0x748661d870
07-16 20:58:35.344  8571  8571 D CocktailBarTriggerContainerView: onApplyWindowInsets bottom =0
07-16 20:58:35.345  5148  5422 V WindowManager: finishDrawingLocked: mDrawState=COMMIT_DRAW_PENDING Window{ef01ec1 u0 Splash Screen ptgpu.kmu.ac.kr.ptgpu} in Surface(name=Splash Screen ptgpu.kmu.ac.kr.ptgpu)
07-16 20:58:35.345  5784  5784 D ViewRootImpl@37edf17[NavigationBar]: Relayout returned: old=[0,2094][1080,2220] new=[2094,0][2220,1080] result=0x23 surface={valid=true 500124233728} changed=false
07-16 20:58:35.345  5148 16771 V WindowManager: Relayout Window{e1826b u0 com.samsung.android.app.cocktailbarservice/com.samsung.android.app.cocktailbarservice.CocktailBarService}: viewVisibility=8 req=67x455 WM.LayoutParams{(0,190)(67x455) gr=#35 sim=#20 ty=2226 fl=#1800148 pfl=0x50 fmt=-2 vsysui=0x2000 colorMode=0 naviIconColor=0}
07-16 20:58:35.345  5148 16771 I WindowManager: Destroying surface Surface(name=com.samsung.android.app.cocktailbarservice/com.samsung.android.app.cocktailbarservice.CocktailBarService) called by com.android.server.wm.WindowStateAnimator.destroySurface:2483 com.android.server.wm.WindowStateAnimator.destroySurfaceLocked:985 com.android.server.wm.WindowState.destroyOrSaveSurfaceUnchecked:3668 com.android.server.wm.WindowState.destroySurface:3616 com.android.server.wm.WindowManagerService.tryStartExitingAnimation:2647 com.android.server.wm.WindowManagerService.relayoutWindow:2431 com.android.server.wm.Session.relayout:253 android.view.IWindowSession$Stub.onTransact:288 
07-16 20:58:35.345  3324  3440 I SurfaceFlinger: id=1764 Removed com.samsung.android.app.cocktailbarservice/com.samsung.android.app.cocktailbarservice.CocktailBarService#0 (8/10)
07-16 20:58:35.346  3324  3440 I SurfaceFlinger: id=1764 Removed com.samsung.android.app.cocktailbarservice/com.samsung.android.app.cocktailbarservice.CocktailBarService#0 (-2/10)
07-16 20:58:35.346  5784  6233 D OpenGLRenderer: eglDestroySurface = 0x74867f37d0
07-16 20:58:35.347  5784  6233 D mali_winsys: EGLint new_window_surface(egl_winsys_display *, void *, EGLSurface, EGLConfig, egl_winsys_surface **, egl_color_buffer_format *, EGLBoolean) returns 0x3000,  [126x1080]-format:1
07-16 20:58:35.347  5784  6233 D OpenGLRenderer: eglCreateWindowSurface = 0x74867f37d0
07-16 20:58:35.349  8571  8571 D ViewRootImpl@a253791[CocktailBarService]: Relayout returned: old=[2153,190][2220,645] new=[2153,190][2220,645] result=0x5 surface={valid=false 0} changed=true
07-16 20:58:35.349  8571  8571 D CocktailBarTriggerContainerView: onApplyWindowInsets bottom =0
07-16 20:58:35.349  5784  5784 D SecNavigationBarView: setNavigationIconHints showImeButton : false
07-16 20:58:35.349  5784  5784 D SecNavigationBarView: updateImmersivePinIcon() isImmersiveMode=true
07-16 20:58:35.349  3980  3980 V Configuration:  needToUpdateOverlays
07-16 20:58:35.350  5148  5422 D ViewRootImpl@d0dffcb[ptgpu]: MSG_RESIZED_REPORT: frame=Rect(0, 0 - 2220, 1080) ci=Rect(0, 63 - 0, 0) vi=Rect(0, 63 - 0, 0) or=1
07-16 20:58:35.353  8571  8571 I AbstractCocktailPanelView: notifyPanelVisibilityChanged: visibility not changed 2 id: 6
07-16 20:58:35.353  8571  8571 D CocktailBarUiController: onCocktailBarStateChanged: flag=0x1 vis=2 bgType=0 showTimeout=-1 activate=true
07-16 20:58:35.357  5148  9693 V WindowManager: finishDrawingLocked: mDrawState=COMMIT_DRAW_PENDING Window{a0c78a7 u0 NavigationBar} in Surface(name=NavigationBar)
07-16 20:58:35.358  3324  3324 I Layer   : id=1764 onRemoved com.samsung.android.app.cocktailbarservice/com.samsung.android.app.cocktailbarservice.CocktailBarService#0 
07-16 20:58:35.363  5148  5162 V WindowManager: Relayout Window{e1826b u0 com.samsung.android.app.cocktailbarservice/com.samsung.android.app.cocktailbarservice.CocktailBarService}: viewVisibility=8 req=67x455 WM.LayoutParams{(0,190)(67x455) gr=#35 sim=#20 ty=2226 fl=#1800148 pfl=0x50 fmt=-2 vsysui=0x2000 colorMode=0 naviIconColor=0}
07-16 20:58:35.365  8571  8571 D ViewRootImpl@a253791[CocktailBarService]: Relayout returned: old=[2153,190][2220,645] new=[2153,190][2220,645] result=0x1 surface={valid=false 0} changed=false
07-16 20:58:35.366  3324  3324 D SurfaceFlinger:   Display[0] configurations (* current):
07-16 20:58:35.366  3324  3324 D SurfaceFlinger:     * 0: 1440x2960, xdpi=515.153992, ydpi=518.510010, refresh=16666666
07-16 20:58:35.366  3324  3324 D SurfaceFlinger:   numHwLayers=4, flags=00000000
07-16 20:58:35.366  3324  3324 D SurfaceFlinger:     type   |  handle  | hint | flag | tr | blnd |   format    |     source crop (l,t,r,b)      |          frame         | name 
07-16 20:58:35.366  3324  3324 D SurfaceFlinger: -----------+----------+------+------+----+------+-------------+--------------------------------+------------------------+------
07-16 20:58:35.366  3324  3324 D SurfaceFlinger:        HWC | 77b5c47680 | 0000 | 0020 | 04 | 0100 | RGBA_8888   |    0.0,    0.0, 2220.0, 1080.0 |    0,    0, 1080, 2220 | Splash Screen ptgpu.kmu.ac.kr.ptgpu#0
07-16 20:58:35.366  3324  3324 D SurfaceFlinger:       GLES | 77b6273640 | 0000 | 0000 | 04 | 0105 | RGBA_8888   |    0.0,    0.0, 1080.0,   63.0 | 1017,    0, 1080, 1080 | StatusBar#0
07-16 20:58:35.366  3324  3324 D SurfaceFlinger:        HWC | 77b6274440 | 0000 | 0100 | 00 | 0105 | RGBA_8888   |    0.0,    0.0, 1080.0, 2220.0 |    0,    0, 1080, 2220 | ScreenshotSurface#0
07-16 20:58:35.366  3324  3324 D SurfaceFlinger:  FB TARGET | 77b6270b60 | 0000 | 0000 | 00 | 0105 | RGBA_8888   |    0.0,    0.0, 1440.0, 2960.0 |    0,    0, 1440, 2960 | HWC_FRAMEBUFFER_TARGET
07-16 20:58:35.367  5148  5819 V WindowManager: Relayout Window{2cf8bbf u0 NavBarTouchConsumer}: viewVisibility=0 req=17x17 WM.LayoutParams{(0,0)(17xfill) gr=#5 sim=#20 ty=2273 fl=#1080108 fmt=-3 alpha=0.0 colorMode=0 naviIconColor=0 sfl=0x20000}
07-16 20:58:35.367 23898 23923 D OpenGLRenderer: HWUI GL Pipeline
07-16 20:58:35.370  5775  5775 V Configuration:  needToUpdateOverlays
07-16 20:58:35.370  5775  5775 I chatty  : uid=10189(u0_a189) com.sec.android.inputmethod identical 27 lines
07-16 20:58:35.370  5775  5775 V Configuration:  needToUpdateOverlays
07-16 20:58:35.371  5775  5775 I SKBD    : SamsungKeypad onConfigurationChanged2
07-16 20:58:35.377  5775  5775 I SKBD    : SamsungKeypad [IMI] onStartInput - caller pid : 6814, caller uid : 10090
07-16 20:58:35.377  5775  5775 I SKBD    : SamsungKeypad  CACHEDIC onStartInput  isCachedICEnabled:  false
07-16 20:58:35.377  5775  5775 I SKBD    : atl getDefaultInputRange : UNKNOWN
07-16 20:58:35.377  5775  5775 I SKBD    : awo resetBinderManager()
07-16 20:58:35.377  5775  5775 I SKBD_SYNC: SamsungKeypad onStartInput: import DLM
07-16 20:58:35.377  5775  5775 I SKBD    : atl setPrivateImeOptionsToTable privateImeOptions ( null )
07-16 20:58:35.377  5775  5775 I SKBD    : atl imeOptions is null
07-16 20:58:35.378  5775  5775 I SKBDC   : TymeCore iEC -502
07-16 20:58:35.379  5775  5775 I SKBD    : SamsungKeypad [PF_OP][onStartInput] 2169770
07-16 20:58:35.382  5784  5784 D ViewRootImpl@bd2b611[NavBarTouchConsumer]: Relayout returned: old=[0,2203][1080,2220] new=[2203,0][2220,1080] result=0x23 surface={valid=true 500007854080} changed=false
07-16 20:58:35.384  5784  6233 D OpenGLRenderer: eglDestroySurface = 0x7483233620
07-16 20:58:35.385  5784  6233 D mali_winsys: EGLint new_window_surface(egl_winsys_display *, void *, EGLSurface, EGLConfig, egl_winsys_surface **, egl_color_buffer_format *, EGLBoolean) returns 0x3000,  [17x1080]-format:1
07-16 20:58:35.385  5784  6233 D OpenGLRenderer: eglCreateWindowSurface = 0x7483233620
07-16 20:58:35.387  5148  5819 V WindowManager: finishDrawingLocked: mDrawState=COMMIT_DRAW_PENDING Window{2cf8bbf u0 NavBarTouchConsumer} in Surface(name=NavBarTouchConsumer)
07-16 20:58:35.388 23898 23898 D ViewRootImpl@3a004ff[PTGPU]: setView = DecorView@8e202cc[PTGPU] TM=true MM=false
07-16 20:58:35.389  5784  5784 V Configuration:  needToUpdateOverlays
07-16 20:58:35.389  5148  6707 D ActivityManager: post active user change for 0 fullscreen true isHomeActivity() false
07-16 20:58:35.389  5784  5784 V Configuration:  needToUpdateOverlays
07-16 20:58:35.389  5148  6707 D PersonaManagerService: getKeyguardShowState of user: -1
07-16 20:58:35.389  5148  6707 D PersonaManagerService: getKeyguardShowState() does not exist any showing knox keyguard
07-16 20:58:35.390  5784  5784 V Configuration:  needToUpdateOverlays
07-16 20:58:35.393  5148  5819 V WindowManager: Relayout Window{bd2221a u0 InputMethod}: viewVisibility=8 req=2220x126 WM.LayoutParams{(0,0)(fillxwrap) gr=#50 sim=#20 ty=2011 fl=#800108 pfl=0x1000000 fmt=-2 wanim=0x7f0e00e1 vsysui=0x310 needsMenuKey=2 colorMode=0 naviIconColor=0 sfl=0x800}
07-16 20:58:35.395  5784  5784 I chatty  : uid=10006(u0_a6) com.android.systemui identical 98 lines
07-16 20:58:35.395  5784  5784 V Configuration:  needToUpdateOverlays
07-16 20:58:35.396  5784  6199 D NetworkController.MobileSignalController(0/-2): getMobileIconGroup(): 0
07-16 20:58:35.398  5775  5775 D ViewRootImpl@9d68f08[InputMethod]: Relayout returned: old=[0,819][1080,2220] new=[0,819][1080,2220] result=0x1 surface={valid=false 0} changed=false
07-16 20:58:35.399  5775  5775 I SKBD    : putCacheDrawable inputModule=0 key =ICON_SETTING
07-16 20:58:35.400  5775  5775 I SKBDC   : TymeCore cASl
07-16 20:58:35.400  5775  5775 I SKBDC   : ?? 50
07-16 20:58:35.400  5775  5775 I SKBD    : ajd [PF_KL][SIIC] getSelectedText done 0
07-16 20:58:35.400  5784  5784 D ViewRootImpl@4b5fe6e[AssistPreviewPanel]: setView = com.android.systemui.assist.AssistOrbContainer{c17090f G.E...... ......I. 0,0-0,0} TM=true MM=false
07-16 20:58:35.400  5775  5775 E SKBD    : axv [USICM][getSelectedText] updated, but null is returned
07-16 20:58:35.401  5775  5775 I SKBD    : ajd [PF_KL][SIIC] getTextBeforeCursor[127] done 0
07-16 20:58:35.401  5775  5775 I SKBD    : ajd [PF_KL][SIIC] getTextAfterCursor[127] done  0
07-16 20:58:35.401 23898 23898 D ViewRootImpl@3a004ff[PTGPU]: dispatchDetachedFromWindow
07-16 20:58:35.402 23898 23898 D InputEventReceiver: channel 'e782e4a ptgpu.kmu.ac.kr.ptgpu/ptgpu.kmu.ac.kr.ptgpu.PTGPU (client)' ~ Disposing input event receiver.
07-16 20:58:35.402 23898 23898 D InputEventReceiver: channel 'e782e4a ptgpu.kmu.ac.kr.ptgpu/ptgpu.kmu.ac.kr.ptgpu.PTGPU (client)' ~NativeInputEventReceiver.
07-16 20:58:35.402  5775  5775 I SKBDC   : TymeCore cASl
07-16 20:58:35.402  5775  5775 I SKBDC   : ?? 50
07-16 20:58:35.406  5784  5784 E MoreInfoHPW_View: Parent view is not a TextView
07-16 20:58:35.413  5148  5819 W StorageManager: getStorageLowBytes lowPercent : 5, lowBytes : 2900325171, maxLowBytes : 524288000
07-16 20:58:35.414  5784  5784 D ViewRootImpl@d723759[DockedStackDivider]: setView = com.android.systemui.stackdivider.DividerView{e54df1e I.E...... ......I. 0,0-0,0} TM=true MM=false
07-16 20:58:35.415  5784  5784 D ViewRootImpl@7a66025[DividerButtonsGroup]: dispatchDetachedFromWindow
07-16 20:58:35.415  5784  5784 D InputEventReceiver: channel '2354cf7 DividerButtonsGroup (client)' ~ Disposing input event receiver.
07-16 20:58:35.415  5784  5784 D InputEventReceiver: channel '2354cf7 DividerButtonsGroup (client)' ~NativeInputEventReceiver.
07-16 20:58:35.415  5148  9693 W AppOps  : Finishing op nesting under-run: uid 10006 pkg com.android.systemui code 70 time=0 duration=0 nesting=0
07-16 20:58:35.416  5148  5819 W StorageManager: getStorageLowBytes lowPercent : 5, lowBytes : 2900325171, maxLowBytes : 524288000
07-16 20:58:35.416  7012  7212 E ContactsProvider_EventLog: Flush buffer to file cnt : 1 size : 3Kb duration : 1ms lastUpdatedAfter : 4019 ms mFlush_time_threasold : 2000 mCurrentSize : 1977
07-16 20:58:35.423  5148  9693 W StorageManager: getStorageLowBytes lowPercent : 5, lowBytes : 2900325171, maxLowBytes : 524288000
07-16 20:58:35.424  5784  5784 D ViewRootImpl@37e19fc[DividerButtonsGroup]: setView = com.android.systemui.stackdivider.DividerButtonsGroup{d840885 I.E...... ......I. 0,0-0,0} TM=true MM=false
07-16 20:58:35.425  5784  5784 D ViewRootImpl@bd2b611[NavBarTouchConsumer]: MSG_RESIZED_REPORT: frame=Rect(0, 1063 - 2220, 1080) ci=Rect(0, 0 - 0, 0) vi=Rect(0, 0 - 0, 0) or=2
07-16 20:58:35.425  5784  5784 D ViewRootImpl@fd6fd12[StatusBar]: MSG_RESIZED_REPORT: frame=Rect(0, 0 - 2220, 63) ci=Rect(0, 0 - 126, 0) vi=Rect(0, 0 - 126, 0) or=2
07-16 20:58:35.425  5148  5819 W StorageManager: getStorageLowBytes lowPercent : 5, lowBytes : 2900325171, maxLowBytes : 524288000
07-16 20:58:35.426  5784  5784 D MetadataParser: onConfigurationChanged()
07-16 20:58:35.427  5148  5819 D SecContentProvider: query(), uri = 17 selection = isSettingsChangesAllowed
07-16 20:58:35.428  5148  5819 D SecContentProvider: called from android.uid.systemui:10006
07-16 20:58:35.428  5148  5819 D RestrictionPolicy: isSettingsChangesAllowedAsUser, userId 0 : true
07-16 20:58:35.429  5148  5819 D SecContentProvider: called from android.uid.systemui:10006
07-16 20:58:35.429  5148  5819 D RestrictionPolicy: isSettingsChangesAllowedAsUser, userId 0 : true
07-16 20:58:35.431  5775  5775 I SKBD    : awo checkCocktailBar() first use took : 1
07-16 20:58:35.432  5148  5819 D SecContentProvider: query(), uri = 17 selection = isSettingsChangesAllowed
07-16 20:58:35.432  5148  5819 D SecContentProvider: called from android.uid.systemui:10006
07-16 20:58:35.432  5148  5819 D RestrictionPolicy: isSettingsChangesAllowedAsUser, userId 0 : true
07-16 20:58:35.437  5784  5784 D KeyguardUsimTextView: updateText(simState): ABSENT
07-16 20:58:35.438  5784  5784 D ViewRootImpl@37edf17[NavigationBar]: MSG_RESIZED_REPORT: frame=Rect(2094, 0 - 2220, 1080) ci=Rect(0, 0 - 0, 0) vi=Rect(0, 0 - 0, 0) or=2
07-16 20:58:35.439  5784  5784 D KeyguardUpdateMonitor: received broadcast android.intent.action.CONFIGURATION_CHANGED
07-16 20:58:35.442  5784  5784 V Bar.QuickConnectBar: intent receive
07-16 20:58:35.442  5784  5784 D Bar.QuickConnectBar: collapsed =null,  expanded =null
07-16 20:58:35.442  5784  5784 D ViewRootImpl@37edf17[NavigationBar]: MSG_RESIZED_REPORT: frame=Rect(2094, 0 - 2220, 1080) ci=Rect(0, 0 - 0, 0) vi=Rect(0, 0 - 0, 0) or=2
07-16 20:58:35.445  5784  5784 D ViewRootImpl@4b5fe6e[AssistPreviewPanel]: dispatchAttachedToWindow
07-16 20:58:35.445  5148  5819 V WindowManager: Relayout Window{e1d3a31 u0 AssistPreviewPanel}: viewVisibility=8 req=2092x656 WM.LayoutParams{(0,0)(fillx656) gr=#800053 sim=#31 ty=2033 fl=#1000118 fmt=-3 vsysui=0x700 colorMode=0 naviIconColor=0}
07-16 20:58:35.448  5784  5784 D ViewRootImpl@4b5fe6e[AssistPreviewPanel]: Relayout returned: old=[0,0][0,0] new=[0,1080][2220,1080] result=0x1 surface={valid=false 0} changed=false
07-16 20:58:35.455  5148  5819 V WindowManager: Relayout Window{481ffa8 u0 StatusBar}: viewVisibility=0 req=2220x63 WM.LayoutParams{(0,0)(fillx63) gr=#30 sim=#10 ty=2000 fl=#81840048 fmt=-3 vsysui=0x600 colorMode=0 naviIconColor=0}
07-16 20:58:35.462  5784  5784 D ViewRootImpl@fd6fd12[StatusBar]: Relayout returned: old=[0,0][2220,63] new=[0,0][2220,63] result=0x23 surface={valid=true 500131995648} changed=false
07-16 20:58:35.464  5784  6233 D OpenGLRenderer: eglDestroySurface = 0x7483231d70
07-16 20:58:35.464  5784  6233 D mali_winsys: EGLint new_window_surface(egl_winsys_display *, void *, EGLSurface, EGLConfig, egl_winsys_surface **, egl_color_buffer_format *, EGLBoolean) returns 0x3000,  [2220x63]-format:1
07-16 20:58:35.464  5784  6233 D OpenGLRenderer: eglCreateWindowSurface = 0x7483231d70
07-16 20:58:35.469  5784  5784 D ScrollView:  onsize change changed 
07-16 20:58:35.480  5148  5819 V WindowManager: finishDrawingLocked: mDrawState=COMMIT_DRAW_PENDING Window{481ffa8 u0 StatusBar} in Surface(name=StatusBar)
07-16 20:58:35.481  5784  5784 D ViewRootImpl@d723759[DockedStackDivider]: dispatchAttachedToWindow
07-16 20:58:35.483  5148  5819 V WindowManager: Relayout Window{2574884 u0 DockedStackDivider}: viewVisibility=4 req=126x1016 WM.LayoutParams{(0,0)(126xfill) sim=#20 ty=2034 fl=#21840028 pfl=0x40 fmt=-3 vsysui=0x700 colorMode=0 naviIconColor=0}
07-16 20:58:35.485  5784  5784 D ViewRootImpl@d723759[DockedStackDivider]: Relayout returned: old=[0,0][0,0] new=[0,0][0,0] result=0x1 surface={valid=false 0} changed=false
07-16 20:58:35.488  5784  5784 D ViewRootImpl@37e19fc[DividerButtonsGroup]: dispatchAttachedToWindow
07-16 20:58:35.488  5148  9693 V WindowManager: Relayout Window{6d03ca2 u0 DividerButtonsGroup}: viewVisibility=4 req=131x458 WM.LayoutParams{(0,0)(131x458) sim=#20 ty=2302 fl=#1040020 fmt=-3 vsysui=0x700 surfaceInsets=Rect(32, 32 - 32, 32) colorMode=0 naviIconColor=0}
07-16 20:58:35.491  5784  5784 D ViewRootImpl@37e19fc[DividerButtonsGroup]: Relayout returned: old=[0,0][0,0] new=[0,0][0,0] result=0x1 surface={valid=false 0} changed=false
07-16 20:58:35.491  5148  9693 V WindowManager: Relayout Window{2cf8bbf u0 NavBarTouchConsumer}: viewVisibility=0 req=17x17 WM.LayoutParams{(0,0)(17xfill) gr=#5 sim=#20 ty=2273 fl=#1080108 fmt=-3 alpha=0.0 colorMode=0 naviIconColor=0 sfl=0x20000}
07-16 20:58:35.499  5784  5784 D ViewRootImpl@bd2b611[NavBarTouchConsumer]: Relayout returned: old=[0,1063][2220,1080] new=[2203,0][2220,1080] result=0x1 surface={valid=true 500007854080} changed=false
07-16 20:58:35.499  5784  6233 D OpenGLRenderer: eglDestroySurface = 0x7483233620
07-16 20:58:35.500  5784  6233 D mali_winsys: EGLint new_window_surface(egl_winsys_display *, void *, EGLSurface, EGLConfig, egl_winsys_surface **, egl_color_buffer_format *, EGLBoolean) returns 0x3000,  [17x1080]-format:1
07-16 20:58:35.500  5784  6233 D OpenGLRenderer: eglCreateWindowSurface = 0x7483233620
07-16 20:58:35.501  5148  5422 I WindowManager: Screen frozen for +262ms due to Window{481ffa8 u0 StatusBar}
07-16 20:58:35.502  3324  3324 I SurfaceFlinger: id=1773 createSurf (2160x2220),-1 flag=20004, BlackSurface#0
07-16 20:58:35.503  3324  3324 I SurfaceFlinger: id=1774 createSurf (1080x4440),-1 flag=20004, BlackSurface#0
07-16 20:58:35.504  3324  3324 I SurfaceFlinger: id=1775 createSurf (2160x2220),-1 flag=20004, BlackSurface#0
07-16 20:58:35.504  3324  3324 I SurfaceFlinger: id=1776 createSurf (1080x4440),-1 flag=20004, BlackSurface#0
07-16 20:58:35.505  5148  5422 D InputDispatcher: setInputDispatchMode: enabled=1, frozen=0
07-16 20:58:35.506  5784  5784 D ViewRootImpl@bd2b611[NavBarTouchConsumer]: MSG_RESIZED_REPORT: frame=Rect(2203, 0 - 2220, 1080) ci=Rect(0, 0 - 0, 0) vi=Rect(0, 63 - 0, 0) or=2
07-16 20:58:35.505  3301  4968 D audio_hw_primary_abox: device-adev_set_parameters: enter with key(display_rotation=1)
07-16 20:58:35.506  5784  5784 D ViewRootImpl@bd2b611[NavBarTouchConsumer]: MSG_RESIZED_REPORT: frame=Rect(2203, 0 - 2220, 1080) ci=Rect(0, 0 - 0, 0) vi=Rect(0, 63 - 0, 0) or=2
07-16 20:58:35.506  3301  4968 D audio_hw_primary_abox: device-adev_set_parameters: exit
07-16 20:58:35.506  5784  5784 D ViewRootImpl@e2d4fec[AssistPreviewPanel]: dispatchDetachedFromWindow
07-16 20:58:35.506  5784  5784 D InputEventReceiver: channel '89a0c2a AssistPreviewPanel (client)' ~ Disposing input event receiver.
07-16 20:58:35.506  5784  5784 D InputEventReceiver: channel '89a0c2a AssistPreviewPanel (client)' ~NativeInputEventReceiver.
07-16 20:58:35.506  5148  5819 W AppOps  : Finishing op nesting under-run: uid 10006 pkg com.android.systemui code 70 time=0 duration=0 nesting=0
07-16 20:58:35.506  5008 26427 V MultiRecordManager: setParameters(): io 0, keyvalue display_rotation=1, calling pid 5148
07-16 20:58:35.510  5784  5784 D SecNavigationBarView: setNavigationIconHints showImeButton : false
07-16 20:58:35.510  5784  5784 D SecNavigationBarView: updateImmersivePinIcon() isImmersiveMode=true
07-16 20:58:35.512  5784  5784 D ViewRootImpl@c4fb084[DockedStackDivider]: dispatchDetachedFromWindow
07-16 20:58:35.512  5784  5784 D InputEventReceiver: channel 'd5f9991 DockedStackDivider (client)' ~ Disposing input event receiver.
07-16 20:58:35.512  5784  5784 D InputEventReceiver: channel 'd5f9991 DockedStackDivider (client)' ~NativeInputEventReceiver.
07-16 20:58:35.512  5148  9693 W AppOps  : Finishing op nesting under-run: uid 10006 pkg com.android.systemui code 70 time=0 duration=0 nesting=0
07-16 20:58:35.518  5784  6199 D Tile.WifiTile: handleUpdateState enabledChanging
07-16 20:58:35.518  5784  6306 V SystemUIAnalytics: SAPreference : 1104 / 1
07-16 20:58:35.519  5784  6199 D Tile.BluetoothTile: handleUpdateState enabled = false connected = false bluetoothState = 10
07-16 20:58:35.519  5784  6306 V SystemUIAnalytics: SAPreference : 1105 / 1
07-16 20:58:35.519  5784  6306 V SystemUIAnalytics: SAPreference : 1106 / 0
07-16 20:58:35.520  5784  6199 D Tile.RotationLockTile:  handleUpdateState: true orientation = true
07-16 20:58:35.520  5784  6199 D FlashlightController: updateTorchCallback for mCameraId 0
07-16 20:58:35.520  5784  6306 V SystemUIAnalytics: SAPreference : 1108 / 0
07-16 20:58:35.521  5784  5784 D KeyguardUpdateMonitor: handleConfigurationChanged
07-16 20:58:35.521  5784  6199 D Tile.AirplaneModeTile:  handleUpdateState:  value false  state.dim false
07-16 20:58:35.521  5784  5784 D ViewRootImpl@fd6fd12[StatusBar]: MSG_RESIZED_REPORT: frame=Rect(0, 0 - 2220, 63) ci=Rect(0, 0 - 126, 0) vi=Rect(0, 0 - 126, 0) or=2
07-16 20:58:35.521  5784  5784 D KeyguardUpdateMonitor: handleStatusBarState( false )
07-16 20:58:35.522  5784  6306 V SystemUIAnalytics: SAPreference : 2014 / 0
07-16 20:58:35.523  5784  6306 V SystemUIAnalytics: SAPreference : 1109 / 0
07-16 20:58:35.529  5784  6199 D Tile.MobileDataTile: handleUpdateState : state false
07-16 20:58:35.529  5784  6306 V SystemUIAnalytics: SAPreference : 2012 / 0
07-16 20:58:35.529  5148  5819 V WindowManager: Relayout Window{a0c78a7 u0 NavigationBar}: viewVisibility=0 req=126x1080 WM.LayoutParams{(0,0)(fillxfill) sim=#20 ty=2019 fl=#21840068 fmt=-3 colorMode=0 naviIconColor=0}
07-16 20:58:35.530  5784  6306 V SystemUIAnalytics: SAPreference : 2016 / 0
07-16 20:58:35.532  5784  5784 D ViewRootImpl@37edf17[NavigationBar]: Relayout returned: old=[2094,0][2220,1080] new=[2094,0][2220,1080] result=0x3 surface={valid=true 500124233728} changed=false
07-16 20:58:35.540  5784  5784 D KeyguardUpdateMonitor: handleStatusBarState( false )
07-16 20:58:35.544  5784  5784 D KeyguardUpdateMonitor: handleStatusBarState( false )
07-16 20:58:35.547  3324  3324 D SurfaceFlinger:   Display[0] configurations (* current):
07-16 20:58:35.547  3324  3324 D SurfaceFlinger:     * 0: 1440x2960, xdpi=515.153992, ydpi=518.510010, refresh=16666666
07-16 20:58:35.547  3324  3324 D SurfaceFlinger:   numHwLayers=8, flags=00000000
07-16 20:58:35.547  3324  3324 D SurfaceFlinger:     type   |  handle  | hint | flag | tr | blnd |   format    |     source crop (l,t,r,b)      |          frame         | name 
07-16 20:58:35.547  3324  3324 D SurfaceFlinger: -----------+----------+------+------+----+------+-------------+--------------------------------+------------------------+------
07-16 20:58:35.547  3324  3324 D SurfaceFlinger:       GLES | 77b5c47920 | 0000 | 0021 | 00 | 0100 | RGBA_8888   |  339.0,    0.0, 1881.0, 1080.0 |    0,  371, 1080, 1849 | Splash Screen ptgpu.kmu.ac.kr.ptgpu#0
07-16 20:58:35.547  3324  3324 D SurfaceFlinger:       GLES | 77b6272760 | 0000 | 0001 | 00 | 0105 | RGBA_8888   |    0.0,  339.0,   63.0, 1589.0 |    0,  371, 1080,  783 | StatusBar#0
07-16 20:58:35.547  3324  3324 D SurfaceFlinger:       GLES | 77b6274440 | 0000 | 0101 | 00 | 0105 | RGBA_8888   |    0.0,    0.0, 1080.0, 2220.0 |    0,    0, 1080, 2220 | ScreenshotSurface#0
07-16 20:58:35.547  3324  3324 D SurfaceFlinger:       GLES | 00000000 | 0000 | 0201 | 00 | 0105 | ? ffffffff  |   -0.4,   -0.9,   -0.9,   -1.0 |   31,    0, 1080,  244 | BlackSurface#0
07-16 20:58:35.547  3324  3324 D SurfaceFlinger:       GLES | 00000000 | 0000 | 0201 | 00 | 0
07-16 20:58:35.547  3324  3324 D SurfaceFlinger: 105 | ? ffffffff  |   -0.8,   -0.0,   -1.0,   -0.6 |    0,    0,  209, 2077 | BlackSurface#0
07-16 20:58:35.547  3324  3324 D SurfaceFlinger:       GLES | 00000000 | 0000 | 0201 | 00 | 0105 | ? ffffffff  |   -0.1,    0.0,   -0.6,   -0.1 |    0, 1976, 1049, 2220 | BlackSurface#0
07-16 20:58:35.547  3324  3324 D SurfaceFlinger:       GLES | 00000000 | 0000 | 0201 | 00 | 0105 | ? ffffffff  |    0.0,   -0.4,   -0.2,   -1.0 |  871,  143, 1080, 2220 | BlackSurface#0
07-16 20:58:35.547  3324  3324 D SurfaceFlinger:  FB TARGET | 77b6270d20 | 0000 | 0000 | 00 | 0105 | RGBA_8888   |    0.0,    0.0, 1440.0, 2960.0 |    0,    0, 1440, 2960 | HWC_FRAMEBUFFER_TARGET
07-16 20:58:35.658 23898 23898 D ViewRootImpl@bc43c71[PTGPU]: setView = DecorView@d5e5a56[PTGPU] TM=true MM=false
07-16 20:58:35.658  5148  5819 D ActivityManager: post active user change for 0 fullscreen true isHomeActivity() false
07-16 20:58:35.658  5148  5819 D PersonaManagerService: getKeyguardShowState of user: -1
07-16 20:58:35.658  5148  5819 D PersonaManagerService: getKeyguardShowState() does not exist any showing knox keyguard
07-16 20:58:35.662 23898 23898 D ViewRootImpl@bc43c71[PTGPU]: dispatchAttachedToWindow
07-16 20:58:35.664  5148  5819 V WindowManager: Relayout Window{7f11825 u0 ptgpu.kmu.ac.kr.ptgpu/ptgpu.kmu.ac.kr.ptgpu.PTGPU}: viewVisibility=0 req=2092x1016 WM.LayoutParams{(0,0)(fillxfill) sim=#120 ty=1 fl=#81810180 pfl=0x1020000 wanim=0x10302fd vsysui=0x610 needsMenuKey=2 colorMode=0 naviIconColor=0}
07-16 20:58:35.667  3324  3324 I SurfaceFlinger: id=1777 createSurf (2220x1080),1 flag=404, ptgpu.kmu.ac.kr.ptgpu/ptgpu.kmu.ac.kr.ptgpu.PTGPU#0
07-16 20:58:35.667  5148  5819 V Surface : sf_framedrop debug : 0x4f4c, game : false, logging : 0
07-16 20:58:35.668  5148  5184 D SamsungPhoneWindowManager: updateSystemUiVisibilityLw : setForceImmersiveBtnVisibility=true
07-16 20:58:35.668  5784  5784 D NavigationBar: setForceImmersiveBtnVisibility visible : true
07-16 20:58:35.668  5784  5784 D SecNavigationBarView: setPinButtonVisibility() shouldshow=true, leftRemoteVisible=false, mAllKeyDisabled=false, isBouncerShowing=false, isUltraPowerSaving=false, isEmergencyMode=false, isDeviceEncrypted=false, isUserSetupComplete : true
07-16 20:58:35.670  5148  5819 D InputDispatcher: Focus entered window: 23898
07-16 20:58:35.672 23898 23898 V Surface : sf_framedrop debug : 0x4f4c, game : false, logging : 0
07-16 20:58:35.673 23898 23898 D ViewRootImpl@bc43c71[PTGPU]: Relayout returned: old=[0,0][0,0] new=[0,0][2220,1080] result=0x7 surface={valid=true 3359526912} changed=true
07-16 20:58:35.677 23898 23923 I OpenGLRenderer: Initialized EGL, version 1.4
07-16 20:58:35.677 23898 23923 D OpenGLRenderer: Swap behavior 2
07-16 20:58:35.680 23898 23923 D libGLESv1: STS_GLApi : DTS, ODTC are not allowed for Package : ptgpu.kmu.ac.kr.ptgpu
07-16 20:58:35.681 23898 23923 D mali_winsys: EGLint new_window_surface(egl_winsys_display *, void *, EGLSurface, EGLConfig, egl_winsys_surface **, egl_color_buffer_format *, EGLBoolean) returns 0x3000,  [2220x1080]-format:1
07-16 20:58:35.681 23898 23923 D OpenGLRenderer: eglCreateWindowSurface = 0xc827be60
07-16 20:58:35.682  3324  3324 I SurfaceFlinger: id=1778 createSurf (2220x1017),4 flag=404, SurfaceView - ptgpu.kmu.ac.kr.ptgpu/ptgpu.kmu.ac.kr.ptgpu.PTGPU@10f2ead@0#0
07-16 20:58:35.683  3324  3324 I SurfaceFlinger: id=1779 createSurf (2220x1017),-1 flag=20404, Background for - SurfaceView - ptgpu.kmu.ac.kr.ptgpu/ptgpu.kmu.ac.kr.ptgpu.PTGPU@10f2ead@0#0
07-16 20:58:35.683 23898 23898 D SurfaceView: BG show() Surface(name=Background for - SurfaceView - ptgpu.kmu.ac.kr.ptgpu/ptgpu.kmu.ac.kr.ptgpu.PTGPU@10f2ead@0) ptgpu.kmu.ac.kr.ptgpu.PTGPUGLSurfaceView{10f2ead V.E...... ......ID 0,0-2220,1017}
07-16 20:58:35.692 23898 23898 V Surface : sf_framedrop debug : 0x4f4c, game : false, logging : 0
07-16 20:58:35.693 23898 23898 D SurfaceView: surfaceCreated 1 ptgpu.kmu.ac.kr.ptgpu.PTGPUGLSurfaceView{10f2ead V.E...... ......ID 0,0-2220,1017}
07-16 20:58:35.693 23898 23898 D SurfaceView: surfaceChanged (2220,1017) 1 ptgpu.kmu.ac.kr.ptgpu.PTGPUGLSurfaceView{10f2ead V.E...... ......ID 0,0-2220,1017}
07-16 20:58:35.696 23898 23924 D mali_winsys: EGLint new_window_surface(egl_winsys_display *, void *, EGLSurface, EGLConfig, egl_winsys_surface **, egl_color_buffer_format *, EGLBoolean) returns 0x3000,  [2220x1017]-format:2
07-16 20:58:35.696 23898 23924 E PTGPURenderer: Start of onSurfaceCreated
07-16 20:58:35.696 23898 23898 D ViewRootImpl@bc43c71[PTGPU]: MSG_RESIZED_REPORT: frame=Rect(0, 0 - 2220, 1080) ci=Rect(0, 63 - 0, 0) vi=Rect(0, 63 - 0, 0) or=2
07-16 20:58:35.697 23898 23898 D ViewRootImpl@bc43c71[PTGPU]: MSG_WINDOW_FOCUS_CHANGED 1
07-16 20:58:35.698 23898 23898 V InputMethodManager: Starting input: tba=android.view.inputmethod.EditorInfo@a7dc5e2 nm : ptgpu.kmu.ac.kr.ptgpu ic=null
07-16 20:58:35.698 23898 23898 I InputMethodManager: startInputInner - mService.startInputOrWindowGainedFocus
07-16 20:58:35.698  5148  9693 D InputMethodManagerService: startInputOrWindowGainedFocus : windowGainedFocus 
07-16 20:58:35.698  5148  9693 D PersonaManagerService: getKeyguardShowState of user: 150
07-16 20:58:35.698  5148  9693 D InputMethodManagerService: windowGainedFocus: destinationUserId (getCallingUid) = 0
07-16 20:58:35.698  5148  9693 D InputMethodManagerService: windowGainedFocus: currentUserId=0
07-16 20:58:35.698  5148  9693 D InputMethodManagerService: windowGainedFocus: mCurrentFocusedUserId=0
07-16 20:58:35.698  5148  9693 D PersonaManagerService: getKeyguardShowState of user: 150
07-16 20:58:35.698  5148  9693 D InputMethodManagerService: windowGainedFocus : lock - currentUserId = 0 destinationUserId = 0
07-16 20:58:35.698  5148  9693 D InputMethodManagerService: windowGainedFocus : mCurrentFocusedUserId - 0 and mSecureKeypadEnabled - false, userSwitched - false
07-16 20:58:35.698  5148  5819 W StorageManager: getStorageLowBytes lowPercent : 5, lowBytes : 2900325171, maxLowBytes : 524288000
07-16 20:58:35.698  5148  9693 V InputMethodManagerService: windowGainedFocus : reason=WINDOW_FOCUS_GAIN client=android.os.BinderProxy@239e7ec inputContext=null missingMethods= attribute=android.view.inputmethod.EditorInfo@8a0bdfa nm = ptgpu.kmu.ac.kr.ptgpu controlFlags=#104 softInputMode=#120 windowFlags=#81810180
07-16 20:58:35.698  5148  9693 V InputMethodManagerService: hideCurrentInputLocked : shouldHideSoftInput is false
07-16 20:58:35.699  5148  9693 D InputMethodManagerService: isImeSwitcherDisabledPackage : false
07-16 20:58:35.699  5148  9693 V InputMethodManagerService: Creating new session for client ClientState{faf3fab uid 10386 pid 23898}
07-16 20:58:35.699 23898 23924 I H:\users\skkim\AndroidStudio\PTGPU_Android\app\src\main\cpp\displayfunc.cpp: Reading scene: /storage/emulated/0/ptgpu.kmu.ac.kr.ptgpu/scenes/obj-model.txt
07-16 20:58:35.699 23898 23924 I H:\users\skkim\AndroidStudio\PTGPU_Android\app\src\main\cpp\displayfunc.cpp: Reallocated objects to have 14 positions.
07-16 20:58:35.699 23898 23924 I H:\users\skkim\AndroidStudio\PTGPU_Android\app\src\main\cpp\displayfunc.cpp: Reallocated objects to have 16 positions.
07-16 20:58:35.700 23898 23924 I H:\users\skkim\AndroidStudio\PTGPU_Android\app\src\main\cpp\displayfunc.cpp: Reallocated objects to have 18 positions.
07-16 20:58:35.700 23898 23924 I H:\users\skkim\AndroidStudio\PTGPU_Android\app\src\main\cpp\displayfunc.cpp: Reallocated objects to have 30 positions.
07-16 20:58:35.700 23898 23924 I H:\users\skkim\AndroidStudio\PTGPU_Android\app\src\main\cpp\displayfunc.cpp: Reallocated objects to have 32 positions.
07-16 20:58:35.700 23898 23924 I H:\users\skkim\AndroidStudio\PTGPU_Android\app\src\main\cpp\displayfunc.cpp: Reallocated objects to have 34 positions.
07-16 20:58:35.700 23898 23924 I H:\users\skkim\AndroidStudio\PTGPU_Android\app\src\main\cpp\displayfunc.cpp: Reallocated objects to have 93 positions.
07-16 20:58:35.700 23898 23924 I H:\users\skkim\AndroidStudio\PTGPU_Android\app\src\main\cpp\displayfunc.cpp: Reallocated objects to have 105 positions.
07-16 20:58:35.701 23898 23924 I H:\users\skkim\AndroidStudio\PTGPU_Android\app\src\main\cpp\displayfunc.cpp: tri #101 normal: 0.00 -1.00 -0.00
07-16 20:58:35.701 23898 23924 I H:\users\skkim\AndroidStudio\PTGPU_Android\app\src\main\cpp\displayfunc.cpp: tri #102 normal: 0.00 -1.00 0.00
07-16 20:58:35.701 23898 23924 I H:\users\skkim\AndroidStudio\PTGPU_Android\app\src\main\cpp\displayfunc.cpp: Sphere material id: 1
07-16 20:58:35.701 23898 23924 I H:\users\skkim\AndroidStudio\PTGPU_Android\app\src\main\cpp\displayfunc.cpp: Sphere material id: 2
07-16 20:58:35.701 23898 23924 I H:\users\skkim\AndroidStudio\PTGPU_Android\app\src\main\cpp\displayfunc.cpp: Finished parsing scene. Resulting objectCount = 105
07-16 20:58:35.702 23898 23924 I H:\users\skkim\AndroidStudio\PTGPU_Android\app\src\main\cpp\smallptGPU.cpp: OpenCL Platform 0: ARM
07-16 20:58:35.702 23898 23924 I H:\users\skkim\AndroidStudio\PTGPU_Android\app\src\main\cpp\smallptGPU.cpp: OpenCL Device 0: Type = TYPE_GPU
07-16 20:58:35.702 23898 23924 I H:\users\skkim\AndroidStudio\PTGPU_Android\app\src\main\cpp\smallptGPU.cpp: OpenCL Device 0: Name = Mali-G71
07-16 20:58:35.702 23898 23924 I H:\users\skkim\AndroidStudio\PTGPU_Android\app\src\main\cpp\smallptGPU.cpp: OpenCL Device 0: Compute units = 20
07-16 20:58:35.702 23898 23924 I H:\users\skkim\AndroidStudio\PTGPU_Android\app\src\main\cpp\smallptGPU.cpp: OpenCL Device 0: Max. work group size = 384
07-16 20:58:35.702 23898 23924 I H:\users\skkim\AndroidStudio\PTGPU_Android\app\src\main\cpp\smallptGPU.cpp: [SELECTED] OpenCL Device 0: Type = TYPE_GPU
07-16 20:58:35.702 23898 23924 I H:\users\skkim\AndroidStudio\PTGPU_Android\app\src\main\cpp\smallptGPU.cpp: [SELECTED] OpenCL Device 0: Name = Mali-G71
07-16 20:58:35.702 23898 23924 I H:\users\skkim\AndroidStudio\PTGPU_Android\app\src\main\cpp\smallptGPU.cpp: [SELECTED] OpenCL Device 0: Compute units = 20
07-16 20:58:35.702 23898 23924 I H:\users\skkim\AndroidStudio\PTGPU_Android\app\src\main\cpp\smallptGPU.cpp: [SELECTED] OpenCL Device 0: Max. work group size = 384
07-16 20:58:35.702  5148  9693 D InputMethodManagerService: setCurrentInputInfo - inputContext : null eidtorInfo : android.view.inputmethod.EditorInfo@8a0bdfa missingMethods : 0
07-16 20:58:35.703  5775  5775 I InputMethodWrapper:  call dispatchStartInputWithToken
07-16 20:58:35.703  5775  5775 I InputMethodService: dispatchStartInputWithToken
07-16 20:58:35.704 23898 23898 V InputMethodManager: Starting input: tba=android.view.inputmethod.EditorInfo@8a44d73 nm : ptgpu.kmu.ac.kr.ptgpu ic=null
07-16 20:58:35.704  5775  5775 I SKBD    : SamsungKeypad [IMI] onStartInput - caller pid : 23898, caller uid : 10386
07-16 20:58:35.755 23898 23924 I H:\users\skkim\AndroidStudio\PTGPU_Android\app\src\main\cpp\smallptGPU.cpp: Reading file 'kernels/rendering_kernel.cl' (size 44011 bytes)
07-16 20:58:35.792  5148  5819 D CustomFrequencyManagerService: releaseDVFSLockLocked : Getting Lock type frm List : DVFS_MIN_LIMIT  frequency : 2314000  uid : 1000  pid : 5148  tag : APP_LAUNCH@CPU_MIN@7
07-16 20:58:35.830  3324  3324 D SurfaceFlinger:   Display[0] configurations (* current):
07-16 20:58:35.830  3324  3324 D SurfaceFlinger:     * 0: 1440x2960, xdpi=515.153992, ydpi=518.510010, refresh=16666666
07-16 20:58:35.830  3324  3324 D SurfaceFlinger:   numHwLayers=7, flags=00000000
07-16 20:58:35.830  3324  3324 D SurfaceFlinger:     type   |  handle  | hint | flag | tr | blnd |   format    |     source crop (l,t,r,b)      |          frame         | name 
07-16 20:58:35.830  3324  3324 D SurfaceFlinger: -----------+----------+------+------+----+------+-------------+--------------------------------+------------------------+------
07-16 20:58:35.830  3324  3324 D SurfaceFlinger:       GLES | 77b5c47920 | 0000 | 0021 | 00 | 0100 | RGBA_8888   |    0.0,    0.0, 2220.0, 1080.0 |    0,    0, 1080, 2220 | Splash Screen ptgpu.kmu.ac.kr.ptgpu#0
07-16 20:58:35.830  3324  3324 D SurfaceFlinger:       GLES | 77b5c467a0 | 0000 | 0001 | 00 | 0105 | RGBA_8888   |    0.0,    2.0,   63.0, 2220.0 | 1014,    0, 1080, 2220 | StatusBar#0
07-16 20:58:35.830  3324  3324 D SurfaceFlinger:       GLES | 00000000 | 0000 | 0201 | 00 | 0105 | ? ffffffff  |   -0.5,   -1.0,   -1.0,   -1.0 | 1079,    0, 1080, 2219 | BlackSurface#0
07-16 20:58:35.830  3324  3324 D SurfaceFlinger:       GLES | 00000000 | 0000 | 0201 | 00 | 0105 | ? ffffffff  |   -1.0,    0.0,   -1.0,   -0.5 |    0,    0, 1079,    1 | BlackSurface#0
07-16 20:58:35.830  3324  3324 D SurfaceFlinger:       GLES | 00000000 | 0000 | 0201 | 00 | 0105 | ?
07-16 20:58:35.831  3324  3324 D SurfaceFlinger:  ffffffff  |    0.0,    0.0,   -0.5,   -0.0 |    0,    1,    1, 2220 | BlackSurface#0
07-16 20:58:35.831  3324  3324 D SurfaceFlinger:       GLES | 00000000 | 0000 | 0201 | 00 | 0105 | ? ffffffff  |    0.0,   -0.5,   -0.0,   -1.0 |    1, 2219, 1080, 2220 | BlackSurface#0
07-16 20:58:35.831  3324  3324 D SurfaceFlinger:  FB TARGET | 77b62708c0 | 0000 | 0000 | 00 | 0105 | RGBA_8888   |    0.0,    0.0, 1440.0, 2960.0 |    0,    0, 1440, 2960 | HWC_FRAMEBUFFER_TARGET
07-16 20:58:35.867  3324  3324 D SurfaceFlinger:   Display[0] configurations (* current):
07-16 20:58:35.867  3324  3324 D SurfaceFlinger:     * 0: 1440x2960, xdpi=515.153992, ydpi=518.510010, refresh=16666666
07-16 20:58:35.867  3324  3324 D SurfaceFlinger:   numHwLayers=3, flags=00000000
07-16 20:58:35.867  3324  3324 D SurfaceFlinger:     type   |  handle  | hint | flag | tr | blnd |   format    |     source crop (l,t,r,b)      |          frame         | name 
07-16 20:58:35.867  3324  3324 D SurfaceFlinger: -----------+----------+------+------+----+------+-------------+--------------------------------+------------------------+------
07-16 20:58:35.867  3324  3324 D SurfaceFlinger:        HWC | 77b5c47920 | 0000 | 0020 | 04 | 0100 | RGBA_8888   |    1.0,    1.0, 2219.0, 1079.0 |    0,    0, 1080, 2220 | Splash Screen ptgpu.kmu.ac.kr.ptgpu#0
07-16 20:58:35.867  3324  3324 D SurfaceFlinger:        HWC | 77b5c467a0 | 0000 | 0000 | 00 | 0105 | RGBA_8888   |    0.0,    1.0,   62.0, 2219.0 | 1016,    0, 1080, 2220 | StatusBar#0
07-16 20:58:35.867  3324  3324 D SurfaceFlinger:  FB TARGET | 77b6270d20 | 0000 | 0000 | 00 | 0105 | RGBA_8888   |    0.0,    0.0, 1440.0, 2960.0 |    0,    0, 1440, 2960 | HWC_FRAMEBUFFER_TARGET
07-16 20:58:35.926  3324  4625 I SurfaceFlinger: id=1772 Removed ScreenshotSurface#0 (10/14)
07-16 20:58:35.926  3324  4625 I SurfaceFlinger: id=1772 Removed ScreenshotSurface#0 (-2/14)
07-16 20:58:35.926  3324  4426 I SurfaceFlinger: id=1773 Removed BlackSurface#0 (10/13)
07-16 20:58:35.926  3324  4426 I SurfaceFlinger: id=1773 Removed BlackSurface#0 (-2/13)
07-16 20:58:35.926  3324  4625 I SurfaceFlinger: id=1774 Removed BlackSurface#0 (10/12)
07-16 20:58:35.926  3324  4625 I SurfaceFlinger: id=1774 Removed BlackSurface#0 (-2/12)
07-16 20:58:35.927  3324  3656 I SurfaceFlinger: id=1775 Removed BlackSurface#0 (10/11)
07-16 20:58:35.927  3324  4426 I SurfaceFlinger: id=1775 Removed BlackSurface#0 (-2/11)
07-16 20:58:35.927  3324  4625 I SurfaceFlinger: id=1776 Removed BlackSurface#0 (10/10)
07-16 20:58:35.927  3324  4625 I SurfaceFlinger: id=1776 Removed BlackSurface#0 (-2/10)
07-16 20:58:35.930  5148  5422 V WindowManager: rotationForOrientationLw(orient=0, last=1); user=0  sensorRotation=-1 mLidState=-1 mDockMode=0 mHdmiPlugged=false
07-16 20:58:35.942  3324  3324 I Layer   : id=1774 onRemoved BlackSurface#0 
07-16 20:58:35.943  3324  3324 I Layer   : id=1773 onRemoved BlackSurface#0 
07-16 20:58:35.943  3324  3324 I Layer   : id=1775 onRemoved BlackSurface#0 
07-16 20:58:35.943  3324  3324 I Layer   : id=1776 onRemoved BlackSurface#0 
07-16 20:58:35.943  3324  3324 I Layer   : id=1772 onRemoved ScreenshotSurface#0 
07-16 20:58:36.051 23898 23924 I H:\users\skkim\AndroidStudio\PTGPU_Android\app\src\main\cpp\smallptGPU.cpp: OpenCL Device 0: kernel work group size = 384
07-16 20:58:36.051 23898 23924 I H:\users\skkim\AndroidStudio\PTGPU_Android\app\src\main\cpp\smallptGPU.cpp: OpenCL Device 0: forced kernel work group size = 128
07-16 20:58:36.052 23898 23924 D PTGPURenderer: End of onSurfaceCreated
07-16 20:58:36.052 23898 23924 E PTGPURenderer: Start of onSurfaceChanged
07-16 20:58:36.052 23898 23924 E PTGPURenderer: End of onSurfaceChanged
07-16 20:58:36.052 23898 23924 I PTGPURenderer: Start of onDrawFrame
07-16 20:58:36.169  5148 23939 D TspStateManagerInternal: update cmd=set_grip_data,2,1,40,10
07-16 20:58:36.286  5148  5148 D CustomFrequencyManagerService: FrequencyrequestList.getNextCStateDisableRequest, index: 1
07-16 20:58:36.287  5148  5148 D CustomFrequencyManagerService: releaseDVFSLockLocked : Getting Lock type frm List : DVFS_MIN_LIMIT  frequency : 1703000  uid : 1000  pid : 5148  tag : AMS_RELAUNCH_RESUME@CPU_MIN@95
07-16 20:58:36.411 23898 23924 I H:\users\skkim\AndroidStudio\PTGPU_Android\app\src\main\cpp\smallptGPU.cpp: Set time 0.00900 msec, Kernel time 0.18900 msec, Read time 358.42700 msec, Total time 358.63200 msec (pass 1)  Sample/sec  0.9K
07-16 20:58:36.429 23898 23924 E PTGPURenderer: Drawing time: 14 msec
07-16 20:58:36.430 23898 23924 I PTGPURenderer: End of onDrawFrame, 0
07-16 20:58:36.431 23898 23924 I PTGPURenderer: Start of onDrawFrame
07-16 20:58:36.751 23898 23924 I H:\users\skkim\AndroidStudio\PTGPU_Android\app\src\main\cpp\smallptGPU.cpp: Set time 0.01400 msec, Kernel time 0.05600 msec, Read time 319.43800 msec, Total time 319.51600 msec (pass 2)  Sample/sec  1.0K
07-16 20:58:36.761 23898 23924 E PTGPURenderer: Drawing time: 6 msec
07-16 20:58:36.761 23898 23924 I PTGPURenderer: End of onDrawFrame, 1
07-16 20:58:36.762  5148  5819 V WindowManager: finishDrawingLocked: mDrawState=COMMIT_DRAW_PENDING Window{7f11825 u0 ptgpu.kmu.ac.kr.ptgpu/ptgpu.kmu.ac.kr.ptgpu.PTGPU} in Surface(name=ptgpu.kmu.ac.kr.ptgpu/ptgpu.kmu.ac.kr.ptgpu.PTGPU)
07-16 20:58:36.763 23898 23924 I PTGPURenderer: Start of onDrawFrame
07-16 20:58:36.767  5148  5422 D ViewRootImpl@d0dffcb[ptgpu]: dispatchDetachedFromWindow
07-16 20:58:36.767  5148  5422 D InputEventReceiver: channel 'ef01ec1 Splash Screen ptgpu.kmu.ac.kr.ptgpu (client)' ~ Disposing input event receiver.
07-16 20:58:36.767  5148  5422 D InputEventReceiver: channel 'ef01ec1 Splash Screen ptgpu.kmu.ac.kr.ptgpu (client)' ~NativeInputEventReceiver.
07-16 20:58:36.769  5148  5422 D PowerManagerService: [api] acquire WakeLock flags=0x2000000a tag=WindowManager uid=1000 pid=5148 ws=WorkSource{10386} pkg=android
07-16 20:58:36.771  5148  5193 I ActivityManager: Displayed ptgpu.kmu.ac.kr.ptgpu/.PTGPU: +1s946ms
07-16 20:58:36.771  5148  5193 D CustomFrequencyManagerService: acquireDVFSLockLocked : type : DVFS_MIN_LIMIT  frequency : 1807000  uid : 1000  pid : 5148  pkgName : AMS_RESUME_TAIL@CPU_MIN@21
07-16 20:58:36.771  5148  5193 D ActivityManagerPerformance: AMP_acquire() TAIL
07-16 20:58:36.772  5148  5193 D CustomFrequencyManagerService: releaseDVFSLockLocked : Getting Lock type frm List : DVFS_MIN_LIMIT  frequency : 2314000  uid : 1000  pid : 5148  tag : AMS_APP_SWITCH@CPU_MIN@30
07-16 20:58:36.772  5148  5193 D ActivityManagerPerformance: AMP_release() APP_SWITCH
07-16 20:58:36.774  6814  6814 D StageManager: saved stages : inStack [1, 2] , outStack[]
07-16 20:58:36.775  5148  9693 D BatteryService: !@BatteryListener : batteryPropertiesChanged!
07-16 20:58:36.776  5148  9693 D BatteryService: level:99, scale:100, status:2, health:2, present:true, voltage: 4221, temperature: 321, technology: Li-ion, AC powered:false, USB powered:true, POGO powered:false, Wireless powered:false, icon:17303842, invalid charger:0, maxChargingCurrent:0, maxChargingVoltage:0, chargeCounter:3192000
07-16 20:58:36.776  5148  9693 D BatteryService: online:4, current avg:123, charge type:1, power sharing:false, high voltage charger:false, capacity:280000, batterySWSelfDischarging:false, misc_event:0, current_event:0, current_now:-641
07-16 20:58:36.776  5148  5148 D BatteryService: Sending ACTION_BATTERY_CHANGED.
07-16 20:58:36.776  5148  5148 I MotionRecognitionService: Plugged
07-16 20:58:36.776  5148  5148 D MotionRecognitionService:   mCableConnection= 1
07-16 20:58:36.776  5148  5148 D MotionRecognitionService: setPowerConnected : mGripEnabled = false
07-16 20:58:36.776  5148  5148 D SamsungPhoneWindowManager: ACTION_BATTERY_CHANGED - Level :: 99, battStatus :: 2
07-16 20:58:36.777  5784  5784 D KeyguardUpdateMonitor: received broadcast android.intent.action.BATTERY_CHANGED
07-16 20:58:36.777  5148  5191 D UsbDeviceManager: handleMessage -> MSG_UPDATE_CHARGING_STATE = 1
07-16 20:58:36.778  5784  5784 D BatteryController: onReceive-ACTION_BATTERY_CHANGED : mLevel=99, mBatteryStatus=2
07-16 20:58:36.779  5148  6707 V WindowManager: Relayout Window{7f11825 u0 ptgpu.kmu.ac.kr.ptgpu/ptgpu.kmu.ac.kr.ptgpu.PTGPU}: viewVisibility=0 req=2220x1080 WM.LayoutParams{(0,0)(fillxfill) sim=#20 ty=1 fl=#81810180 pfl=0x1020000 fmt=-3 wanim=0x10302fd vsysui=0x610 needsMenuKey=2 colorMode=0 naviIconColor=0}
07-16 20:58:36.780  5784  5784 D PowerUI : priorPlugType = 2 mPlugType =  2
07-16 20:58:36.781  5784  5784 D PowerUI.Notification: showChargingNotice oldChargingType : 1 currentChargingType : 1 oldChargingTime : 167000 mChargingTime : 167000
07-16 20:58:36.781  5784  5784 D PowerUI.Notification: There is no change about charging status, so return!
07-16 20:58:36.782  5148  9693 I WindowManager: Destroying surface Surface(name=com.sec.android.app.launcher/com.sec.android.app.launcher.activities.LauncherActivity) called by com.android.server.wm.WindowStateAnimator.destroySurface:2483 com.android.server.wm.WindowStateAnimator.destroySurfaceLocked:985 com.android.server.wm.WindowState.destroyOrSaveSurfaceUnchecked:3668 com.android.server.wm.WindowState.destroySurface:3616 com.android.server.wm.AppWindowToken.destroySurfaces:722 com.android.server.wm.AppWindowToken.destroySurfaces:706 com.android.server.wm.AppWindowToken.notifyAppStopped:751 com.android.server.wm.AppWindowContainerController.notifyAppStopped:813 
07-16 20:58:36.782  3324  4625 I SurfaceFlinger: id=1770 Removed com.sec.android.app.launcher/com.sec.android.app.launcher.activities.LauncherActivity#0 (1/9)
07-16 20:58:36.782  3324  4625 I SurfaceFlinger: id=1770 Removed com.sec.android.app.launcher/com.sec.android.app.launcher.activities.LauncherActivity#0 (-2/9)
07-16 20:58:36.783 23898 23898 D ViewRootImpl@bc43c71[PTGPU]: Relayout returned: old=[0,0][2220,1080] new=[0,0][2220,1080] result=0x1 surface={valid=true 3359526912} changed=false
07-16 20:58:36.784  6077 18931 D ForegroundUtils: could not check pending caller
07-16 20:58:36.793  3324  3324 I Layer   : id=1770 onRemoved com.sec.android.app.launcher/com.sec.android.app.launcher.activities.LauncherActivity#0 
07-16 20:58:36.813  3324  3324 D SurfaceFlinger:   Display[0] configurations (* current):
07-16 20:58:36.813  3324  3324 D SurfaceFlinger:     * 0: 1440x2960, xdpi=515.153992, ydpi=518.510010, refresh=16666666
07-16 20:58:36.813  3324  3324 D SurfaceFlinger:   numHwLayers=5, flags=00000000
07-16 20:58:36.813  3324  3324 D SurfaceFlinger:     type   |  handle  | hint | flag | tr | blnd |   format    |     source crop (l,t,r,b)      |          frame         | name 
07-16 20:58:36.813  3324  3324 D SurfaceFlinger: -----------+----------+------+------+----+------+-------------+--------------------------------+------------------------+------
07-16 20:58:36.813  3324  3324 D SurfaceFlinger:        HWC | 77b6271c00 | 0000 | 0020 | 00 | 0100 | RGBx_8888   |    0.0,    0.0, 1017.0, 2220.0 |    0,    0, 1017, 2220 | SurfaceView - ptgpu.kmu.ac.kr.ptgpu/ptgpu.kmu.ac.kr.ptgpu.PTGPU@10f2ead@0#0
07-16 20:58:36.813  3324  3324 D SurfaceFlinger:        HWC | 77b6273560 | 0000 | 0000 | 00 | 0105 | RGBA_8888   | 1017.0,    0.0, 1080.0, 2220.0 | 1017,    0, 1080, 2220 | ptgpu.kmu.ac.kr.ptgpu/ptgpu.kmu.ac.kr.ptgpu.PTGPU#0
07-16 20:58:36.813  3324  3324 D SurfaceFlinger:        HWC | 77b5c47920 | 0000 | 0020 | 04 | 0105 | RGBA_8888   |    0.0,    0.0, 2220.0, 1080.0 |    0,    0, 1080, 2220 | Splash Screen ptgpu.kmu.ac.kr.ptgpu#0
