07-16 20:58:36.813  3324  3324 D SurfaceFlinger:        HWC | 77b5c467a0 | 0000 | 0000 | 00 | 0105 | RGBA_8888   |    0.0,    0.0,   6
07-16 20:58:36.813  3324  3324 D SurfaceFlinger: 3.0, 2220.0 | 1017,    0, 1080, 2220 | StatusBar#0
07-16 20:58:36.813  3324  3324 D SurfaceFlinger:  FB TARGET | 77b6270d20 | 0000 | 0000 | 00 | 0105 | RGBA_8888   |    0.0,    0.0, 1440.0, 2960.0 |    0,    0, 1440, 2960 | HWC_FRAMEBUFFER_TARGET
07-16 20:58:36.834  5148  5148 D PreBindingService: handleMessage : 1
07-16 20:58:36.834  5148  5148 I PreBindingService: onTaskStackChanged: returned on tphone mode
07-16 20:58:36.915  5148  5499 D MdnieScenarioControlService:  packageName : ptgpu.kmu.ac.kr.ptgpu    className : ptgpu.kmu.ac.kr.ptgpu.PTGPU
07-16 20:58:36.915  5148  5499 V MdnieScenarioControlService: setUIMode from UI function(3)
07-16 20:58:36.943  5148  5422 I WindowManager: Destroying surface Surface(name=Splash Screen ptgpu.kmu.ac.kr.ptgpu) called by com.android.server.wm.WindowStateAnimator.destroySurface:2483 com.android.server.wm.WindowStateAnimator.destroySurfaceLocked:985 com.android.server.wm.WindowState.destroyOrSaveSurfaceUnchecked:3668 com.android.server.wm.WindowState.destroySurface:3616 com.android.server.wm.AppWindowToken.destroySurfaces:722 com.android.server.wm.AppWindowToken.destroySurfaces:706 com.android.server.wm.WindowState.onExitAnimationDone:5314 com.android.server.wm.WindowStateAnimator.stepAnimationLocked:550 
07-16 20:58:36.943  3324  4426 I SurfaceFlinger: id=1771 Removed Splash Screen ptgpu.kmu.ac.kr.ptgpu#0 (4/8)
07-16 20:58:36.944  3324  3324 D SurfaceFlinger:   Display[0] configurations (* current):
07-16 20:58:36.944  3324  3324 D SurfaceFlinger:     * 0: 1440x2960, xdpi=515.153992, ydpi=518.510010, refresh=16666666
07-16 20:58:36.944  3324  3324 D SurfaceFlinger:   numHwLayers=4, flags=00000000
07-16 20:58:36.944  3324  3324 D SurfaceFlinger:     type   |  handle  | hint | flag | tr | blnd |   format    |     source crop (l,t,r,b)      |          frame         | name 
07-16 20:58:36.944  3324  3324 D SurfaceFlinger: -----------+----------+------+------+----+------+-------------+--------------------------------+------------------------+------
07-16 20:58:36.944  3324  3324 D SurfaceFlinger:        HWC | 77b6271c00 | 0000 | 0020 | 00 | 0100 | RGBx_8888   |    0.0,    0.0, 1017.0, 2220.0 |    0,    0, 1017, 2220 | SurfaceView - ptgpu.kmu.ac.kr.ptgpu/ptgpu.kmu.ac.kr.ptgpu.PTGPU@10f2ead@0#0
07-16 20:58:36.944  3324  3324 D SurfaceFlinger:        HWC | 77b6273560 | 0000 | 0000 | 00 | 0105 | RGBA_8888   | 1017.0,    0.0, 1080.0, 2220.0 | 1017,    0, 1080, 2220 | ptgpu.kmu.ac.kr.ptgpu/ptgpu.kmu.ac.kr.ptgpu.PTGPU#0
07-16 20:58:36.944  3324  3324 D SurfaceFlinger:        HWC | 77b5c467a0 | 0000 | 0000 | 00 | 0105 | RGBA_8888   |    0.0,    0.0,   63.0, 2220.0 | 1017,    0, 1080, 2220 | StatusBar#0
07-16 20:58:36.944  3324  3324 D SurfaceFlinger:  FB TARGET | 77b6270d20 | 0000 | 0000 | 00 | 0105 | RGBA_8888   |    0.0,    0.0, 1440.0, 2960.0 |    0,    0, 
07-16 20:58:36.944  3324  3324 D SurfaceFlinger: 1440, 2960 | HWC_FRAMEBUFFER_TARGET
07-16 20:58:36.948  3324  4625 I SurfaceFlinger: id=1771 Removed Splash Screen ptgpu.kmu.ac.kr.ptgpu#0 (-2/8)
07-16 20:58:36.959  3324  3324 I Layer   : id=1771 onRemoved Splash Screen ptgpu.kmu.ac.kr.ptgpu#0 
07-16 20:58:37.035  5148  5500 D AllAroundSensingService: packageName : ptgpu.kmu.ac.kr.ptgpu    className : ptgpu.kmu.ac.kr.ptgpu.PTGPU
07-16 20:58:37.035  5148  5500 V AllAroundSensingService: setPlatformBrightnessValue 120
07-16 20:58:37.072  5148  5148 D CustomFrequencyManagerService: releaseDVFSLockLocked : Getting Lock type frm List : DVFS_MIN_LIMIT  frequency : 1807000  uid : 1000  pid : 5148  tag : AMS_RESUME_TAIL@CPU_MIN@21
07-16 20:58:37.082 23898 23924 I H:\users\skkim\AndroidStudio\PTGPU_Android\app\src\main\cpp\smallptGPU.cpp: Set time 0.02000 msec, Kernel time 0.08200 msec, Read time 319.63100 msec, Total time 319.73900 msec (pass 3)  Sample/sec  1.0K
07-16 20:58:37.087 23898 23924 E PTGPURenderer: Drawing time: 1 msec
07-16 20:58:37.087 23898 23924 I PTGPURenderer: End of onDrawFrame, 2
07-16 20:58:37.088 23898 23924 I PTGPURenderer: Start of onDrawFrame
07-16 20:58:37.176  3324  3489 W display : MSC0_PRI, mHWState(0) but mStateFences size(1)
07-16 20:58:37.239  5148  5148 D CustomFrequencyManagerService: releaseDVFSLockLocked : Getting Lock type frm List : DVFS_MIN_LIMIT  frequency : 2314000  uid : 1000  pid : 5148  tag : PWM_ROTATION@CPU_MIN@74
07-16 20:58:37.408 23898 23924 I H:\users\skkim\AndroidStudio\PTGPU_Android\app\src\main\cpp\smallptGPU.cpp: Set time 0.01300 msec, Kernel time 0.05300 msec, Read time 319.95300 msec, Total time 320.02900 msec (pass 4)  Sample/sec  1.0K
07-16 20:58:37.420 23898 23924 E PTGPURenderer: Drawing time: 3 msec
07-16 20:58:37.420 23898 23924 I PTGPURenderer: End of onDrawFrame, 3
07-16 20:58:37.423 23898 23924 I PTGPURenderer: Start of onDrawFrame
07-16 20:58:37.424  6436  6436 D io_stats: !@   8,0 r 315091 16055244 w 1292735 24234956 d 97303 53151376 f 336586 369129 iot 922112 641716 th 307200 0 0 pt 0 inp 0 0 133378.053
07-16 20:58:37.744 23898 23924 I H:\users\skkim\AndroidStudio\PTGPU_Android\app\src\main\cpp\smallptGPU.cpp: Set time 0.02400 msec, Kernel time 0.10200 msec, Read time 320.12100 msec, Total time 320.26200 msec (pass 5)  Sample/sec  1.0K
07-16 20:58:37.754 23898 23924 E PTGPURenderer: Drawing time: 3 msec
07-16 20:58:37.754 23898 23924 I PTGPURenderer: End of onDrawFrame, 4
07-16 20:58:37.757 23898 23924 I PTGPURenderer: Start of onDrawFrame
07-16 20:58:37.770  5784  6199 D NetworkController.MobileSignalController(0/-2): onSignalStrengthsChanged signalStrength=SignalStrength: 19 99 -120 -160 -120 -1 -1 99 2147483647 2147483647 2147483647 2147483647 0 2147483647 0x4 P gsm|lte level=4
07-16 20:58:37.770  5784  6199 D NetworkController.MobileSignalController(0/-2): getMobileIconGroup(): 0
07-16 20:58:37.803  5148  5495 D InputReader: Input event(7): value=1 when=133378432204000
07-16 20:58:37.803  5148  5495 D InputReader: Input event(7): value=1 when=133378432204000
07-16 20:58:37.803  5148  5495 I InputReader: Touch event's action is 0x0 (deviceType=0) [pCnt=1, s=0.15388 ] when=133378432204000
07-16 20:58:37.803  5148  5494 I InputDispatcher: Delivering touch to (5784): action: 0x4, toolType: 1
07-16 20:58:37.803  5148  5494 I InputDispatcher: Delivering touch to (23898): action: 0x0, toolType: 1
07-16 20:58:37.804 23898 23898 D ViewRootImpl@bc43c71[PTGPU]: ViewPostIme pointer 0
07-16 20:58:37.862  3980 16581 I EventLogSendingHelper: Sending log events.
07-16 20:58:37.879  5148  9667 D ConnectivityService: filterNetworkStateForUid() uid: 10029 networkInfo: [type: WIFI[] - WIFI, state: CONNECTED/CONNECTED, reason: (unspecified), extra: "iptime_a8004_7219_5G", failover: false, available: true, roaming: false, metered: false]
07-16 20:58:37.995  5148  5193 I zygote64: Explicit concurrent copying GC freed 95997(5MB) AllocSpace objects, 39(780KB) LOS objects, 29% free, 57MB/81MB, paused 517us total 488.923ms
07-16 20:58:38.078 23898 23924 I H:\users\skkim\AndroidStudio\PTGPU_Android\app\src\main\cpp\smallptGPU.cpp: Set time 0.02200 msec, Kernel time 0.09700 msec, Read time 320.95700 msec, Total time 321.08900 msec (pass 6)  Sample/sec  1.0K
07-16 20:58:38.080 23898 23898 I PTGPUGLSurfaceView: X: 1402, Y: 660, Event: 0
07-16 20:58:38.091 23898 23924 E PTGPURenderer: Drawing time: 3 msec
07-16 20:58:38.092 23898 23924 I PTGPURenderer: End of onDrawFrame, 5
07-16 20:58:38.093 23898 23924 I PTGPURenderer: Start of onDrawFrame
07-16 20:58:38.097 23898 23924 I H:\users\skkim\AndroidStudio\PTGPU_Android\app\src\main\cpp\smallptGPU.cpp: Set time 0.02700 msec, Kernel time 0.08800 msec, Read time 3.15000 msec, Total time 3.27900 msec (pass 1)  Sample/sec  93.7K
07-16 20:58:38.098 23898 23898 I PTGPUGLSurfaceView: X: 1353, Y: 672, Event: 2
07-16 20:58:38.106 23898 23924 E PTGPURenderer: Drawing time: 2 msec
07-16 20:58:38.106 23898 23924 I PTGPURenderer: End of onDrawFrame, 6
07-16 20:58:38.107 23898 23924 I PTGPURenderer: Start of onDrawFrame
07-16 20:58:38.110 23898 23924 I H:\users\skkim\AndroidStudio\PTGPU_Android\app\src\main\cpp\smallptGPU.cpp: Set time 0.01700 msec, Kernel time 0.07200 msec, Read time 2.62400 msec, Total time 2.72200 msec (pass 1)  Sample/sec  112.9K
07-16 20:58:38.112 23898 23898 I PTGPUGLSurfaceView: X: 1349, Y: 673, Event: 2
07-16 20:58:38.118 23898 23924 E PTGPURenderer: Drawing time: 2 msec
07-16 20:58:38.118 23898 23924 I PTGPURenderer: End of onDrawFrame, 7
07-16 20:58:38.120 23898 23924 I PTGPURenderer: Start of onDrawFrame
07-16 20:58:38.122 23898 23924 I H:\users\skkim\AndroidStudio\PTGPU_Android\app\src\main\cpp\smallptGPU.cpp: Set time 0.01700 msec, Kernel time 0.06400 msec, Read time 2.39200 msec, Total time 2.48100 msec (pass 1)  Sample/sec  123.8K
07-16 20:58:38.127  5148  5495 D InputReader: Input event(7): value=0 when=133378756461000
07-16 20:58:38.127  5148  5495 D InputReader: Input event(7): value=0 when=133378756461000
07-16 20:58:38.127  5148  5495 I InputReader: Touch event's action is 0x1 (deviceType=0) [pCnt=1, s=] when=133378756461000
07-16 20:58:38.127  5148  5494 I InputDispatcher: Delivering touch to (23898): action: 0x1, toolType: 1
07-16 20:58:38.129  5148  9135 D GameManagerService: identifyGamePackage. ptgpu.kmu.ac.kr.ptgpu
07-16 20:58:38.129  5148  9135 D GamePkgDataHelper: getGamePkgData(). ptgpu.kmu.ac.kr.ptgpu
07-16 20:58:38.129  5148  9135 D CustomFrequencyManagerService: acquireDVFSLockLocked : type : DVFS_MIN_LIMIT  frequency : 858000  uid : 1000  pid : 5148  pkgName : GESTURE_DETECTED@CPU_MIN@65
07-16 20:58:38.129 23898 23898 I PTGPUGLSurfaceView: X: 1344, Y: 677, Event: 2
07-16 20:58:38.130 23898 23898 D ViewRootImpl@bc43c71[PTGPU]: ViewPostIme pointer 1
07-16 20:58:38.131 23898 23898 I PTGPUGLSurfaceView: X: 1344, Y: 677, Event: 1
07-16 20:58:38.131 23898 23924 E PTGPURenderer: Drawing time: 2 msec
07-16 20:58:38.131 23898 23924 I PTGPURenderer: End of onDrawFrame, 8
07-16 20:58:38.132 23898 23924 I PTGPURenderer: Start of onDrawFrame
07-16 20:58:38.135 23898 23924 I H:\users\skkim\AndroidStudio\PTGPU_Android\app\src\main\cpp\smallptGPU.cpp: Set time 0.01700 msec, Kernel time 0.06400 msec, Read time 2.69600 msec, Total time 2.78600 msec (pass 1)  Sample/sec  110.3K
07-16 20:58:38.146 23898 23924 E PTGPURenderer: Drawing time: 4 msec
07-16 20:58:38.146 23898 23924 I PTGPURenderer: End of onDrawFrame, 9
07-16 20:58:38.147 23898 23924 I PTGPURenderer: Start of onDrawFrame
07-16 20:58:38.150 23898 23924 I H:\users\skkim\AndroidStudio\PTGPU_Android\app\src\main\cpp\smallptGPU.cpp: Set time 0.01700 msec, Kernel time 0.06300 msec, Read time 2.55100 msec, Total time 2.64200 msec (pass 2)  Sample/sec  116.3K
07-16 20:58:38.163 23898 23924 E PTGPURenderer: Drawing time: 6 msec
07-16 20:58:38.163 23898 23924 I PTGPURenderer: End of onDrawFrame, 10
07-16 20:58:38.164 23898 23924 I PTGPURenderer: Start of onDrawFrame
07-16 20:58:38.167 23898 23924 I H:\users\skkim\AndroidStudio\PTGPU_Android\app\src\main\cpp\smallptGPU.cpp: Set time 0.01800 msec, Kernel time 0.06400 msec, Read time 2.68700 msec, Total time 2.77800 msec (pass 3)  Sample/sec  110.6K
07-16 20:58:38.179 23898 23924 E PTGPURenderer: Drawing time: 8 msec
07-16 20:58:38.179 23898 23924 I PTGPURenderer: End of onDrawFrame, 11
07-16 20:58:38.180 23898 23924 I PTGPURenderer: Start of onDrawFrame
07-16 20:58:38.183 23898 23924 I H:\users\skkim\AndroidStudio\PTGPU_Android\app\src\main\cpp\smallptGPU.cpp: Set time 0.01700 msec, Kernel time 0.06500 msec, Read time 2.66000 msec, Total time 2.75100 msec (pass 4)  Sample/sec  111.7K
07-16 20:58:38.196 23898 23924 E PTGPURenderer: Drawing time: 8 msec
07-16 20:58:38.196 23898 23924 I PTGPURenderer: End of onDrawFrame, 12
07-16 20:58:38.197 23898 23924 I PTGPURenderer: Start of onDrawFrame
07-16 20:58:38.200 23898 23924 I H:\users\skkim\AndroidStudio\PTGPU_Android\app\src\main\cpp\smallptGPU.cpp: Set time 0.01800 msec, Kernel time 0.06400 msec, Read time 2.94000 msec, Total time 3.03100 msec (pass 5)  Sample/sec  101.4K
07-16 20:58:38.213 23898 23924 E PTGPURenderer: Drawing time: 3 msec
07-16 20:58:38.213 23898 23924 I PTGPURenderer: End of onDrawFrame, 13
07-16 20:58:38.215 23898 23924 I PTGPURenderer: Start of onDrawFrame
07-16 20:58:38.218 23898 23924 I H:\users\skkim\AndroidStudio\PTGPU_Android\app\src\main\cpp\smallptGPU.cpp: Set time 0.02100 msec, Kernel time 0.08100 msec, Read time 3.02400 msec, Total time 3.13800 msec (pass 6)  Sample/sec  97.9K
07-16 20:58:38.231 23898 23924 E PTGPURenderer: Drawing time: 2 msec
07-16 20:58:38.231 23898 23924 I PTGPURenderer: End of onDrawFrame, 14
07-16 20:58:38.233 23898 23924 I PTGPURenderer: Start of onDrawFrame
07-16 20:58:38.237 23898 23924 I H:\users\skkim\AndroidStudio\PTGPU_Android\app\src\main\cpp\smallptGPU.cpp: Set time 0.02300 msec, Kernel time 0.08400 msec, Read time 3.43300 msec, Total time 3.55200 msec (pass 7)  Sample/sec  86.5K
07-16 20:58:38.246 23898 23924 E PTGPURenderer: Drawing time: 3 msec
07-16 20:58:38.247 23898 23924 I PTGPURenderer: End of onDrawFrame, 15
07-16 20:58:38.248 23898 23924 I PTGPURenderer: Start of onDrawFrame
07-16 20:58:38.251 23898 23924 I H:\users\skkim\AndroidStudio\PTGPU_Android\app\src\main\cpp\smallptGPU.cpp: Set time 0.02000 msec, Kernel time 0.07500 msec, Read time 2.86100 msec, Total time 2.96600 msec (pass 8)  Sample/sec  103.6K
07-16 20:58:38.263 23898 23924 E PTGPURenderer: Drawing time: 6 msec
07-16 20:58:38.263 23898 23924 I PTGPURenderer: End of onDrawFrame, 16
07-16 20:58:38.264 23898 23924 I PTGPURenderer: Start of onDrawFrame
07-16 20:58:38.268 23898 23924 I H:\users\skkim\AndroidStudio\PTGPU_Android\app\src\main\cpp\smallptGPU.cpp: Set time 0.02000 msec, Kernel time 0.07600 msec, Read time 2.83300 msec, Total time 2.94100 msec (pass 9)  Sample/sec  104.5K
07-16 20:58:38.280 23898 23924 E PTGPURenderer: Drawing time: 6 msec
07-16 20:58:38.280 23898 23924 I PTGPURenderer: End of onDrawFrame, 17
07-16 20:58:38.281 23898 23924 I PTGPURenderer: Start of onDrawFrame
07-16 20:58:38.285 23898 23924 I H:\users\skkim\AndroidStudio\PTGPU_Android\app\src\main\cpp\smallptGPU.cpp: Set time 0.02300 msec, Kernel time 0.08000 msec, Read time 2.96600 msec, Total time 3.08400 msec (pass 10)  Sample/sec  99.6K
07-16 20:58:38.298 23898 23924 E PTGPURenderer: Drawing time: 4 msec
07-16 20:58:38.298 23898 23924 I PTGPURenderer: End of onDrawFrame, 18
07-16 20:58:38.300 23898 23924 I PTGPURenderer: Start of onDrawFrame
07-16 20:58:38.303 23898 23924 I H:\users\skkim\AndroidStudio\PTGPU_Android\app\src\main\cpp\smallptGPU.cpp: Set time 0.02100 msec, Kernel time 0.08200 msec, Read time 3.08300 msec, Total time 3.20200 msec (pass 11)  Sample/sec  95.9K
07-16 20:58:38.313 23898 23924 E PTGPURenderer: Drawing time: 3 msec
07-16 20:58:38.313 23898 23924 I PTGPURenderer: End of onDrawFrame, 19
07-16 20:58:38.315 23898 23924 I PTGPURenderer: Start of onDrawFrame
07-16 20:58:38.318 23898 23924 I H:\users\skkim\AndroidStudio\PTGPU_Android\app\src\main\cpp\smallptGPU.cpp: Set time 0.02100 msec, Kernel time 0.08100 msec, Read time 2.95500 msec, Total time 3.07300 msec (pass 12)  Sample/sec  100.0K
07-16 20:58:38.331 23898 23924 E PTGPURenderer: Drawing time: 3 msec
07-16 20:58:38.331 23898 23924 I PTGPURenderer: End of onDrawFrame, 20
07-16 20:58:38.333 23898 23924 I PTGPURenderer: Start of onDrawFrame
07-16 20:58:38.336 23898 23924 I H:\users\skkim\AndroidStudio\PTGPU_Android\app\src\main\cpp\smallptGPU.cpp: Set time 0.02200 msec, Kernel time 0.08200 msec, Read time 3.15100 msec, Total time 3.26600 msec (pass 13)  Sample/sec  94.1K
07-16 20:58:38.347 23898 23924 E PTGPURenderer: Drawing time: 4 msec
07-16 20:58:38.347 23898 23924 I PTGPURenderer: End of onDrawFrame, 21
07-16 20:58:38.349 23898 23924 I PTGPURenderer: Start of onDrawFrame
07-16 20:58:38.352 23898 23924 I H:\users\skkim\AndroidStudio\PTGPU_Android\app\src\main\cpp\smallptGPU.cpp: Set time 0.02100 msec, Kernel time 0.07900 msec, Read time 2.94600 msec, Total time 3.05700 msec (pass 14)  Sample/sec  100.5K
07-16 20:58:38.363 23898 23924 E PTGPURenderer: Drawing time: 4 msec
07-16 20:58:38.363 23898 23924 I PTGPURenderer: End of onDrawFrame, 22
07-16 20:58:38.365 23898 23924 I PTGPURenderer: Start of onDrawFrame
07-16 20:58:38.368 23898 23924 I H:\users\skkim\AndroidStudio\PTGPU_Android\app\src\main\cpp\smallptGPU.cpp: Set time 0.02200 msec, Kernel time 0.08000 msec, Read time 3.08300 msec, Total time 3.19600 msec (pass 15)  Sample/sec  96.1K
07-16 20:58:38.380 23898 23924 E PTGPURenderer: Drawing time: 5 msec
07-16 20:58:38.380 23898 23924 I PTGPURenderer: End of onDrawFrame, 23
07-16 20:58:38.382 23898 23924 I PTGPURenderer: Start of onDrawFrame
07-16 20:58:38.385 23898 23924 I H:\users\skkim\AndroidStudio\PTGPU_Android\app\src\main\cpp\smallptGPU.cpp: Set time 0.02200 msec, Kernel time 0.08500 msec, Read time 3.19200 msec, Total time 3.31100 msec (pass 16)  Sample/sec  92.8K
07-16 20:58:38.397 23898 23924 E PTGPURenderer: Drawing time: 4 msec
07-16 20:58:38.397 23898 23924 I PTGPURenderer: End of onDrawFrame, 24
07-16 20:58:38.399 23898 23924 I PTGPURenderer: Start of onDrawFrame
07-16 20:58:38.403 23898 23924 I H:\users\skkim\AndroidStudio\PTGPU_Android\app\src\main\cpp\smallptGPU.cpp: Set time 0.02600 msec, Kernel time 0.08900 msec, Read time 3.39100 msec, Total time 3.52500 msec (pass 17)  Sample/sec  87.1K
07-16 20:58:38.416 23898 23924 E PTGPURenderer: Drawing time: 2 msec
07-16 20:58:38.416 23898 23924 I PTGPURenderer: End of onDrawFrame, 25
07-16 20:58:38.417 23898 23924 I PTGPURenderer: Start of onDrawFrame
07-16 20:58:38.421 23898 23924 I H:\users\skkim\AndroidStudio\PTGPU_Android\app\src\main\cpp\smallptGPU.cpp: Set time 0.02300 msec, Kernel time 0.12200 msec, Read time 3.25600 msec, Total time 3.41300 msec (pass 18)  Sample/sec  90.0K
07-16 20:58:38.432 23898 23924 E PTGPURenderer: Drawing time: 2 msec
07-16 20:58:38.432 23898 23924 I PTGPURenderer: End of onDrawFrame, 26
07-16 20:58:38.434 23898 23924 I PTGPURenderer: Start of onDrawFrame
07-16 20:58:38.437 23898 23924 I H:\users\skkim\AndroidStudio\PTGPU_Android\app\src\main\cpp\smallptGPU.cpp: Set time 0.02200 msec, Kernel time 0.07900 msec, Read time 2.97700 msec, Total time 3.09000 msec (pass 19)  Sample/sec  99.4K
07-16 20:58:38.447 23898 23924 E PTGPURenderer: Drawing time: 4 msec
07-16 20:58:38.448 23898 23924 I PTGPURenderer: End of onDrawFrame, 27
07-16 20:58:38.449 23898 23924 I PTGPURenderer: Start of onDrawFrame
07-16 20:58:38.452 23898 23924 I H:\users\skkim\AndroidStudio\PTGPU_Android\app\src\main\cpp\smallptGPU.cpp: Set time 0.02200 msec, Kernel time 0.07800 msec, Read time 2.98700 msec, Total time 3.09600 msec (pass 20)  Sample/sec  99.2K
07-16 20:58:38.464 23898 23924 E PTGPURenderer: Drawing time: 2 msec
07-16 20:58:38.464 23898 23924 I PTGPURenderer: End of onDrawFrame, 28
07-16 20:58:38.465 23898 23924 I PTGPURenderer: Start of onDrawFrame
07-16 20:58:38.469 23898 23924 I H:\users\skkim\AndroidStudio\PTGPU_Android\app\src\main\cpp\smallptGPU.cpp: Set time 0.02100 msec, Kernel time 0.08100 msec, Read time 3.01100 msec, Total time 3.12400 msec (pass 21)  Sample/sec  98.3K
07-16 20:58:38.480 23898 23924 E PTGPURenderer: Drawing time: 2 msec
07-16 20:58:38.480 23898 23924 I PTGPURenderer: End of onDrawFrame, 29
07-16 20:58:38.482 23898 23924 I PTGPURenderer: Start of onDrawFrame
07-16 20:58:38.485 23898 23924 I H:\users\skkim\AndroidStudio\PTGPU_Android\app\src\main\cpp\smallptGPU.cpp: Set time 0.02000 msec, Kernel time 0.07800 msec, Read time 3.03300 msec, Total time 3.14200 msec (pass 22)  Sample/sec  97.8K
07-16 20:58:38.497 23898 23924 E PTGPURenderer: Drawing time: 3 msec
07-16 20:58:38.497 23898 23924 I PTGPURenderer: End of onDrawFrame, 30
07-16 20:58:38.500 23898 23924 I PTGPURenderer: Start of onDrawFrame
07-16 20:58:38.503 23898 23924 I H:\users\skkim\AndroidStudio\PTGPU_Android\app\src\main\cpp\smallptGPU.cpp: Set time 0.02100 msec, Kernel time 0.07700 msec, Read time 3.05800 msec, Total time 3.16700 msec (pass 23)  Sample/sec  97.0K
07-16 20:58:38.513 23898 23924 E PTGPURenderer: Drawing time: 4 msec
07-16 20:58:38.513 23898 23924 I PTGPURenderer: End of onDrawFrame, 31
07-16 20:58:38.515 23898 23924 I PTGPURenderer: Start of onDrawFrame
07-16 20:58:38.518 23898 23924 I H:\users\skkim\AndroidStudio\PTGPU_Android\app\src\main\cpp\smallptGPU.cpp: Set time 0.02100 msec, Kernel time 0.07800 msec, Read time 2.94900 msec, Total time 3.06000 msec (pass 24)  Sample/sec  100.4K
07-16 20:58:38.530 23898 23924 E PTGPURenderer: Drawing time: 6 msec
07-16 20:58:38.530 23898 23924 I PTGPURenderer: End of onDrawFrame, 32
07-16 20:58:38.532 23898 23924 I PTGPURenderer: Start of onDrawFrame
07-16 20:58:38.535 23898 23924 I H:\users\skkim\AndroidStudio\PTGPU_Android\app\src\main\cpp\smallptGPU.cpp: Set time 0.02100 msec, Kernel time 0.07700 msec, Read time 3.03700 msec, Total time 3.14500 msec (pass 25)  Sample/sec  97.7K
07-16 20:58:38.547 23898 23924 E PTGPURenderer: Drawing time: 6 msec
07-16 20:58:38.547 23898 23924 I PTGPURenderer: End of onDrawFrame, 33
07-16 20:58:38.548 23898 23924 I PTGPURenderer: Start of onDrawFrame
07-16 20:58:38.552 23898 23924 I H:\users\skkim\AndroidStudio\PTGPU_Android\app\src\main\cpp\smallptGPU.cpp: Set time 0.02400 msec, Kernel time 0.08100 msec, Read time 3.10700 msec, Total time 3.22400 msec (pass 26)  Sample/sec  95.3K
07-16 20:58:38.564 23898 23924 E PTGPURenderer: Drawing time: 3 msec
07-16 20:58:38.564 23898 23924 I PTGPURenderer: End of onDrawFrame, 34
07-16 20:58:38.565 23898 23924 I PTGPURenderer: Start of onDrawFrame
07-16 20:58:38.569 23898 23924 I H:\users\skkim\AndroidStudio\PTGPU_Android\app\src\main\cpp\smallptGPU.cpp: Set time 0.02400 msec, Kernel time 0.08200 msec, Read time 3.09000 msec, Total time 3.21100 msec (pass 27)  Sample/sec  95.7K
07-16 20:58:38.581 23898 23924 E PTGPURenderer: Drawing time: 2 msec
07-16 20:58:38.582 23898 23924 I PTGPURenderer: End of onDrawFrame, 35
07-16 20:58:38.584 23898 23924 I PTGPURenderer: Start of onDrawFrame
07-16 20:58:38.587 23898 23924 I H:\users\skkim\AndroidStudio\PTGPU_Android\app\src\main\cpp\smallptGPU.cpp: Set time 0.02200 msec, Kernel time 0.10000 msec, Read time 3.38700 msec, Total time 3.52200 msec (pass 28)  Sample/sec  87.2K
07-16 20:58:38.598 23898 23924 E PTGPURenderer: Drawing time: 3 msec
07-16 20:58:38.598 23898 23924 I PTGPURenderer: End of onDrawFrame, 36
07-16 20:58:38.599 23898 23924 I PTGPURenderer: Start of onDrawFrame
07-16 20:58:38.603 23898 23924 I H:\users\skkim\AndroidStudio\PTGPU_Android\app\src\main\cpp\smallptGPU.cpp: Set time 0.02100 msec, Kernel time 0.08500 msec, Read time 3.26100 msec, Total time 3.38000 msec (pass 29)  Sample/sec  90.9K
07-16 20:58:38.617 23898 23924 E PTGPURenderer: Drawing time: 5 msec
07-16 20:58:38.617 23898 23924 I PTGPURenderer: End of onDrawFrame, 37
07-16 20:58:38.618 23898 23924 I PTGPURenderer: Start of onDrawFrame
07-16 20:58:38.622 23898 23924 I H:\users\skkim\AndroidStudio\PTGPU_Android\app\src\main\cpp\smallptGPU.cpp: Set time 0.02000 msec, Kernel time 0.07700 msec, Read time 3.46800 msec, Total time 3.57700 msec (pass 30)  Sample/sec  85.9K
07-16 20:58:38.630  5148  5148 D CustomFrequencyManagerService: releaseDVFSLockLocked : Getting Lock type frm List : DVFS_MIN_LIMIT  frequency : 858000  uid : 1000  pid : 5148  tag : GESTURE_DETECTED@CPU_MIN@65
07-16 20:58:38.630 23898 23924 E PTGPURenderer: Drawing time: 2 msec
07-16 20:58:38.630 23898 23924 I PTGPURenderer: End of onDrawFrame, 38
07-16 20:58:38.632 23898 23924 I PTGPURenderer: Start of onDrawFrame
07-16 20:58:38.635 23898 23924 I H:\users\skkim\AndroidStudio\PTGPU_Android\app\src\main\cpp\smallptGPU.cpp: Set time 0.02200 msec, Kernel time 0.08000 msec, Read time 3.05700 msec, Total time 3.17000 msec (pass 31)  Sample/sec  96.9K
07-16 20:58:38.647 23898 23924 E PTGPURenderer: Drawing time: 5 msec
07-16 20:58:38.647 23898 23924 I PTGPURenderer: End of onDrawFrame, 39
07-16 20:58:38.649 23898 23924 I PTGPURenderer: Start of onDrawFrame
07-16 20:58:38.652 23898 23924 I H:\users\skkim\AndroidStudio\PTGPU_Android\app\src\main\cpp\smallptGPU.cpp: Set time 0.02200 msec, Kernel time 0.07600 msec, Read time 3.02600 msec, Total time 3.13500 msec (pass 32)  Sample/sec  98.0K
07-16 20:58:38.664 23898 23924 E PTGPURenderer: Drawing time: 4 msec
07-16 20:58:38.664 23898 23924 I PTGPURenderer: End of onDrawFrame, 40
07-16 20:58:38.666 23898 23924 I PTGPURenderer: Start of onDrawFrame
07-16 20:58:38.670 23898 23924 I H:\users\skkim\AndroidStudio\PTGPU_Android\app\src\main\cpp\smallptGPU.cpp: Set time 0.02600 msec, Kernel time 0.09300 msec, Read time 4.06000 msec, Total time 4.19500 msec (pass 33)  Sample/sec  73.2K
07-16 20:58:38.680 23898 23924 E PTGPURenderer: Drawing time: 2 msec
07-16 20:58:38.681 23898 23924 I PTGPURenderer: End of onDrawFrame, 41
07-16 20:58:38.682 23898 23924 I PTGPURenderer: Start of onDrawFrame
07-16 20:58:38.685 23898 23924 I H:\users\skkim\AndroidStudio\PTGPU_Android\app\src\main\cpp\smallptGPU.cpp: Set time 0.01900 msec, Kernel time 0.06300 msec, Read time 3.05200 msec, Total time 3.14300 msec (pass 34)  Sample/sec  97.7K
07-16 20:58:38.697 23898 23924 E PTGPURenderer: Drawing time: 7 msec
07-16 20:58:38.697 23898 23924 I PTGPURenderer: End of onDrawFrame, 42
07-16 20:58:38.698 23898 23924 I PTGPURenderer: Start of onDrawFrame
07-16 20:58:38.702 23898 23924 I H:\users\skkim\AndroidStudio\PTGPU_Android\app\src\main\cpp\smallptGPU.cpp: Set time 0.01700 msec, Kernel time 0.06700 msec, Read time 3.00800 msec, Total time 3.10000 msec (pass 35)  Sample/sec  99.1K
07-16 20:58:38.713 23898 23924 E PTGPURenderer: Drawing time: 5 msec
07-16 20:58:38.713 23898 23924 I PTGPURenderer: End of onDrawFrame, 43
07-16 20:58:38.715 23898 23924 I PTGPURenderer: Start of onDrawFrame
07-16 20:58:38.718 23898 23924 I H:\users\skkim\AndroidStudio\PTGPU_Android\app\src\main\cpp\smallptGPU.cpp: Set time 0.02000 msec, Kernel time 0.06600 msec, Read time 3.09100 msec, Total time 3.18500 msec (pass 36)  Sample/sec  96.5K
07-16 20:58:38.730 23898 23924 E PTGPURenderer: Drawing time: 7 msec
07-16 20:58:38.730 23898 23924 I PTGPURenderer: End of onDrawFrame, 44
07-16 20:58:38.731 23898 23924 I PTGPURenderer: Start of onDrawFrame
07-16 20:58:38.735 23898 23924 I H:\users\skkim\AndroidStudio\PTGPU_Android\app\src\main\cpp\smallptGPU.cpp: Set time 0.02500 msec, Kernel time 0.08900 msec, Read time 3.51000 msec, Total time 3.63900 msec (pass 37)  Sample/sec  84.4K
07-16 20:58:38.748 23898 23924 E PTGPURenderer: Drawing time: 4 msec
07-16 20:58:38.748 23898 23924 I PTGPURenderer: End of onDrawFrame, 45
07-16 20:58:38.750 23898 23924 I PTGPURenderer: Start of onDrawFrame
07-16 20:58:38.755 23898 23924 I H:\users\skkim\AndroidStudio\PTGPU_Android\app\src\main\cpp\smallptGPU.cpp: Set time 0.02500 msec, Kernel time 0.08900 msec, Read time 4.69200 msec, Total time 4.81900 msec (pass 38)  Sample/sec  63.7K
07-16 20:58:38.765 23898 23924 E PTGPURenderer: Drawing time: 2 msec
07-16 20:58:38.766 23898 23924 I PTGPURenderer: End of onDrawFrame, 46
07-16 20:58:38.767 23898 23924 I PTGPURenderer: Start of onDrawFrame
07-16 20:58:38.771 23898 23924 I H:\users\skkim\AndroidStudio\PTGPU_Android\app\src\main\cpp\smallptGPU.cpp: Set time 0.02500 msec, Kernel time 0.09000 msec, Read time 3.61100 msec, Total time 3.74000 msec (pass 39)  Sample/sec  82.1K
07-16 20:58:38.782 23898 23924 E PTGPURenderer: Drawing time: 3 msec
07-16 20:58:38.782 23898 23924 I PTGPURenderer: End of onDrawFrame, 47
07-16 20:58:38.784 23898 23924 I PTGPURenderer: Start of onDrawFrame
07-16 20:58:38.788 23898 23924 I H:\users\skkim\AndroidStudio\PTGPU_Android\app\src\main\cpp\smallptGPU.cpp: Set time 0.02400 msec, Kernel time 0.08400 msec, Read time 3.83500 msec, Total time 3.95700 msec (pass 40)  Sample/sec  77.6K
07-16 20:58:38.801 23898 23924 E PTGPURenderer: Drawing time: 2 msec
07-16 20:58:38.802 23898 23924 I PTGPURenderer: End of onDrawFrame, 48
07-16 20:58:38.804 23898 23924 I PTGPURenderer: Start of onDrawFrame
07-16 20:58:38.807 23898 23924 I H:\users\skkim\AndroidStudio\PTGPU_Android\app\src\main\cpp\smallptGPU.cpp: Set time 0.02500 msec, Kernel time 0.08700 msec, Read time 3.70700 msec, Total time 3.83300 msec (pass 41)  Sample/sec  80.1K
07-16 20:58:38.822 23898 23924 E PTGPURenderer: Drawing time: 2 msec
07-16 20:58:38.822 23898 23924 I PTGPURenderer: End of onDrawFrame, 49
07-16 20:58:38.824 23898 23924 I PTGPURenderer: Start of onDrawFrame
07-16 20:58:38.827 23898 23924 I H:\users\skkim\AndroidStudio\PTGPU_Android\app\src\main\cpp\smallptGPU.cpp: Set time 0.02500 msec, Kernel time 0.08800 msec, Read time 3.47600 msec, Total time 3.60300 msec (pass 42)  Sample/sec  85.3K
07-16 20:58:38.839 23898 23924 E PTGPURenderer: Drawing time: 2 msec
07-16 20:58:38.839 23898 23924 I PTGPURenderer: End of onDrawFrame, 50
07-16 20:58:38.841 23898 23924 I PTGPURenderer: Start of onDrawFrame
07-16 20:58:38.844 23898 23924 I H:\users\skkim\AndroidStudio\PTGPU_Android\app\src\main\cpp\smallptGPU.cpp: Set time 0.02200 msec, Kernel time 0.07700 msec, Read time 3.24500 msec, Total time 3.35600 msec (pass 43)  Sample/sec  91.5K
07-16 20:58:38.854 23898 23924 E PTGPURenderer: Drawing time: 2 msec
07-16 20:58:38.855 23898 23924 I PTGPURenderer: End of onDrawFrame, 51
07-16 20:58:38.856 23898 23924 I PTGPURenderer: Start of onDrawFrame
07-16 20:58:38.861 23898 23924 I H:\users\skkim\AndroidStudio\PTGPU_Android\app\src\main\cpp\smallptGPU.cpp: Set time 0.02200 msec, Kernel time 0.08200 msec, Read time 4.41500 msec, Total time 4.53000 msec (pass 44)  Sample/sec  67.8K
07-16 20:58:38.871 23898 23924 E PTGPURenderer: Drawing time: 2 msec
07-16 20:58:38.872 23898 23924 I PTGPURenderer: End of onDrawFrame, 52
07-16 20:58:38.873 23898 23924 I PTGPURenderer: Start of onDrawFrame
07-16 20:58:38.877 23898 23924 I H:\users\skkim\AndroidStudio\PTGPU_Android\app\src\main\cpp\smallptGPU.cpp: Set time 0.02300 msec, Kernel time 0.08000 msec, Read time 3.41000 msec, Total time 3.52500 msec (pass 45)  Sample/sec  87.1K
07-16 20:58:38.888 23898 23924 E PTGPURenderer: Drawing time: 3 msec
07-16 20:58:38.888 23898 23924 I PTGPURenderer: End of onDrawFrame, 53
07-16 20:58:38.890 23898 23924 I PTGPURenderer: Start of onDrawFrame
07-16 20:58:38.893 23898 23924 I H:\users\skkim\AndroidStudio\PTGPU_Android\app\src\main\cpp\smallptGPU.cpp: Set time 0.02300 msec, Kernel time 0.07900 msec, Read time 3.38600 msec, Total time 3.50000 msec (pass 46)  Sample/sec  87.8K
07-16 20:58:38.903 23898 23924 E PTGPURenderer: Drawing time: 3 msec
07-16 20:58:38.903 23898 23924 I PTGPURenderer: End of onDrawFrame, 54
07-16 20:58:38.904 23898 23924 I PTGPURenderer: Start of onDrawFrame
07-16 20:58:38.908 23898 23924 I H:\users\skkim\AndroidStudio\PTGPU_Android\app\src\main\cpp\smallptGPU.cpp: Set time 0.02200 msec, Kernel time 0.07700 msec, Read time 3.44600 msec, Total time 3.55800 msec (pass 47)  Sample/sec  86.3K
07-16 20:58:38.920 23898 23924 E PTGPURenderer: Drawing time: 3 msec
07-16 20:58:38.920 23898 23924 I PTGPURenderer: End of onDrawFrame, 55
07-16 20:58:38.922 23898 23924 I PTGPURenderer: Start of onDrawFrame
07-16 20:58:38.925 23898 23924 I H:\users\skkim\AndroidStudio\PTGPU_Android\app\src\main\cpp\smallptGPU.cpp: Set time 0.02200 msec, Kernel time 0.07700 msec, Read time 3.22500 msec, Total time 3.33600 msec (pass 48)  Sample/sec  92.1K
07-16 20:58:38.938 23898 23924 E PTGPURenderer: Drawing time: 3 msec
07-16 20:58:38.938 23898 23924 I PTGPURenderer: End of onDrawFrame, 56
07-16 20:58:38.940 23898 23924 I PTGPURenderer: Start of onDrawFrame
07-16 20:58:38.944 23898 23924 I H:\users\skkim\AndroidStudio\PTGPU_Android\app\src\main\cpp\smallptGPU.cpp: Set time 0.02300 msec, Kernel time 0.08200 msec, Read time 3.40800 msec, Total time 3.52700 msec (pass 49)  Sample/sec  87.1K
07-16 20:58:38.956 23898 23924 E PTGPURenderer: Drawing time: 3 msec
07-16 20:58:38.956 23898 23924 I PTGPURenderer: End of onDrawFrame, 57
07-16 20:58:38.957 23898 23924 I PTGPURenderer: Start of onDrawFrame
07-16 20:58:38.961 23898 23924 I H:\users\skkim\AndroidStudio\PTGPU_Android\app\src\main\cpp\smallptGPU.cpp: Set time 0.02200 msec, Kernel time 0.08200 msec, Read time 3.28600 msec, Total time 3.40300 msec (pass 50)  Sample/sec  90.3K
07-16 20:58:38.970 23898 23924 E PTGPURenderer: Drawing time: 2 msec
07-16 20:58:38.971 23898 23924 I PTGPURenderer: End of onDrawFrame, 58
07-16 20:58:38.972 23898 23924 I PTGPURenderer: Start of onDrawFrame
07-16 20:58:38.976 23898 23924 I H:\users\skkim\AndroidStudio\PTGPU_Android\app\src\main\cpp\smallptGPU.cpp: Set time 0.02300 msec, Kernel time 0.07900 msec, Read time 3.57800 msec, Total time 3.69300 msec (pass 51)  Sample/sec  83.2K
07-16 20:58:38.988 23898 23924 E PTGPURenderer: Drawing time: 3 msec
07-16 20:58:38.988 23898 23924 I PTGPURenderer: End of onDrawFrame, 59
07-16 20:58:38.990 23898 23924 I PTGPURenderer: Start of onDrawFrame
07-16 20:58:38.993 23898 23924 I H:\users\skkim\AndroidStudio\PTGPU_Android\app\src\main\cpp\smallptGPU.cpp: Set time 0.02300 msec, Kernel time 0.08100 msec, Read time 3.29800 msec, Total time 3.41400 msec (pass 52)  Sample/sec  90.0K
07-16 20:58:39.006 23898 23924 E PTGPURenderer: Drawing time: 2 msec
07-16 20:58:39.006 23898 23924 I PTGPURenderer: End of onDrawFrame, 60
07-16 20:58:39.008 23898 23924 I PTGPURenderer: Start of onDrawFrame
07-16 20:58:39.011 23898 23924 I H:\users\skkim\AndroidStudio\PTGPU_Android\app\src\main\cpp\smallptGPU.cpp: Set time 0.02300 msec, Kernel time 0.07900 msec, Read time 3.40900 msec, Total time 3.52500 msec (pass 53)  Sample/sec  87.1K
07-16 20:58:39.023 23898 23924 E PTGPURenderer: Drawing time: 2 msec
07-16 20:58:39.023 23898 23924 I PTGPURenderer: End of onDrawFrame, 61
07-16 20:58:39.025 23898 23924 I PTGPURenderer: Start of onDrawFrame
07-16 20:58:39.029 23898 23924 I H:\users\skkim\AndroidStudio\PTGPU_Android\app\src\main\cpp\smallptGPU.cpp: Set time 0.02200 msec, Kernel time 0.16100 msec, Read time 3.73700 msec, Total time 3.92900 msec (pass 54)  Sample/sec  78.2K
07-16 20:58:39.038 23898 23924 E PTGPURenderer: Drawing time: 2 msec
07-16 20:58:39.038 23898 23924 I PTGPURenderer: End of onDrawFrame, 62
07-16 20:58:39.040 23898 23924 I PTGPURenderer: Start of onDrawFrame
07-16 20:58:39.043 23898 23924 I H:\users\skkim\AndroidStudio\PTGPU_Android\app\src\main\cpp\smallptGPU.cpp: Set time 0.02200 msec, Kernel time 0.07400 msec, Read time 3.20800 msec, Total time 3.31500 msec (pass 55)  Sample/sec  92.7K
07-16 20:58:39.054 23898 23924 E PTGPURenderer: Drawing time: 2 msec
07-16 20:58:39.054 23898 23924 I PTGPURenderer: End of onDrawFrame, 63
07-16 20:58:39.056 23898 23924 I PTGPURenderer: Start of onDrawFrame
07-16 20:58:39.059 23898 23924 I H:\users\skkim\AndroidStudio\PTGPU_Android\app\src\main\cpp\smallptGPU.cpp: Set time 0.02100 msec, Kernel time 0.07300 msec, Read time 3.01800 msec, Total time 3.12200 msec (pass 56)  Sample/sec  98.4K
07-16 20:58:39.068 23898 23924 E PTGPURenderer: Drawing time: 3 msec
07-16 20:58:39.068 23898 23924 I PTGPURenderer: End of onDrawFrame, 64
07-16 20:58:39.069 23898 23924 I PTGPURenderer: Start of onDrawFrame
07-16 20:58:39.073 23898 23924 I H:\users\skkim\AndroidStudio\PTGPU_Android\app\src\main\cpp\smallptGPU.cpp: Set time 0.02100 msec, Kernel time 0.07500 msec, Read time 3.30300 msec, Total time 3.40800 msec (pass 57)  Sample/sec  90.1K
07-16 20:58:39.084 23898 23924 E PTGPURenderer: Drawing time: 3 msec
07-16 20:58:39.084 23898 23924 I PTGPURenderer: End of onDrawFrame, 65
07-16 20:58:39.085 23898 23924 I PTGPURenderer: Start of onDrawFrame
07-16 20:58:39.088 23898 23924 I H:\users\skkim\AndroidStudio\PTGPU_Android\app\src\main\cpp\smallptGPU.cpp: Set time 0.02100 msec, Kernel time 0.07300 msec, Read time 2.97600 msec, Total time 3.07900 msec (pass 58)  Sample/sec  99.8K
07-16 20:58:39.098 23898 23924 E PTGPURenderer: Drawing time: 3 msec
07-16 20:58:39.098 23898 23924 I PTGPURenderer: End of onDrawFrame, 66
07-16 20:58:39.100 23898 23924 I PTGPURenderer: Start of onDrawFrame
07-16 20:58:39.104 23898 23924 I H:\users\skkim\AndroidStudio\PTGPU_Android\app\src\main\cpp\smallptGPU.cpp: Set time 0.02000 msec, Kernel time 0.07600 msec, Read time 4.42500 msec, Total time 4.53200 msec (pass 59)  Sample/sec  67.8K
07-16 20:58:39.115 23898 23924 E PTGPURenderer: Drawing time: 3 msec
07-16 20:58:39.115 23898 23924 I PTGPURenderer: End of onDrawFrame, 67
07-16 20:58:39.116 23898 23924 I PTGPURenderer: Start of onDrawFrame
07-16 20:58:39.120 23898 23924 I H:\users\skkim\AndroidStudio\PTGPU_Android\app\src\main\cpp\smallptGPU.cpp: Set time 0.02100 msec, Kernel time 0.07300 msec, Read time 3.10000 msec, Total time 3.20700 msec (pass 60)  Sample/sec  95.8K
07-16 20:58:39.131 23898 23924 E PTGPURenderer: Drawing time: 3 msec
07-16 20:58:39.131 23898 23924 I PTGPURenderer: End of onDrawFrame, 68
07-16 20:58:39.132 23898 23924 I PTGPURenderer: Start of onDrawFrame
07-16 20:58:39.135 23898 23924 I H:\users\skkim\AndroidStudio\PTGPU_Android\app\src\main\cpp\smallptGPU.cpp: Set time 0.02100 msec, Kernel time 0.07400 msec, Read time 3.10100 msec, Total time 3.20700 msec (pass 61)  Sample/sec  95.8K
07-16 20:58:39.147 23898 23924 E PTGPURenderer: Drawing time: 4 msec
07-16 20:58:39.147 23898 23924 I PTGPURenderer: End of onDrawFrame, 69
07-16 20:58:39.149 23898 23924 I PTGPURenderer: Start of onDrawFrame
07-16 20:58:39.152 23898 23924 I H:\users\skkim\AndroidStudio\PTGPU_Android\app\src\main\cpp\smallptGPU.cpp: Set time 0.01800 msec, Kernel time 0.07200 msec, Read time 3.10200 msec, Total time 3.20200 msec (pass 62)  Sample/sec  95.9K
07-16 20:58:39.164 23898 23924 E PTGPURenderer: Drawing time: 5 msec
07-16 20:58:39.164 23898 23924 I PTGPURenderer: End of onDrawFrame, 70
07-16 20:58:39.165 23898 23924 I PTGPURenderer: Start of onDrawFrame
07-16 20:58:39.168 23898 23924 I H:\users\skkim\AndroidStudio\PTGPU_Android\app\src\main\cpp\smallptGPU.cpp: Set time 0.02100 msec, Kernel time 0.07400 msec, Read time 3.00000 msec, Total time 3.10600 msec (pass 63)  Sample/sec  98.9K
07-16 20:58:39.180 23898 23924 E PTGPURenderer: Drawing time: 4 msec
07-16 20:58:39.181 23898 23924 I PTGPURenderer: End of onDrawFrame, 71
07-16 20:58:39.182 23898 23924 I PTGPURenderer: Start of onDrawFrame
07-16 20:58:39.185 23898 23924 I H:\users\skkim\AndroidStudio\PTGPU_Android\app\src\main\cpp\smallptGPU.cpp: Set time 0.02100 msec, Kernel time 0.07500 msec, Read time 3.09800 msec, Total time 3.20600 msec (pass 64)  Sample/sec  95.8K
07-16 20:58:39.198 23898 23924 E PTGPURenderer: Drawing time: 4 msec
07-16 20:58:39.199 23898 23924 I PTGPURenderer: End of onDrawFrame, 72
07-16 20:58:39.204 23898 23924 I PTGPURenderer: Start of onDrawFrame
07-16 20:58:39.207 23898 23924 I H:\users\skkim\AndroidStudio\PTGPU_Android\app\src\main\cpp\smallptGPU.cpp: Set time 0.02100 msec, Kernel time 0.07600 msec, Read time 2.99700 msec, Total time 3.10600 msec (pass 65)  Sample/sec  98.9K
07-16 20:58:39.215 23898 23924 E PTGPURenderer: Drawing time: 2 msec
07-16 20:58:39.215 23898 23924 I PTGPURenderer: End of onDrawFrame, 73
07-16 20:58:39.217 23898 23924 I PTGPURenderer: Start of onDrawFrame
07-16 20:58:39.220 23898 23924 I H:\users\skkim\AndroidStudio\PTGPU_Android\app\src\main\cpp\smallptGPU.cpp: Set time 0.02000 msec, Kernel time 0.06700 msec, Read time 2.90500 msec, Total time 3.00100 msec (pass 66)  Sample/sec  102.4K
07-16 20:58:39.230 23898 23924 E PTGPURenderer: Drawing time: 3 msec
07-16 20:58:39.230 23898 23924 I PTGPURenderer: End of onDrawFrame, 74
07-16 20:58:39.232 23898 23924 I PTGPURenderer: Start of onDrawFrame
07-16 20:58:39.235 23898 23924 I H:\users\skkim\AndroidStudio\PTGPU_Android\app\src\main\cpp\smallptGPU.cpp: Set time 0.02000 msec, Kernel time 0.07000 msec, Read time 3.09500 msec, Total time 3.19700 msec (pass 67)  Sample/sec  96.1K
07-16 20:58:39.247 23898 23924 E PTGPURenderer: Drawing time: 4 msec
07-16 20:58:39.247 23898 23924 I PTGPURenderer: End of onDrawFrame, 75
07-16 20:58:39.249 23898 23924 I PTGPURenderer: Start of onDrawFrame
07-16 20:58:39.252 23898 23924 I H:\users\skkim\AndroidStudio\PTGPU_Android\app\src\main\cpp\smallptGPU.cpp: Set time 0.01900 msec, Kernel time 0.07100 msec, Read time 2.99700 msec, Total time 3.09900 msec (pass 68)  Sample/sec  99.1K
07-16 20:58:39.264 23898 23924 E PTGPURenderer: Drawing time: 7 msec
07-16 20:58:39.264 23898 23924 I PTGPURenderer: End of onDrawFrame, 76
07-16 20:58:39.266 23898 23924 I PTGPURenderer: Start of onDrawFrame
07-16 20:58:39.269 23898 23924 I H:\users\skkim\AndroidStudio\PTGPU_Android\app\src\main\cpp\smallptGPU.cpp: Set time 0.02000 msec, Kernel time 0.07400 msec, Read time 3.56900 msec, Total time 3.67400 msec (pass 69)  Sample/sec  83.6K
07-16 20:58:39.282 23898 23924 E PTGPURenderer: Drawing time: 2 msec
07-16 20:58:39.283 23898 23924 I PTGPURenderer: End of onDrawFrame, 77
07-16 20:58:39.285 23898 23924 I PTGPURenderer: Start of onDrawFrame
07-16 20:58:39.289 23898 23924 I H:\users\skkim\AndroidStudio\PTGPU_Android\app\src\main\cpp\smallptGPU.cpp: Set time 0.06000 msec, Kernel time 0.09000 msec, Read time 4.17000 msec, Total time 4.33200 msec (pass 70)  Sample/sec  70.9K
07-16 20:58:39.298 23898 23924 E PTGPURenderer: Drawing time: 2 msec
07-16 20:58:39.298 23898 23924 I PTGPURenderer: End of onDrawFrame, 78
07-16 20:58:39.300 23898 23924 I PTGPURenderer: Start of onDrawFrame
07-16 20:58:39.304 23898 23924 I H:\users\skkim\AndroidStudio\PTGPU_Android\app\src\main\cpp\smallptGPU.cpp: Set time 0.02000 msec, Kernel time 0.07000 msec, Read time 3.75700 msec, Total time 3.85500 msec (pass 71)  Sample/sec  79.7K
07-16 20:58:39.314 23898 23924 E PTGPURenderer: Drawing time: 6 msec
07-16 20:58:39.314 23898 23924 I PTGPURenderer: End of onDrawFrame, 79
07-16 20:58:39.316 23898 23924 I PTGPURenderer: Start of onDrawFrame
07-16 20:58:39.321 23898 23924 I H:\users\skkim\AndroidStudio\PTGPU_Android\app\src\main\cpp\smallptGPU.cpp: Set time 0.02000 msec, Kernel time 0.06800 msec, Read time 5.16900 msec, Total time 5.26600 msec (pass 72)  Sample/sec  58.3K
07-16 20:58:39.331 23898 23924 E PTGPURenderer: Drawing time: 3 msec
07-16 20:58:39.331 23898 23924 I PTGPURenderer: End of onDrawFrame, 80
07-16 20:58:39.332 23898 23924 I PTGPURenderer: Start of onDrawFrame
07-16 20:58:39.336 23898 23924 I H:\users\skkim\AndroidStudio\PTGPU_Android\app\src\main\cpp\smallptGPU.cpp: Set time 0.01900 msec, Kernel time 0.06900 msec, Read time 3.67400 msec, Total time 3.76900 msec (pass 73)  Sample/sec  81.5K
07-16 20:58:39.347 23898 23924 E PTGPURenderer: Drawing time: 6 msec
07-16 20:58:39.347 23898 23924 I PTGPURenderer: End of onDrawFrame, 81
07-16 20:58:39.349 23898 23924 I PTGPURenderer: Start of onDrawFrame
07-16 20:58:39.352 23898 23924 I H:\users\skkim\AndroidStudio\PTGPU_Android\app\src\main\cpp\smallptGPU.cpp: Set time 0.01900 msec, Kernel time 0.06800 msec, Read time 3.42600 msec, Total time 3.52200 msec (pass 74)  Sample/sec  87.2K
07-16 20:58:39.365 23898 23924 E PTGPURenderer: Drawing time: 5 msec
07-16 20:58:39.365 23898 23924 I PTGPURenderer: End of onDrawFrame, 82
07-16 20:58:39.367 23898 23924 I PTGPURenderer: Start of onDrawFrame
07-16 20:58:39.372 23898 23924 I H:\users\skkim\AndroidStudio\PTGPU_Android\app\src\main\cpp\smallptGPU.cpp: Set time 0.02600 msec, Kernel time 0.09800 msec, Read time 4.66400 msec, Total time 4.80200 msec (pass 75)  Sample/sec  64.0K
07-16 20:58:39.384 23898 23924 E PTGPURenderer: Drawing time: 3 msec
07-16 20:58:39.384 23898 23924 I PTGPURenderer: End of onDrawFrame, 83
07-16 20:58:39.386 23898 23924 I PTGPURenderer: Start of onDrawFrame
07-16 20:58:39.391 23898 23924 I H:\users\skkim\AndroidStudio\PTGPU_Android\app\src\main\cpp\smallptGPU.cpp: Set time 0.02700 msec, Kernel time 0.08900 msec, Read time 4.21200 msec, Total time 4.34300 msec (pass 76)  Sample/sec  70.7K
07-16 20:58:39.402 23898 23924 E PTGPURenderer: Drawing time: 3 msec
07-16 20:58:39.402 23898 23924 I PTGPURenderer: End of onDrawFrame, 84
07-16 20:58:39.404 23898 23924 I PTGPURenderer: Start of onDrawFrame
07-16 20:58:39.409 23898 23924 I H:\users\skkim\AndroidStudio\PTGPU_Android\app\src\main\cpp\smallptGPU.cpp: Set time 0.02500 msec, Kernel time 0.09300 msec, Read time 4.38400 msec, Total time 4.51700 msec (pass 77)  Sample/sec  68.0K
07-16 20:58:39.424 23898 23924 E PTGPURenderer: Drawing time: 3 msec
07-16 20:58:39.424 23898 23924 I PTGPURenderer: End of onDrawFrame, 85
07-16 20:58:39.426 23898 23924 I PTGPURenderer: Start of onDrawFrame
07-16 20:58:39.432 23898 23924 I H:\users\skkim\AndroidStudio\PTGPU_Android\app\src\main\cpp\smallptGPU.cpp: Set time 0.02700 msec, Kernel time 0.09100 msec, Read time 5.93300 msec, Total time 6.06700 msec (pass 78)  Sample/sec  50.6K
07-16 20:58:39.447 23898 23924 E PTGPURenderer: Drawing time: 3 msec
07-16 20:58:39.448 23898 23924 I PTGPURenderer: End of onDrawFrame, 86
07-16 20:58:39.449 23898 23924 I PTGPURenderer: Start of onDrawFrame
07-16 20:58:39.452  5148  9693 D ConnectivityService: filterNetworkStateForUid() uid: 10058 networkInfo: [type: WIFI[] - WIFI, state: CONNECTED/CONNECTED, reason: (unspecified), extra: "iptime_a8004_7219_5G", failover: false, available: true, roaming: false, metered: false]
07-16 20:58:39.454 23898 23924 I H:\users\skkim\AndroidStudio\PTGPU_Android\app\src\main\cpp\smallptGPU.cpp: Set time 0.02900 msec, Kernel time 0.09500 msec, Read time 4.42000 msec, Total time 4.56100 msec (pass 79)  Sample/sec  67.4K
07-16 20:58:39.455  5148  9693 D ConnectivityService: filterNetworkStateForUid() uid: 10058 networkInfo: [type: WIFI_P2P[] - WIFI_P2P, state: DISCONNECTED/DISCONNECTED, reason: (unspecified), extra: (none), failover: false, available: true, roaming: false, metered: false]
07-16 20:58:39.456  5148  9693 D ConnectivityService: filterNetworkStateForUid() uid: 10058 networkInfo: [type: WIFI[] - WIFI, state: CONNECTED/CONNECTED, reason: (unspecified), extra: "iptime_a8004_7219_5G", failover: false, available: true, roaming: false, metered: false]
07-16 20:58:39.458  5148  9693 D ConnectivityService: filterNetworkStateForUid() uid: 10058 networkInfo: [type: MOBILE[] - MOBILE, state: DISCONNECTED/DISCONNECTED, reason: (unspecified), extra: (none), failover: false, available: true, roaming: false, metered: false]
07-16 20:58:39.458  5148  9693 D ConnectivityService: filterNetworkStateForUid() uid: 10058 networkInfo: [type: WIFI[] - WIFI, state: CONNECTED/CONNECTED, reason: (unspecified), extra: "iptime_a8004_7219_5G", failover: false, available: true, roaming: false, metered: false]
07-16 20:58:39.459  5148  9693 D ConnectivityService: filterNetworkStateForUid() uid: 10058 networkInfo: [type: MOBILE_MMS[] - MOBILE_MMS, state: DISCONNECTED/DISCONNECTED, reason: (unspecified), extra: (none), failover: false, available: true, roaming: false, metered: false]
07-16 20:58:39.460  5148  9693 D ConnectivityService: filterNetworkStateForUid() uid: 10058 networkInfo: [type: MOBILE_SUPL[] - MOBILE_SUPL, state: DISCONNECTED/DISCONNECTED, reason: (unspecified), extra: (none), failover: false, available: true, roaming: false, metered: false]
07-16 20:58:39.460  5148  9693 D ConnectivityService: filterNetworkStateForUid() uid: 10058 networkInfo: [type: MOBILE_DUN[] - MOBILE_DUN, state: DISCONNECTED/DISCONNECTED, reason: (unspecified), extra: (none), failover: false, available: true, roaming: false, metered: false]
07-16 20:58:39.461  5148  9693 D ConnectivityService: filterNetworkStateForUid() uid: 10058 networkInfo: [type: MOBILE_HIPRI[] - MOBILE_HIPRI, state: DISCONNECTED/DISCONNECTED, reason: (unspecified), extra: (none), failover: false, available: true, roaming: false, metered: false]
07-16 20:58:39.462  5148  9693 D ConnectivityService: filterNetworkStateForUid() uid: 10058 networkInfo: [type: BLUETOOTH[] - BLUETOOTH, state: DISCONNECTED/DISCONNECTED, reason: (unspecified), extra: (none), failover: false, available: true, roaming: false, metered: false]
07-16 20:58:39.463  5148  9693 D ConnectivityService: filterNetworkStateForUid() uid: 10058 networkInfo: [type: ETHERNET[] - ETHERNET, state: DISCONNECTED/DISCONNECTED, reason: (unspecified), extra: (none), failover: false, available: true, roaming: false, metered: false]
07-16 20:58:39.463  5148  9667 D ConnectivityService: filterNetworkStateForUid() uid: 10058 networkInfo: [type: WIFI[] - WIFI, state: CONNECTED/CONNECTED, reason: (unspecified), extra: "iptime_a8004_7219_5G", failover: false, available: true, roaming: false, metered: false]
07-16 20:58:39.463  5148  9693 D ConnectivityService: filterNetworkStateForUid() uid: 10058 networkInfo: [type: MOBILE_FOTA[] - MOBILE_FOTA, state: DISCONNECTED/DISCONNECTED, reason: (unspecified), extra: (none), failover: false, available: true, roaming: false, metered: false]
07-16 20:58:39.463  5148  9693 D ConnectivityService: filterNetworkStateForUid() uid: 10058 networkInfo: [type: MOBILE_IMS[] - MOBILE_IMS, state: DISCONNECTED/DISCONNECTED, reason: (unspecified), extra: (none), failover: false, available: true, roaming: false, metered: false]
07-16 20:58:39.464  5148  9693 D ConnectivityService: filterNetworkStateForUid() uid: 10058 networkInfo: [type: MOBILE_CBS[] - MOBILE_CBS, state: DISCONNECTED/DISCONNECTED, reason: (unspecified), extra: (none), failover: false, available: true, roaming: false, metered: false]
07-16 20:58:39.464  5148  9693 D ConnectivityService: filterNetworkStateForUid() uid: 10058 networkInfo: [type: WIFI_P2P[] - WIFI_P2P, state: DISCONNECTED/DISCONNECTED, reason: (unspecified), extra: (none), failover: false, available: true, roaming: false, metered: false]
07-16 20:58:39.464  5148  9693 D ConnectivityService: filterNetworkStateForUid() uid: 10058 networkInfo: [type: MOBILE_IA[] - MOBILE_IA, state: DISCONNECTED/DISCONNECTED, reason: (unspecified), extra: (none), failover: false, available: true, roaming: false, metered: false]
