--------- beginning of main
07-16 20:58:18.040  7604  7795 D ContactsProvider_EventLog: contents_sample_state: [CONTACT contacts(0) data(0) accounts({}) accounts deleted({}) calls([]) countryIso(MY) userId(150)  ]
07-16 20:58:18.040  7604  7795 D ContactsProvider_EventLog: contents_sample_state: [ agr({})  ]
07-16 20:58:18.040  7604  7795 D ContactsProvider_EventLog: contents_sample_state: [ actCnt({})  ]
07-16 20:58:18.040  7604  7795 D ContactsProvider_EventLog: contents_sample_state: [PROFILE contacts(0) data(0) accounts({})  ]
07-16 20:58:18.040  7604  7795 D ContactsProvider_EventLog: contents_sample_state: [SAPROFILE contacts(0) data(0) accounts({})  ]
07-16 20:58:18.319  4984  4984 E adbd    : recv: OPEN 000001ac 00000000 0017:73 68 65 6C 6C 2C 76 32 2C 72 61 77 3A 6C 6F 67 63 61 74 20 2D 63 00 
07-16 20:58:18.319  4984  4984 E adbd    : service_to_fd: shell,v2,raw:logcat -c
07-16 20:58:18.448  7012  7212 E ContactsProvider_EventLog: Flush buffer to file cnt : 1 size : 3Kb duration : 2ms lastUpdatedAfter : 4006 ms mFlush_time_threasold : 2000 mCurrentSize : 1977
07-16 20:58:18.527  5148  5193 I zygote64: Explicit concurrent copying GC freed 82422(4MB) AllocSpace objects, 22(440KB) LOS objects, 29% free, 56MB/80MB, paused 2.019ms total 519.649ms
07-16 20:58:19.728  5008 26427 V APM_AudioPolicyManager: getAudioPolicyConfig: audioParam;activeStream
07-16 20:58:19.729  5008 26427 V APM_AudioPolicyManager: ### active stream : 0
07-16 20:58:19.730  5148  9135 D AudioService: active stream is 0x0
07-16 20:58:19.732  5008 26427 V APM_AudioPolicyManager: getAudioPolicyConfig: audioParam;outDevice
07-16 20:58:19.732  5008 26427 V APM_AudioPolicyManager: getNewOutputDevice() selected device 0
07-16 20:58:19.732  5008 26427 V APM_AudioPolicyManager: ### curdevice : 2
07-16 20:58:19.764  5148  9135 W System.err: java.lang.NumberFormatException: For input string: ""
07-16 20:58:19.765  5148  9135 W System.err: 	at java.lang.Integer.parseInt(Integer.java:620)
07-16 20:58:19.765  5148  9135 W System.err: 	at java.lang.Integer.parseInt(Integer.java:643)
07-16 20:58:19.765  5148  9135 W System.err: 	at c.j.nB(:84)
07-16 20:58:19.765  5148  9135 W System.err: 	at c.f.nn(:176)
07-16 20:58:19.765  5148  9135 W System.err: 	at c.o.run(:73)
07-16 20:58:19.765  5148  9135 W System.err: 	at android.os.Handler.handleCallback(Handler.java:789)
07-16 20:58:19.765  5148  9135 W System.err: 	at android.os.Handler.dispatchMessage(Handler.java:98)
07-16 20:58:19.765  5148  9135 W System.err: 	at android.os.Looper.loop(Looper.java:164)
07-16 20:58:19.765  5148  9135 W System.err: 	at android.os.HandlerThread.run(HandlerThread.java:65)
07-16 20:58:20.818  3980 16590 I EventLogSendingHelper: Sending log events.
--------- beginning of system
07-16 20:58:20.905  5148  5425 D ConnectivityService: filterNetworkStateForUid() uid: 10029 networkInfo: [type: WIFI[] - WIFI, state: CONNECTED/CONNECTED, reason: (unspecified), extra: "iptime_a8004_7219_5G", failover: false, available: true, roaming: false, metered: false]
07-16 20:58:22.412  6436  6436 D io_stats: !@   8,0 r 315076 16055072 w 1292508 24231680 d 97262 53143284 f 336534 369071 iot 921964 641613 th 307200 0 0 pt 0 inp 0 0 133363.038
07-16 20:58:23.795 22965 23009 I ReschedulableTimer: [#CMH#] ReschedulableTimer started 
07-16 20:58:25.812  3980 16581 I EventLogSendingHelper: Sending log events.
07-16 20:58:25.825  5784  6199 D NetworkController.MobileSignalController(0/-2): onSignalStrengthsChanged signalStrength=SignalStrength: 17 99 -120 -160 -120 -1 -1 99 2147483647 2147483647 2147483647 2147483647 0 2147483647 0x4 P gsm|lte level=4
07-16 20:58:25.828  5784  6199 D NetworkController.MobileSignalController(0/-2): getMobileIconGroup(): 0
07-16 20:58:26.701  5148  5163 D BatteryService: !@BatteryListener : batteryPropertiesChanged!
07-16 20:58:26.702  5148  5163 D BatteryService: level:99, scale:100, status:2, health:2, present:true, voltage: 4291, temperature: 321, technology: Li-ion, AC powered:false, USB powered:true, POGO powered:false, Wireless powered:false, icon:17303842, invalid charger:0, maxChargingCurrent:0, maxChargingVoltage:0, chargeCounter:3191000
07-16 20:58:26.702  5148  5163 D BatteryService: online:4, current avg:239, charge type:1, power sharing:false, high voltage charger:false, capacity:280000, batterySWSelfDischarging:false, misc_event:0, current_event:0, current_now:228
07-16 20:58:26.703  5148  5148 D BatteryService: Sending ACTION_BATTERY_CHANGED.
07-16 20:58:26.708  5148  5148 I MotionRecognitionService: Plugged
07-16 20:58:26.708  5148  5148 D MotionRecognitionService:   mCableConnection= 1
07-16 20:58:26.708  5148  5148 D MotionRecognitionService: setPowerConnected : mGripEnabled = false
07-16 20:58:26.709  5148  5148 D SamsungPhoneWindowManager: ACTION_BATTERY_CHANGED - Level :: 99, battStatus :: 2
07-16 20:58:26.713  5148  5191 D UsbDeviceManager: handleMessage -> MSG_UPDATE_CHARGING_STATE = 1
07-16 20:58:26.716  5784  5784 D KeyguardUpdateMonitor: received broadcast android.intent.action.BATTERY_CHANGED
07-16 20:58:26.727  5784  5784 D BatteryController: onReceive-ACTION_BATTERY_CHANGED : mLevel=99, mBatteryStatus=2
07-16 20:58:26.737  5784  5784 D PowerUI : priorPlugType = 2 mPlugType =  2
07-16 20:58:26.739  5784  5784 D PowerUI.Notification: showChargingNotice oldChargingType : 1 currentChargingType : 1 oldChargingTime : 186000 mChargingTime : 167000
07-16 20:58:26.739  5784  5784 D PowerUI.Notification: showChargingNotification()
07-16 20:58:26.745  5148  5425 D ApplicationPolicy: isStatusBarNotificationAllowedAsUser: packageName = com.android.systemui,userId = -1
07-16 20:58:26.746  5148  5425 D API test: getContainerInfo: value is 150,1359085616
07-16 20:58:26.746  5148  5425 D ApplicationPolicy: isStatusBarNotificationAllowedAsUser: packageName = com.android.systemui,userId = 0
07-16 20:58:26.746  5148  5425 D API test: getContainerInfo: value is 150,1359085616
07-16 20:58:26.749  5148  5148 D EdgeLightingManager: isCallingUserSupported : callingUserId=-1, mUserId=0, isDualAppId=false
07-16 20:58:26.751  5148  5148 D AudioService: getStreamVolume 5 index 150
07-16 20:58:26.756  6814  6814 D Notification.Badge: [valid] onNotificationPosted : StatusBarNotification(pkg=com.android.systemui user=UserHandle{-1} id=2131362716 tag=charging_state key=-1|com.android.systemui|2131362716|charging_state|10006: Notification(channel=GEN pri=-2 contentView=null vibrate=null sound=null defaults=0x0 flags=0xa color=0xff607d8b category=sys number=0 vis=PUBLIC semFlags=0x0 semPriority=0 semMissedCount=0))
07-16 20:58:26.756  6814  6814 D Notification.Badge: notificationKey : -1|com.android.systemui|2131362716|charging_state|10006, count : 0, this.count : 1
07-16 20:58:26.759  6814  6814 D Notification.Badge: [filtered] shouldBeFilteredOut().mTempRanking.canShowBadge[false], [sbn : StatusBarNotification(pkg=com.android.systemui user=UserHandle{-1} id=2131362716 tag=charging_state key=-1|com.android.systemui|2131362716|charging_state|10006: Notification(channel=GEN pri=-2 contentView=null vibrate=null sound=null defaults=0x0 flags=0xa color=0xff607d8b category=sys number=0 vis=PUBLIC semFlags=0x0 semPriority=0 semMissedCount=0))]
07-16 20:58:26.760  6814  6860 D Notification.Badge: LauncherModel:onNotificationPosted() : com.android.systemui, count : [1], shouldBeFilteredOut : [true]
07-16 20:58:26.760  6814  6860 D Notification.Badge: updateLauncherIconBadges : 1
07-16 20:58:26.778  5784  5784 D KeyguardUpdateMonitor: handleStatusBarState( false )
07-16 20:58:27.417  6436  6436 D io_stats: !@   8,0 r 315076 16055072 w 1292551 24232020 d 97265 53143296 f 336539 369078 iot 921996 641624 th 307200 0 0 pt 0 inp 0 0 133368.045
07-16 20:58:28.401  5148  5192 W StorageManager: getStorageFullBytes DEFAULT_FULL_THRESHOLD_BYTES : 20971520, threadhold : 20971520
07-16 20:58:28.403  5148  5192 W StorageManager: getStorageLowBytes lowPercent : 5, lowBytes : 2900325171, maxLowBytes : 524288000
07-16 20:58:28.407  5148  5192 W DeviceStorageMonitorService: updateBroadcasts(/data) oldLevel:0, newLevel:0, seq:1
07-16 20:58:28.408  5148  5192 W DeviceStorageMonitorService: updateBroadcasts_filenode(/data) fn_oldLevel:0, fn_newLevel:0, seq:1
07-16 20:58:26.817  5784  5784 I chatty  : uid=10006(u0_a6) com.android.systemui identical 1 line
07-16 20:58:26.827  5784  5784 D KeyguardUpdateMonitor: handleStatusBarState( false )
07-16 20:58:28.431  5784  6199 D NetworkController.MobileSignalController(0/-2): onSignalStrengthsChanged signalStrength=SignalStrength: 20 99 -120 -160 -120 -1 -1 99 2147483647 2147483647 2147483647 2147483647 0 2147483647 0x4 P gsm|lte level=4
07-16 20:58:28.431  5784  6199 D NetworkController.MobileSignalController(0/-2): getMobileIconGroup(): 0
07-16 20:58:28.616  5148  5440 D SamsungAlarmManager: Expired : 4
07-16 20:58:28.628  5148  5440 D SamsungAlarmManager: setInexact Intent (T:1/F:0/AC:false) 20180716T210011 - CU:1000/CP:5148
07-16 20:58:28.628  5148  5440 I SamsungAlarmManager: setLocked to kernel - T:2 / 20180716T205940, SetElapsed=992159394, nowELAPSED=992087433
07-16 20:58:28.629  5148  5440 I SamsungAlarmManager: setLocked to kernel - T:3 / 20180716T205900, SetElapsed=992118804, nowELAPSED=992087433
07-16 20:58:28.633  5148  5440 D SamsungAlarmManager: setInexact Intent (T:2/F:0/AC:false) 20180716T210828 - CU:1000/CP:5148
07-16 20:58:28.634  5148  5440 V SamsungAlarmManager: Sending to uid : 10029 action=null alarm=Alarm{dcef8ce type 3 when 992059009 com.google.android.gms}
07-16 20:58:28.637  5148  5440 V SamsungAlarmManager: Sending to uid : 10029 action=com.google.android.location.reporting.collectors.ULR_BAROMETER_READ_ALARM alarm=Alarm{dc80efc type 1 when 1531742291614 com.google.android.gms}
07-16 20:58:28.646  5148  5440 V SamsungAlarmManager: Sending to uid : 10029 action=com.google.android.location.reporting.collectors.ble.ULR_BLE_SCAN_ALARM alarm=Alarm{5a75985 type 2 when 992087420 com.google.android.gms}
07-16 20:58:28.672  5148  5163 I SensorService: createSensorEventConnection package name ayak
07-16 20:58:28.674  5148  5163 D SensorService: Calling batch handle==12 flags=0 rate=100000000 timeout== 0
07-16 20:58:28.674  3311  3927 I Sensors : batch - pressure_sensor try to batching with 100000000
07-16 20:58:28.676  3311  3927 I Sensors : PressureSensor old sensor_state 33570816, new sensor_state : 33570848 en : 1
07-16 20:58:28.679  1006  1006 D SensorManager: registerListener :: 12, LPS22H Barometer Sensor, 0, 0,  
07-16 20:58:28.688  1006 22282 I GCoreUlr: Starting BLE scan: mode: 2
07-16 20:58:28.689  1006  1006 I BeaconBle: Client requested scan, settings=BleSettings [scanMode=LOW_LATENCY, callbackType=ALL_MATCHES, reportDelayMillis=0, 2 filters, 0 clients, callingClientName=ULR]
07-16 20:58:28.713  1006  1006 I BeaconBle: 'L' hardware scan: 2 filters, scanMode=2, reportdelay=0, callback type=1, #clients=1, workSource=WorkSource{}
07-16 20:58:28.716  1006  1006 I BeaconBle: Starting scan on OS scanner. BT state: 15
07-16 20:58:28.719  1006  1006 D BluetoothAdapter: STATE_BLE_ON
07-16 20:58:28.720  1006  1006 D BluetoothAdapter: appoCount is = 1
07-16 20:58:28.721  1006  1006 D BluetoothAdapter: STATE_BLE_ON
07-16 20:58:28.723  1006  1006 I chatty  : uid=10029(u0_a29) com.google.android.gms.persistent identical 1 line
07-16 20:58:28.724  1006  1006 D BluetoothAdapter: STATE_BLE_ON
07-16 20:58:28.724  1006  1006 D BluetoothAdapter: appoCount is = 1
07-16 20:58:28.725  1006  1006 D BluetoothLeScanner: Start Scan with callback
07-16 20:58:28.729  1006  1043 D BluetoothLeScanner: onScannerRegistered() - status=0 scannerId=5 mScannerId=0
07-16 20:58:28.731  9677 10893 D BluetoothAdapter: STATE_BLE_ON
07-16 20:58:28.732  9677 10893 D BluetoothAdapter: appoCount is = 1
07-16 20:58:28.735  9677 10893 D BtGatt.AppScanStats: recordScanStart() - app: com.google.uid.shared:10029, first scan started at 992087539
07-16 20:58:28.737  9677 10777 D BluetoothAdapter: STATE_BLE_ON
07-16 20:58:28.739  9677 10777 D BluetoothAdapter: STATE_BLE_ON
07-16 20:58:28.740  9677 10777 D BluetoothAdapter: appoCount is = 1
07-16 20:58:28.741  9677 10779 E BtGatt.GattService: [GSIM LOG]: gsimLogHandler, msg: MESSAGE_SCAN_START, appName: com.google.uid.shared, scannerId: 5, reportDelayMillis=0
07-16 20:58:28.742  9677 10777 D BluetoothAdapter: STATE_BLE_ON
07-16 20:58:28.744  9677 10777 D BluetoothAdapter: STATE_BLE_ON
07-16 20:58:28.745  9677 10777 D BluetoothAdapter: appoCount is = 1
07-16 20:58:28.746  9677 10777 D BluetoothAdapter: STATE_BLE_ON
07-16 20:58:28.747  9677 10777 D BluetoothAdapter: STATE_BLE_ON
07-16 20:58:28.749  9677 10777 D BluetoothAdapter: appoCount is = 1
07-16 20:58:28.761  9677 10777 D BtGatt.ScanManager: configureFilterParamter() : onFoundTimeout | onLostTimeout | onFoundCount | numOfTrackingEntries | scanFilterRssiThreshold | trackableScanFilterRssiThreshold | matchMode
07-16 20:58:28.762  9677 10777 D BtGatt.ScanManager: configureFilterParamter() : __________500__|________10000__|___________1__|___________________0__|___________________-128__|____________________________-128__|________1_
07-16 20:58:28.766  9677 10777 D BtGatt.ScanManager: configureFilterParamter() : onFoundTimeout | onLostTimeout | onFoundCount | numOfTrackingEntries | scanFilterRssiThreshold | trackableScanFilterRssiThreshold | matchMode
07-16 20:58:28.766  9677 10777 D BtGatt.ScanManager: configureFilterParamter() : __________500__|________10000__|___________1__|___________________0__|___________________-128__|____________________________-128__|________1_
07-16 20:58:28.768  9677 10777 E BtGatt.ScanManager: default value of curScanSetting 0 is choosen
07-16 20:58:28.769  9677 10777 D BluetoothAdapter: STATE_BLE_ON
07-16 20:58:28.772  9677 10777 D BluetoothAdapter: STATE_BLE_ON
07-16 20:58:28.773  9677 10777 D BluetoothAdapter: appoCount is = 1
07-16 20:58:28.775  9677 10777 D BluetoothAdapter: STATE_BLE_ON
07-16 20:58:28.775  9677 10777 D BluetoothAdapter: STATE_BLE_ON
07-16 20:58:28.776  9677 10777 D BluetoothAdapter: appoCount is = 1
07-16 20:58:28.777  9677 10777 D BtGatt.ScanManager: configureRegularScanParams() scan param set to 8000 / 8000 (units)
07-16 20:58:28.778  9677 10894 W bt_btm  : btm_ble_disable_resolving_list() rl_state = 0x1b, rl_mask = 0x2, to_resume = 1
07-16 20:58:28.778  9677 10894 W bt_btm  : btm_ble_enable_resolving_list() rl_state = 0x19, rl_mask = 0x2
07-16 20:58:28.807  5148  9693 D SamsungAlarmManager: setInexact Intent (T:3/F:0/AC:false) 20180716T205928 - CU:10029/CP:1006
07-16 20:58:28.896  5148  9693 D SensorService: Calling activate off 12
07-16 20:58:28.897  3311  3927 I Sensors : PressureSensor old sensor_state 33570848, new sensor_state : 33570816 en : 0
07-16 20:58:28.900  1006  1006 D SensorManager: unregisterListener ::   
07-16 20:58:29.368  4984  4984 E adbd    : recv: OPEN 000001b0 00000000 0014:73 68 65 6C 6C 2C 76 32 2C 72 61 77 3A 6C 6F 67 63 61 74 00 
07-16 20:58:29.369  4984  4984 E adbd    : service_to_fd: shell,v2,raw:logcat
07-16 20:58:29.452  5148  6655 D ConnectivityService: filterNetworkStateForUid() uid: 10058 networkInfo: [type: WIFI[] - WIFI, state: CONNECTED/CONNECTED, reason: (unspecified), extra: "iptime_a8004_7219_5G", failover: false, available: true, roaming: false, metered: false]
07-16 20:58:29.454  5148  6655 D ConnectivityService: filterNetworkStateForUid() uid: 10058 networkInfo: [type: WIFI_P2P[] - WIFI_P2P, state: DISCONNECTED/DISCONNECTED, reason: (unspecified), extra: (none), failover: false, available: true, roaming: false, metered: false]
07-16 20:58:29.455  5148  6655 D ConnectivityService: filterNetworkStateForUid() uid: 10058 networkInfo: [type: WIFI[] - WIFI, state: CONNECTED/CONNECTED, reason: (unspecified), extra: "iptime_a8004_7219_5G", failover: false, available: true, roaming: false, metered: false]
07-16 20:58:29.457  5148  6655 D ConnectivityService: filterNetworkStateForUid() uid: 10058 networkInfo: [type: MOBILE[] - MOBILE, state: DISCONNECTED/DISCONNECTED, reason: (unspecified), extra: (none), failover: false, available: true, roaming: false, metered: false]
07-16 20:58:29.458  5148  6655 D ConnectivityService: filterNetworkStateForUid() uid: 10058 networkInfo: [type: WIFI[] - WIFI, state: CONNECTED/CONNECTED, reason: (unspecified), extra: "iptime_a8004_7219_5G", failover: false, available: true, roaming: false, metered: false]
07-16 20:58:29.459  5148  6655 D ConnectivityService: filterNetworkStateForUid() uid: 10058 networkInfo: [type: MOBILE_MMS[] - MOBILE_MMS, state: DISCONNECTED/DISCONNECTED, reason: (unspecified), extra: (none), failover: false, available: true, roaming: false, metered: false]
07-16 20:58:29.459  5148  6655 D ConnectivityService: filterNetworkStateForUid() uid: 10058 networkInfo: [type: MOBILE_SUPL[] - MOBILE_SUPL, state: DISCONNECTED/DISCONNECTED, reason: (unspecified), extra: (none), failover: false, available: true, roaming: false, metered: false]
07-16 20:58:29.460  5148  6655 D ConnectivityService: filterNetworkStateForUid() uid: 10058 networkInfo: [type: MOBILE_DUN[] - MOBILE_DUN, state: DISCONNECTED/DISCONNECTED, reason: (unspecified), extra: (none), failover: false, available: true, roaming: false, metered: false]
07-16 20:58:29.461  5148  6655 D ConnectivityService: filterNetworkStateForUid() uid: 10058 networkInfo: [type: MOBILE_HIPRI[] - MOBILE_HIPRI, state: DISCONNECTED/DISCONNECTED, reason: (unspecified), extra: (none), failover: false, available: true, roaming: false, metered: false]
07-16 20:58:29.461  5148  6655 D ConnectivityService: filterNetworkStateForUid() uid: 10058 networkInfo: [type: BLUETOOTH[] - BLUETOOTH, state: DISCONNECTED/DISCONNECTED, reason: (unspecified), extra: (none), failover: false, available: true, roaming: false, metered: false]
07-16 20:58:29.462  5148  6655 D ConnectivityService: filterNetworkStateForUid() uid: 10058 networkInfo: [type: ETHERNET[] - ETHERNET, state: DISCONNECTED/DISCONNECTED, reason: (unspecified), extra: (none), failover: false, available: true, roaming: false, metered: false]
07-16 20:58:29.463  5148  6655 D ConnectivityService: filterNetworkStateForUid() uid: 10058 networkInfo: [type: MOBILE_FOTA[] - MOBILE_FOTA, state: DISCONNECTED/DISCONNECTED, reason: (unspecified), extra: (none), failover: false, available: true, roaming: false, metered: false]
07-16 20:58:29.463  5148  9693 D ConnectivityService: filterNetworkStateForUid() uid: 10058 networkInfo: [type: WIFI[] - WIFI, state: CONNECTED/CONNECTED, reason: (unspecified), extra: "iptime_a8004_7219_5G", failover: false, available: true, roaming: false, metered: false]
07-16 20:58:29.463  5148  6655 D ConnectivityService: filterNetworkStateForUid() uid: 10058 networkInfo: [type: MOBILE_IMS[] - MOBILE_IMS, state: DISCONNECTED/DISCONNECTED, reason: (unspecified), extra: (none), failover: false, available: true, roaming: false, metered: false]
07-16 20:58:29.464  5148  6655 D ConnectivityService: filterNetworkStateForUid() uid: 10058 networkInfo: [type: MOBILE_CBS[] - MOBILE_CBS, state: DISCONNECTED/DISCONNECTED, reason: (unspecified), extra: (none), failover: false, available: true, roaming: false, metered: false]
07-16 20:58:29.464  5148  6655 D ConnectivityService: filterNetworkStateForUid() uid: 10058 networkInfo: [type: WIFI_P2P[] - WIFI_P2P, state: DISCONNECTED/DISCONNECTED, reason: (unspecified), extra: (none), failover: false, available: true, roaming: false, metered: false]
07-16 20:58:29.465  5148  6655 D ConnectivityService: filterNetworkStateForUid() uid: 10058 networkInfo: [type: MOBILE_IA[] - MOBILE_IA, state: DISCONNECTED/DISCONNECTED, reason: (unspecified), extra: (none), failover: false, available: true, roaming: false, metered: false]
07-16 20:58:29.465  5148  6655 D ConnectivityService: filterNetworkStateForUid() uid: 10058 networkInfo: [type: MOBILE_EMERGENCY[] - MOBILE_EMERGENCY, state: DISCONNECTED/DISCONNECTED, reason: (unspecified), extra: (none), failover: false, available: true, roaming: false, metered: false]
07-16 20:58:29.465  5148  9693 D ConnectivityService: filterNetworkStateForUid() uid: 10058 networkInfo: [type: WIFI_P2P[] - WIFI_P2P, state: DISCONNECTED/DISCONNECTED, reason: (unspecified), extra: (none), failover: false, available: true, roaming: false, metered: false]
07-16 20:58:29.466  5148  6655 D ConnectivityService: filterNetworkStateForUid() uid: 10058 networkInfo: [type: VPN[] - VPN, state: DISCONNECTED/DISCONNECTED, reason: (unspecified), extra: (none), failover: false, available: true, roaming: false, metered: false]
07-16 20:58:29.467  5148  9693 D ConnectivityService: filterNetworkStateForUid() uid: 10058 networkInfo: [type: WIFI[] - WIFI, state: CONNECTED/CONNECTED, reason: (unspecified), extra: "iptime_a8004_7219_5G", failover: false, available: true, roaming: false, metered: false]
07-16 20:58:29.468  5148  9693 D ConnectivityService: filterNetworkStateForUid() uid: 10058 networkInfo: [type: MOBILE[] - MOBILE, state: DISCONNECTED/DISCONNECTED, reason: (unspecified), extra: (none), failover: false, available: true, roaming: false, metered: false]
07-16 20:58:29.469  5148  9693 D ConnectivityService: filterNetworkStateForUid() uid: 10058 networkInfo: [type: WIFI[] - WIFI, state: CONNECTED/CONNECTED, reason: (unspecified), extra: "iptime_a8004_7219_5G", failover: false, available: true, roaming: false, metered: false]
07-16 20:58:29.470  5148  9693 D ConnectivityService: filterNetworkStateForUid() uid: 10058 networkInfo: [type: MOBILE_MMS[] - MOBILE_MMS, state: DISCONNECTED/DISCONNECTED, reason: (unspecified), extra: (none), failover: false, available: true, roaming: false, metered: false]
07-16 20:58:29.470  5148  9693 D ConnectivityService: filterNetworkStateForUid() uid: 10058 networkInfo: [type: MOBILE_SUPL[] - MOBILE_SUPL, state: DISCONNECTED/DISCONNECTED, reason: (unspecified), extra: (none), failover: false, available: true, roaming: false, metered: false]
07-16 20:58:29.471  5148  9693 D ConnectivityService: filterNetworkStateForUid() uid: 10058 networkInfo: [type: MOBILE_DUN[] - MOBILE_DUN, state: DISCONNECTED/DISCONNECTED, reason: (unspecified), extra: (none), failover: false, available: true, roaming: false, metered: false]
07-16 20:58:29.472  5148  9693 D ConnectivityService: filterNetworkStateForUid() uid: 10058 networkInfo: [type: MOBILE_HIPRI[] - MOBILE_HIPRI, state: DISCONNECTED/DISCONNECTED, reason: (unspecified), extra: (none), failover: false, available: true, roaming: false, metered: false]
07-16 20:58:29.472  5148  9693 D ConnectivityService: filterNetworkStateForUid() uid: 10058 networkInfo: [type: BLUETOOTH[] - BLUETOOTH, state: DISCONNECTED/DISCONNECTED, reason: (unspecified), extra: (none), failover: false, available: true, roaming: false, metered: false]
07-16 20:58:29.472  5148  9693 D ConnectivityService: filterNetworkStateForUid() uid: 10058 networkInfo: [type: ETHERNET[] - ETHERNET, state: DISCONNECTED/DISCONNECTED, reason: (unspecified), extra: (none), failover: false, available: true, roaming: false, metered: false]
07-16 20:58:29.473  5148  9693 D ConnectivityService: filterNetworkStateForUid() uid: 10058 networkInfo: [type: MOBILE_FOTA[] - MOBILE_FOTA, state: DISCONNECTED/DISCONNECTED, reason: (unspecified), extra: (none), failover: false, available: true, roaming: false, metered: false]
07-16 20:58:29.473  5148  9693 D ConnectivityService: filterNetworkStateForUid() uid: 10058 networkInfo: [type: MOBILE_IMS[] - MOBILE_IMS, state: DISCONNECTED/DISCONNECTED, reason: (unspecified), extra: (none), failover: false, available: true, roaming: false, metered: false]
07-16 20:58:29.473  5148  9693 D ConnectivityService: filterNetworkStateForUid() uid: 10058 networkInfo: [type: MOBILE_CBS[] - MOBILE_CBS, state: DISCONNECTED/DISCONNECTED, reason: (unspecified), extra: (none), failover: false, available: true, roaming: false, metered: false]
07-16 20:58:29.473  5148  9693 D ConnectivityService: filterNetworkStateForUid() uid: 10058 networkInfo: [type: WIFI_P2P[] - WIFI_P2P, state: DISCONNECTED/DISCONNECTED, reason: (unspecified), extra: (none), failover: false, available: true, roaming: false, metered: false]
07-16 20:58:29.474  5148  9693 D ConnectivityService: filterNetworkStateForUid() uid: 10058 networkInfo: [type: MOBILE_IA[] - MOBILE_IA, state: DISCONNECTED/DISCONNECTED, reason: (unspecified), extra: (none), failover: false, available: true, roaming: false, metered: false]
07-16 20:58:29.474  5148  9693 D ConnectivityService: filterNetworkStateForUid() uid: 10058 networkInfo: [type: MOBILE_EMERGENCY[] - MOBILE_EMERGENCY, state: DISCONNECTED/DISCONNECTED, reason: (unspecified), extra: (none), failover: false, available: true, roaming: false, metered: false]
07-16 20:58:29.474  5148  9693 D ConnectivityService: filterNetworkStateForUid() uid: 10058 networkInfo: [type: VPN[] - VPN, state: DISCONNECTED/DISCONNECTED, reason: (unspecified), extra: (none), failover: false, available: true, roaming: false, metered: false]
07-16 20:58:29.802  5148  9135 D ConnectivityService: filterNetworkStateForUid() uid: 1000 networkInfo: [type: WIFI[] - WIFI, state: CONNECTED/CONNECTED, reason: (unspecified), extra: "iptime_a8004_7219_5G", failover: false, available: true, roaming: false, metered: false]
07-16 20:58:29.830  5008 26427 V APM_AudioPolicyManager: getAudioPolicyConfig: audioParam;activeStream
07-16 20:58:29.830  5008 26427 V APM_AudioPolicyManager: ### active stream : 0
07-16 20:58:29.830  5148  9135 D AudioService: active stream is 0x0
07-16 20:58:29.832  5008 26427 V APM_AudioPolicyManager: getAudioPolicyConfig: audioParam;outDevice
07-16 20:58:29.833  5008 26427 V APM_AudioPolicyManager: getNewOutputDevice() selected device 0
07-16 20:58:29.833  5008 26427 V APM_AudioPolicyManager: ### curdevice : 2
07-16 20:58:29.834  5148  9135 D ConnectivityService: filterNetworkStateForUid() uid: 1000 networkInfo: [type: MOBILE[] - MOBILE, state: DISCONNECTED/DISCONNECTED, reason: (unspecified), extra: (none), failover: false, available: true, roaming: false, metered: false]
07-16 20:58:29.865  5148  9135 W System.err: java.lang.NumberFormatException: For input string: ""
07-16 20:58:29.865  5148  9135 W System.err: 	at java.lang.Integer.parseInt(Integer.java:620)
07-16 20:58:29.866  5148  9135 W System.err: 	at java.lang.Integer.parseInt(Integer.java:643)
07-16 20:58:29.866  5148  9135 W System.err: 	at c.j.nB(:84)
07-16 20:58:29.866  5148  9135 W System.err: 	at c.f.nn(:176)
07-16 20:58:29.866  5148  9135 W System.err: 	at c.o.run(:73)
07-16 20:58:29.866  5148  9135 W System.err: 	at android.os.Handler.handleCallback(Handler.java:789)
07-16 20:58:29.866  5148  9135 W System.err: 	at android.os.Handler.dispatchMessage(Handler.java:98)
07-16 20:58:29.866  5148  9135 W System.err: 	at android.os.Looper.loop(Looper.java:164)
07-16 20:58:29.866  5148  9135 W System.err: 	at android.os.HandlerThread.run(HandlerThread.java:65)
07-16 20:58:29.877  5148  9135 D SSRM:f  : ATC: power = AP_CP = 0, Display = 465(Panel:-999, LDIs:-999), WIFI = 0, SPK = 0, RCV = 0, Camera = 0, PAM = 0
07-16 20:58:29.877  5148  9135 D SSRM:f  : ATC: current = AP_CP = 0, Display = 130, WIFI = 0, SPK = 0,RCV = 0, Camera = 0, PAM = 0
07-16 20:58:29.890  5148  9135 D SSRM:f  : ATC: Ambient Temperature = 30.75, Skin temperature = F_AP[31.60], F_RF[31.60], B_AP[31.50], B_RF[31.60], B_WIFI[31.50], B_SPK[31.50]
07-16 20:58:29.905  5148  9135 D SSRM:a  : SIOP:: AP = 360, PST = 383 (W:15), BAT = 321, USB = 318, CHG = 356, CP = 335, WF = 338
07-16 20:58:30.689  1006 22282 I GCoreUlr: Starting BLE scan: mode: 3
07-16 20:58:30.690  1006 22282 I GCoreUlr: BLE: collected 0 results
07-16 20:58:30.691  1006  1006 I BeaconBle: Client requested scan, settings=BleSettings [scanMode=ZERO_POWER, callbackType=ALL_MATCHES, reportDelayMillis=0, 2 filters, 0 clients, callingClientName=ULR]
07-16 20:58:30.732  1006  1006 I BeaconBle: Stopping scan on delegate scanner. BT state: 15
07-16 20:58:30.733  1006  1006 D BluetoothAdapter: STATE_BLE_ON
07-16 20:58:30.735  1006  1006 D BluetoothAdapter: appoCount is = 1
07-16 20:58:30.738  1006  1006 D BluetoothAdapter: STATE_BLE_ON
07-16 20:58:30.738  1006  1006 D BluetoothLeScanner: Stop Scan with callback
07-16 20:58:30.739  9677 10893 D BtGatt.AppScanStats: recordScanStop() - app: com.google.uid.shared:10029, last scan stopped at 992089543
07-16 20:58:30.740  9677 10893 D BtGatt.AppScanStats: recordScanStop() - scan time: 2004, tot/min/max scan time: 934327/1582/2048
07-16 20:58:30.746  1006  1006 D BluetoothAdapter: STATE_BLE_ON
07-16 20:58:30.747  1006  1006 D BluetoothAdapter: STATE_BLE_ON
07-16 20:58:30.748  9677 10777 E BtGatt.ScanManager: default value of curScanSetting 0 is choosen
07-16 20:58:30.748  9677 10777 D BtGatt.ScanManager: configureRegularScanParams() scan param set to 256 / 4992 (units)
07-16 20:58:30.748  9677 10779 E BtGatt.GattService: [GSIM LOG]: gsimLogHandler, msg: MESSAGE_SCAN_STOP, appName: com.google.uid.shared, scannerId: 5, reportDelayMillis=0
07-16 20:58:30.749  9677 10894 W bt_btm  : btm_ble_disable_resolving_list() rl_state = 0x1b, rl_mask = 0x2, to_resume = 1
07-16 20:58:30.749  9677 10894 W bt_btm  : btm_ble_enable_resolving_list() rl_state = 0x19, rl_mask = 0x2
07-16 20:58:30.749  1006  1006 D BluetoothAdapter: appoCount is = 1
07-16 20:58:30.750  1006  1006 I BeaconBle: Resetting - new scanner available: true
07-16 20:58:30.750  1006  1006 I BeaconBle: ZERO_POWER is disabled.
07-16 20:58:30.750  1006  1006 I BeaconBle: 'L' hardware scan: scan stopped, no powered clients
07-16 20:58:31.188  5148  5495 D InputReader: Input event(7): value=1 when=133371816977000
07-16 20:58:31.188  5148  5495 D InputReader: Input event(7): value=1 when=133371816977000
07-16 20:58:31.188  5148  5495 I InputReader: Touch event's action is 0x0 (deviceType=0) [pCnt=1, s=0.15384 ] when=133371816977000
07-16 20:58:31.190  5148  5494 I InputDispatcher: Delivering touch to (5784): action: 0x0, toolType: 1
07-16 20:58:31.190  5784  5784 D ViewRootImpl@37edf17[NavigationBar]: ViewPostIme pointer 0
07-16 20:58:31.192  5148  9693 D InputDispatcher: Inject key (5784): action=0, eventTime=133371820000000
07-16 20:58:31.195  5148  9693 D API test: getContainerInfo: value is 150,1359085616
07-16 20:58:31.196  5148  9693 D WindowManager: interceptKeyTq s_result=1
07-16 20:58:31.199  5148  5494 D API test: getContainerInfo: value is 150,1359085616
07-16 20:58:31.199  5148  5494 D PersonaManagerService: getKeyguardShowState of user: -1
07-16 20:58:31.199  5148  5494 D PersonaManagerService: getKeyguardShowState() does not exist any showing knox keyguard
07-16 20:58:31.296  5148  5495 D InputReader: Input event(7): value=0 when=133371925557000
07-16 20:58:31.296  5148  5495 D InputReader: Input event(7): value=0 when=133371925557000
07-16 20:58:31.296  5148  5495 I InputReader: Touch event's action is 0x1 (deviceType=0) [pCnt=1, s=] when=133371925557000
07-16 20:58:31.296  5148  5494 I InputDispatcher: Delivering touch to (5784): action: 0x1, toolType: 1
07-16 20:58:31.296  5784  5784 D ViewRootImpl@37edf17[NavigationBar]: ViewPostIme pointer 1
07-16 20:58:31.297  5148  9693 D InputDispatcher: Inject key (5784): action=1, eventTime=133371926000000
07-16 20:58:31.300  5148  9693 D API test: getContainerInfo: value is 150,1359085616
07-16 20:58:31.301  5148  9693 D WindowManager: interceptKeyTq s_result=1
07-16 20:58:31.301  5148  9693 D SamsungPhoneWindowManager: f.b. a = false hd = true eme = false ksno = false id = -1 isDM = false
07-16 20:58:31.301  5148  9693 D SamsungPhoneWindowManager: haptic disabled by policy
07-16 20:58:31.304  5148  5494 D API test: getContainerInfo: value is 150,1359085616
07-16 20:58:31.304  5148  5494 D PersonaManagerService: getKeyguardShowState of user: -1
07-16 20:58:31.304  5148  5494 D PersonaManagerService: getKeyguardShowState() does not exist any showing knox keyguard
07-16 20:58:31.305  5148  5494 D PowerManagerService: [api] [s] userActivity : event: 0 flags: 0 (uid: 1000 pid: 5148) eventTime = 133371934
07-16 20:58:31.307  5784  5784 D Recents : toggleRecentApps
07-16 20:58:31.312  5784  5784 D skia    : approximate: numPoints=2, lengths[1]=1.414214, totalLength=1.414214, segmentPoints[1]=[1.000000,0.000000]
07-16 20:58:31.312  5784  5784 D skia    : approximate: approximation[3]=1.000000, approximation[4]=1.000000, approximation[5]=0.000000
07-16 20:58:31.312  5784  5784 D skia    : approximate: numPoints=4, lengths[3]=1.686902, totalLength=1.686902, segmentPoints[3]=[1.000000,0.000000]
07-16 20:58:31.312  5784  5784 D skia    : approximate: approximation[9]=1.000000, approximation[10]=1.000000, approximation[11]=0.000000
07-16 20:58:31.312  5784  5784 D skia    : approximate: numPoints=21, lengths[20]=1.179556, totalLength=1.179556, segmentPoints[20]=[1.000000,0.150000]
07-16 20:58:31.312  5784  5784 D skia    : approximate: approximation[60]=1.000000, approximation[61]=1.000000, approximation[62]=0.150000
07-16 20:58:31.312  5784  5784 D skia    : approximate: numPoints=4, lengths[3]=1.162570, totalLength=1.162570, segmentPoints[3]=[1.000000,0.250000]
07-16 20:58:31.312  5784  5784 D skia    : approximate: approximation[9]=1.000000, approximation[10]=1.000000, approximation[11]=0.250000
07-16 20:58:31.312  5784  5784 D RecentsImpl: startRecentsActivity - hideMenuEvent
07-16 20:58:31.313  5784  5784 D SystemServicesProxy: sendCloseSystemWindows: reason=recentapps
07-16 20:58:31.319  5148  9693 I ActivityManager: START u0 {act=null typ=null flg=0x10804000 cmp=ComponentInfo{com.android.systemui/com.android.systemui.recents.RecentsActivity}} from uid 10006
07-16 20:58:31.324  5148  9693 D CustomFrequencyManagerService: acquireDVFSLockLocked : type : DVFS_MIN_LIMIT  frequency : 1937000  uid : 1000  pid : 5148  pkgName : AMS_ACT_START@CPU_MIN@15
07-16 20:58:31.327  5148  9693 D ActivityManagerPerformance: AMP_acquire() ACT_START
07-16 20:58:31.330  5148  5148 D CodecSolution: MultiWindowEventListener::onMultiWindowFocusChanged(5)
07-16 20:58:31.330  5148  5148 D MdnieScenarioControlService: Listener Real Multi Window State : true
07-16 20:58:31.330  5148  5148 D CS_HdrController: MultiWindowEventListener::onFocusStackChanged(5)
07-16 20:58:31.332  6814  6814 V Launcher: Launcher.onPause()
07-16 20:58:31.333  5148  9693 D ActivityManager: isScaleDownAnimationEnabled() : false
07-16 20:58:31.334  5148  9693 D PersonaManagerService: Current focused persona service handled id set to : 0
07-16 20:58:31.334  5148  9693 D InputDispatcher: Focused application set to: xxxx
07-16 20:58:31.334  5148  9693 D InputDispatcher: Focus left window: 6814
07-16 20:58:31.339  5148  9693 V WindowManager: rotationForOrientationLw(orient=-1, last=0); user=0  sensorRotation=-1 mLidState=-1 mDockMode=0 mHdmiPlugged=false
07-16 20:58:31.341  5148  5588 D GameManagerService: handleForegroundChange(). pkgName: com.android.systemui, clsName: com.android.systemui.recents.RecentsActivity,FgActivityName:com.android.systemui/.recents.RecentsActivity
07-16 20:58:31.341  5148  5588 D GameManagerService: sem_perfomance_mode: 0
07-16 20:58:31.341  5148  5588 D GameManagerService: notifyResumePause(). pkg: com.android.systemui, type: 4, isMinimized: false, isTunableApp: false
07-16 20:58:31.341  5148  5588 D GameManagerService:   notifyResumePause(). do nothing. mKillNotiCount: 3
07-16 20:58:31.341  5148  9693 D MARsPolicyManager: onPackageResumedFG pkgName = com.android.systemui, userId = 0
07-16 20:58:31.345  5958  5958 D WallpaperService: updateSurface forceRelayout=true redrawNeeded=false myWidth=-1 myHeight=-1 fixedSize=false x = 0 y = 0 mWidth=-1 mHeight=-1 mIsSleepMode=false
07-16 20:58:31.345  5784  6159 D SystemServicesProxy: startRecentsActivity for UserHandle{-2} done.
07-16 20:58:31.345  5148  5148 D CS_HdrController: updateMultiWindowState : 0
07-16 20:58:31.346  5148  5148 D MdnieScenarioControlService: Listener Real Multi Window State : true
07-16 20:58:31.347  5148  6655 I ActivityManager: KPU : put [com.samsung.android.da.daagent] : 7809 K
07-16 20:58:31.347  5148  5425 V WindowManager: Relayout Window{64fd77d u0 com.android.systemui.infinity.InfinityWallpaperBlack}: viewVisibility=0 req=-1x-1 WM.LayoutParams{(0,0)(fillxfill) gr=#800033 ty=2013 fl=#10318 pfl=0x4 fmt=2 wanim=0x103030e colorMode=0 naviIconColor=0 sfl=0x8}
07-16 20:58:31.347  5148  6655 I ActivityManager: Killing 23445:com.samsung.android.da.daagent/1000 (adj 906): DHA:empty #33
07-16 20:58:31.348  6814  6814 D ViewRootImpl@3decd18[LauncherActivity]: MSG_WINDOW_FOCUS_CHANGED 0
07-16 20:58:31.354  5784  5784 E MoreInfoHPW_View: Parent view is not a TextView
07-16 20:58:31.355  5784  6159 D SystemServicesProxy: sendCloseSystemWindows: done.
07-16 20:58:31.357  5784  6204 D vol.VolumeDialogControl: onReceive ACTION_CLOSE_SYSTEM_DIALOGS
07-16 20:58:31.358  5148  5148 D InputMethodManagerService: isImeSwitcherDisabledPackage : false
07-16 20:58:31.358  5784  6199 D LocationControllerImpl: onReceive() = android.intent.action.CLOSE_SYSTEM_DIALOGS
07-16 20:58:31.359  6814  6814 D StageManager: saved stages : inStack [1] , outStack[2]
07-16 20:58:31.360  6239  6239 I SemPersonaManager: SecureFolder personaId = 150
07-16 20:58:31.360 14994 14994 I PeopleStripeService: mPeopleVisibleControlReceiver action: android.intent.action.CLOSE_SYSTEM_DIALOGS
07-16 20:58:31.360 14994 14994 I PeopleStripeWindow: updateWindowParam : minimize=true,mLastMinimized=true,color0 blur true
07-16 20:58:31.362 14994 14994 D PeopleStripeVisibilityController: setEmoHistory enable=false
07-16 20:58:31.363 14994 14994 I PeopleStripeVisibilityController: getComputedTrayVisible : keyguardState = 1
07-16 20:58:31.363 14994 14994 I PeopleStripeVisibilityController: isVisibleByAlwaysOn : mState = 1
07-16 20:58:31.363 14994 14994 E PeopleStripeProcessMonitor: getTopActivity : MultiWindowFacade.taskList = null
07-16 20:58:31.364  5784  5784 D AnalyticUtils: sendScreenViewLog 505
07-16 20:58:31.364 14994 14994 I PeopleStripeProcessMonitor: isPeopleStripeTask packageName = com.android.systemui 0
07-16 20:58:31.364 14994 14994 E PeopleStripeProcessMonitor: getTopActivity : MultiWindowFacade.taskList = null
07-16 20:58:31.365 14994 14994 I PeopleStripeVisibilityController: updateStripeVisible : State 1 visible = 1
07-16 20:58:31.365 14994 14994 I PeopleHandlerManager: isExistVisibleHandler false
07-16 20:58:31.365 14994 14994 I PeopleStripeWindow: updateWindowParam : minimize=true,mLastMinimized=true,color0 blur true
07-16 20:58:31.365  5784  5784 D EmRecentsManager: Activate EmRecentsManager with RecentsView
07-16 20:58:31.365  5784  5784 V EmRecentsManager: updateScreenState: Recents
07-16 20:58:31.366  5148  5425 D ActivityManager: post active user change for 0 fullscreen true isHomeActivity() false
07-16 20:58:31.366  5148  5425 D PersonaManagerService: getKeyguardShowState of user: -1
07-16 20:58:31.366  5148  5425 D PersonaManagerService: getKeyguardShowState() does not exist any showing knox keyguard
07-16 20:58:31.366  5784  5784 D skia    : approximate: numPoints=2, lengths[1]=1.414214, totalLength=1.414214, segmentPoints[1]=[1.000000,0.000000]
07-16 20:58:31.366  5784  5784 D skia    : approximate: approximation[3]=1.000000, approximation[4]=1.000000, approximation[5]=0.000000
07-16 20:58:31.366  5784  5784 D skia    : approximate: numPoints=4, lengths[3]=1.593558, totalLength=1.593558, segmentPoints[3]=[1.000000,0.000000]
07-16 20:58:31.366  5784  5784 D skia    : approximate: approximation[9]=1.000000, approximation[10]=1.000000, approximation[11]=0.000000
07-16 20:58:31.366  5784  5784 D skia    : approximate: numPoints=21, lengths[20]=1.175646, totalLength=1.175646, segmentPoints[20]=[1.000000,0.150000]
07-16 20:58:31.366  5784  5784 D skia    : approximate: approximation[60]=1.000000, approximation[61]=1.000000, approximation[62]=0.150000
07-16 20:58:31.366  5784  5784 D skia    : approximate: numPoints=4, lengths[3]=1.162570, totalLength=1.162570, segmentPoints[3]=[1.000000,0.250000]
07-16 20:58:31.366  5784  5784 D skia    : approximate: approximation[9]=1.000000, approximation[10]=1.000000, approximation[11]=0.250000
07-16 20:58:31.366  5784  5784 D skia    : approximate: numPoints=2, lengths[1]=1.414214, totalLength=1.414214, segmentPoints[1]=[1.000000,0.000000]
07-16 20:58:31.366  5784  5784 D skia    : approximate: approximation[3]=1.000000, approximation[4]=1.000000, approximation[5]=0.000000
07-16 20:58:31.366  5784  5784 D skia    : approximate: numPoints=4, lengths[3]=1.593558, totalLength=1.593558, segmentPoints[3]=[1.000000,0.000000]
07-16 20:58:31.366  5784  5784 D skia    : approximate: approximation[9]=1.000000, approximation[10]=1.000000, approximation[11]=0.000000
07-16 20:58:31.366  5784  5784 D skia    : approximate: numPoints=21, lengths[20]=1.175646, totalLength=1.175646, segmentPoints[20]=[1.000000,0.150000]
07-16 20:58:31.366  5784  5784 D skia    : approximate: approximation[60]=1.000000, approximation[61]=1.000000, approximation[62]=0.150000
07-16 20:58:31.366  5784  5784 D skia    : approximate: numPoints=4, lengths[3]=1.162570, totalLength=1.162570, segmentPoints[3]=[1.000000,0.250000]
07-16 20:58:31.367  5784  5784 D skia    : approximate: approximation[9]=1.000000, approximation[10]=1.000000, approximation[11]=0.250000
07-16 20:58:31.367 14994 14994 D PeopleStripeVisibilityController: setEmoHistory enable=false
07-16 20:58:31.367 14994 14994 I PeopleStripeVisibilityController: getComputedTrayVisible : keyguardState = 1
07-16 20:58:31.367 14994 14994 I PeopleStripeVisibilityController: isVisibleByAlwaysOn : mState = 1
07-16 20:58:31.367  5148  6655 V WindowManager: Relayout Window{f0ba6fb u0 com.android.systemui/com.android.systemui.recents.RecentsActivity}: viewVisibility=0 req=2220x1080 WM.LayoutParams{(0,0)(fillxfill) sim=#120 ty=1 fl=#89910500 pfl=0x24040 fmt=-3 vsysui=0x700 needsMenuKey=2 colorMode=0 naviIconColor=0}
07-16 20:58:31.367 14994 14994 E PeopleStripeProcessMonitor: getTopActivity : MultiWindowFacade.taskList = null
07-16 20:58:31.368  3324  3324 I SurfaceFlinger: id=1769 createSurf (1080x2220),1 flag=4, com.android.systemui/com.android.systemui.recents.RecentsActivity#0
07-16 20:58:31.369  5148  6655 V Surface : sf_framedrop debug : 0x4f4c, game : false, logging : 0
07-16 20:58:31.370  5148  5184 D WindowManager: set systemUiVisibility : systemUiFlags= 0x8708 fullscreenStackSysUiFlags= 0x0
07-16 20:58:31.372  6814  6814 I Launcher: onWindowVisibilityChanged : false
07-16 20:58:31.374  6814  7099 D OpenGLRenderer: eglDestroySurface = 0x7bf025a7b0
07-16 20:58:31.379  5148  6655 D InputDispatcher: Focus entered window: 5784
07-16 20:58:31.380  5784  5784 V Surface : sf_framedrop debug : 0x4f4c, game : false, logging : 0
07-16 20:58:31.380 14994 14994 I PeopleStripeProcessMonitor: isPeopleStripeTask packageName = com.android.systemui 0
07-16 20:58:31.380  5784  5784 D ViewRootImpl@61dc0ac[RecentsActivity]: Relayout returned: old=[0,0][2220,1080] new=[0,0][1080,2220] result=0x7 surface={valid=true 500064997376} changed=true
07-16 20:58:31.380 14994 14994 E PeopleStripeProcessMonitor: getTopActivity : MultiWindowFacade.taskList = null
07-16 20:58:31.380  5148  5163 V WindowManager: Relayout Window{2b881d8 u0 com.sec.android.app.launcher/com.sec.android.app.launcher.activities.LauncherActivity}: viewVisibility=4 req=1080x2220 WM.LayoutParams{(0,0)(fillxfill) sim=#130 ty=1 fl=#81910d00 pfl=0x20000 fmt=-2 wanim=0x10302ea vsysui=0x700 needsMenuKey=2 colorMode=0 dimDuration=100 naviIconColor=0}
07-16 20:58:31.383 14994 14994 I PeopleStripeVisibilityController: updateStripeVisible : State 1 visible = 1
07-16 20:58:31.383 14994 14994 I PeopleHandlerManager: isExistVisibleHandler false
07-16 20:58:31.383 14994 14994 D AbstractProxyReflection: Equals method 
07-16 20:58:31.384  5148  6655 V SystemKeyManager: requestSystemKeyEvent() is called keyCode = 3 componentName = ComponentInfo{com.samsung.android.service.peoplestripe/com.samsung.android.service.peoplestripe.PeopleStripeService} request = false
07-16 20:58:31.384  6814  6814 D ViewRootImpl@3decd18[LauncherActivity]: Relayout returned: old=[0,0][1080,2220] new=[0,0][1080,2220] result=0x5 surface={valid=false 0} changed=true
07-16 20:58:31.385  5784  6233 D mali_winsys: EGLint new_window_surface(egl_winsys_display *, void *, EGLSurface, EGLConfig, egl_winsys_surface **, egl_color_buffer_format *, EGLBoolean) returns 0x3000,  [1080x2220]-format:1
07-16 20:58:31.385  5784  6233 D OpenGLRenderer: eglCreateWindowSurface = 0x74867f35f0
07-16 20:58:31.386  5784  5784 D skia    : approximate: numPoints=2, lengths[1]=1.414214, totalLength=1.414214, segmentPoints[1]=[1.000000,0.000000]
07-16 20:58:31.386  5784  5784 D skia    : approximate: approximation[3]=1.000000, approximation[4]=1.000000, approximation[5]=0.000000
07-16 20:58:31.386  5784  5784 D skia    : approximate: numPoints=4, lengths[3]=1.686902, totalLength=1.686902, segmentPoints[3]=[1.000000,0.000000]
07-16 20:58:31.386  5784  5784 D skia    : approximate: approximation[9]=1.000000, approximation[10]=1.000000, approximation[11]=0.000000
07-16 20:58:31.386  5784  5784 D skia    : approximate: numPoints=21, lengths[20]=1.179556, totalLength=1.179556, segmentPoints[20]=[1.000000,0.150000]
07-16 20:58:31.386  5784  5784 D skia    : approximate: approximation[60]=1.000000, approximation[61]=1.000000, approximation[62]=0.150000
07-16 20:58:31.386  5784  5784 D skia    : approximate: numPoints=4, lengths[3]=1.162570, totalLength=1.162570, segmentPoints[3]=[1.000000,0.250000]
07-16 20:58:31.386  5784  5784 D skia    : approximate: approximation[9]=1.000000, approximation[10]=1.000000, approximation[11]=0.250000
07-16 20:58:31.386  5784  5784 D skia    : approximate: numPoints=2, lengths[1]=1.414214, totalLength=1.414214, segmentPoints[1]=[1.000000,0.000000]
07-16 20:58:31.386  5784  5784 D skia    : approximate: approximation[3]=1.000000, approximation[4]=1.000000, approximation[5]=0.000000
07-16 20:58:31.386  5784  5784 D skia    : approximate: numPoints=4, lengths[3]=1.686902, totalLength=1.686902, segmentPoints[3]=[1.000000,0.000000]
07-16 20:58:31.386  5784  5784 D skia    : approximate: approximation[9]=1.000000, approximation[10]=1.000000, approximation[11]=0.000000
07-16 20:58:31.386  5784  5784 D skia    : approximate: numPoints=21, lengths[20]=1.179556, totalLength=1.179556, segmentPoints[20]=[1.000000,0.150000]
07-16 20:58:31.386  5784  5784 D skia    : approximate: approximation[60]=1.000000, approximation[61]=1.000000, approximation[62]=0.150000
07-16 20:58:31.387  5784  5784 D skia    : approximate: numPoints=4, lengths[3]=1.162570, totalLength=1.162570, segmentPoints[3]=[1.000000,0.250000]
07-16 20:58:31.387  5784  5784 D skia    : approximate: approximation[9]=1.000000, approximation[10]=1.000000, approximation[11]=0.250000
07-16 20:58:31.389  5784  5784 D KeyguardUpdateMonitor: received broadcast android.intent.action.CLOSE_SYSTEM_DIALOGS
07-16 20:58:31.389  5784  5784 D Tile.AirplaneModeTile: onReceive: android.intent.action.CLOSE_SYSTEM_DIALOGS mSimCount 0
07-16 20:58:31.389  5784  5784 D Tile.MobileDataTile: action:android.intent.action.CLOSE_SYSTEM_DIALOGS
07-16 20:58:31.389  5784  5784 D vol.SecVolumeDialogImpl: dismissH reason: 2
07-16 20:58:31.389  5784  5784 D PopupUI : PopupUIReceiver.onReceive() action : android.intent.action.CLOSE_SYSTEM_DIALOGS
07-16 20:58:31.389  5784  5784 D PopupUI.PopupUINotifications: dismissAlertDialogs()
07-16 20:58:31.389  5784  5784 D BrightnessMirror: hideMirror cancelled since it's not visible
07-16 20:58:31.389  5784  5784 D GlobalActionsDialog: mBroadcastReceiver : onReceive : android.intent.action.CLOSE_SYSTEM_DIALOGS
07-16 20:58:31.389  5784  5784 D GlobalActionsDialog: mBroadcastReceiver : onReceive : MESSAGE_DISMISS
07-16 20:58:31.390  5784  5784 D ViewRootImpl@61dc0ac[RecentsActivity]: MSG_RESIZED_REPORT: frame=Rect(0, 0 - 1080, 2220) ci=Rect(0, 0 - 0, 126) vi=Rect(0, 63 - 0, 126) or=1
07-16 20:58:31.390  5784  5784 D ViewRootImpl@61dc0ac[RecentsActivity]: MSG_WINDOW_FOCUS_CHANGED 1
07-16 20:58:31.390  6077 18931 D ForegroundUtils: could not check pending caller
07-16 20:58:31.390  5784  5891 D SamsungAnalytics: [DLC Sender] send result success : 0
07-16 20:58:31.390  5784  5784 V InputMethodManager: Starting input: tba=android.view.inputmethod.EditorInfo@ae70b0d nm : com.android.systemui ic=null
07-16 20:58:31.390  5784  5784 I InputMethodManager: startInputInner - mService.startInputOrWindowGainedFocus
07-16 20:58:31.390  5148  6655 D InputMethodManagerService: startInputOrWindowGainedFocus : windowGainedFocus 
07-16 20:58:31.390  5148  6655 D PersonaManagerService: getKeyguardShowState of user: 150
07-16 20:58:31.390  5148  6655 D InputMethodManagerService: windowGainedFocus: destinationUserId (getCallingUid) = 0
07-16 20:58:31.390  5148  6655 D InputMethodManagerService: windowGainedFocus: currentUserId=0
07-16 20:58:31.390  5148  6655 D InputMethodManagerService: windowGainedFocus: mCurrentFocusedUserId=0
07-16 20:58:31.390  5148  6655 D PersonaManagerService: getKeyguardShowState of user: 150
07-16 20:58:31.390  5148  6655 D InputMethodManagerService: windowGainedFocus : lock - currentUserId = 0 destinationUserId = 0
07-16 20:58:31.390  5148  6655 D InputMethodManagerService: windowGainedFocus : mCurrentFocusedUserId - 0 and mSecureKeypadEnabled - false, userSwitched - false
07-16 20:58:31.391  5148  6655 V InputMethodManagerService: windowGainedFocus : reason=WINDOW_FOCUS_GAIN client=android.os.BinderProxy@f4595c6 inputContext=null missingMethods= attribute=android.view.inputmethod.EditorInfo@51aa6df nm = com.android.systemui controlFlags=#100 softInputMode=#120 windowFlags=#89910500
07-16 20:58:31.391  5148  6655 V InputMethodManagerService: hideCurrentInputLocked : shouldHideSoftInput is false
07-16 20:58:31.391  5148  6655 D InputMethodManagerService: isImeSwitcherDisabledPackage : false
07-16 20:58:31.391  5148  6655 D InputMethodManagerService: setCurrentInputInfo - inputContext : null eidtorInfo : android.view.inputmethod.EditorInfo@51aa6df missingMethods : 0
